분절 출처: auto_best_test.json (500문장), 소스 띄어쓰기 True
[de] unsegmented      BLEU  44.10  chrF2  69.11  k  1.00  laal 20.36
[de] auto_T4          BLEU  24.20  chrF2  58.68  k  5.09  laal  3.04
[de] auto_T6          BLEU  31.70  chrF2  63.06  k  3.42  laal  4.32
[de] auto_T8          BLEU  35.16  chrF2  65.10  k  2.61  laal  5.33
[de] auto_T12         BLEU  37.92  chrF2  66.56  k  2.08  laal  6.24
[de] mechanical_8     BLEU   2.59  chrF2  34.48  k 15.70  laal  1.57
[de] gtx 컨텍스트 줄수 불일치 1건 → /home/mobility/STiTy/core/meaning_segmentator/runs/en-multi/clean500/bleu/de.json
[ja] unsegmented      BLEU  41.61  chrF2  48.25  k  1.00  laal 20.36
[ja] auto_T4          BLEU  20.86  chrF2  32.45  k  5.09  laal  7.49
[ja] auto_T6          BLEU  27.96  chrF2  37.87  k  3.42  laal  8.26
[ja] auto_T8          BLEU  32.77  chrF2  41.49  k  2.61  laal  8.79
[ja] auto_T12         BLEU  35.45  chrF2  43.60  k  2.08  laal  9.22
[ja] mechanical_8     BLEU   3.19  chrF2  13.37  k 15.70  laal  7.39
[ja] gtx 컨텍스트 줄수 불일치 1건 → /home/mobility/STiTy/core/meaning_segmentator/runs/en-multi/clean500/bleu/ja.json
[zh] unsegmented      BLEU  49.76  chrF2  44.09  k  1.00  laal 20.36
[zh] auto_T4          BLEU  33.78  chrF2  29.46  k  5.09  laal  6.09
[zh] auto_T6          BLEU  39.31  chrF2  34.37  k  3.42  laal  7.03
[zh] auto_T8          BLEU  42.76  chrF2  37.48  k  2.61  laal  7.71
[zh] auto_T12         BLEU  45.50  chrF2  40.01  k  2.08  laal  8.29
[zh] mechanical_8     BLEU   6.97  chrF2  10.51  k 15.70  laal  3.86
[zh] gtx 컨텍스트 줄수 불일치 1건 → /home/mobility/STiTy/core/meaning_segmentator/runs/en-multi/clean500/bleu/zh.json

/home/mobility/STiTy/core/meaning_segmentator/runs/en-multi/clean500/bleu/report.md
