/home/mobility/STiTy/.venv-autoseg/lib/python3.10/site-packages/torchmetrics/utilities/imports.py:23: UserWarning: pkg_resources is deprecated as an API. See https://setuptools.pypa.io/en/latest/pkg_resources.html. The pkg_resources package is slated for removal as early as 2025-11-30. Refrain from using this package or pin to Setuptools<81.
  from pkg_resources import DistributionNotFound, get_distribution
Encoder model frozen.
/home/mobility/STiTy/.venv-autoseg/lib/python3.10/site-packages/pytorch_lightning/core/saving.py:197: Found keys that are not in the model state dict but in the checkpoint: ['encoder.model.embeddings.position_ids']
/home/mobility/STiTy/.venv-autoseg/lib/python3.10/site-packages/pytorch_lightning/utilities/_pytree.py:21: `isinstance(treespec, LeafSpec)` is deprecated, use `isinstance(treespec, TreeSpec) and treespec.is_leaf()` instead.
Device set to use cuda:0
/home/mobility/STiTy/.venv-autoseg/lib/python3.10/site-packages/pytorch_lightning/utilities/_pytree.py:21: `isinstance(treespec, LeafSpec)` is deprecated, use `isinstance(treespec, TreeSpec) and treespec.is_leaf()` instead.
Some weights of the model checkpoint at joeddav/xlm-roberta-large-xnli were not used when initializing XLMRobertaForSequenceClassification: ['roberta.pooler.dense.bias', 'roberta.pooler.dense.weight']
- This IS expected if you are initializing XLMRobertaForSequenceClassification from the checkpoint of a model trained on another task or with another architecture (e.g. initializing a BertForSequenceClassification model from a BertForPreTraining model).
- This IS NOT expected if you are initializing XLMRobertaForSequenceClassification from the checkpoint of a model that you expect to be exactly identical (initializing a BertForSequenceClassification model from a BertForSequenceClassification model).
Device set to use cuda:0
/home/mobility/STiTy/.venv-autoseg/lib/python3.10/site-packages/pytorch_lightning/utilities/_pytree.py:21: `isinstance(treespec, LeafSpec)` is deprecated, use `isinstance(treespec, TreeSpec) and treespec.is_leaf()` instead.
Device set to use cuda:0
/home/mobility/STiTy/.venv-autoseg/lib/python3.10/site-packages/pytorch_lightning/utilities/_pytree.py:21: `isinstance(treespec, LeafSpec)` is deprecated, use `isinstance(treespec, TreeSpec) and treespec.is_leaf()` instead.
Encoder model frozen.
/home/mobility/STiTy/.venv-autoseg/lib/python3.10/site-packages/pytorch_lightning/core/saving.py:197: Found keys that are not in the model state dict but in the checkpoint: ['encoder.model.embeddings.position_ids']
/home/mobility/STiTy/.venv-autoseg/lib/python3.10/site-packages/pytorch_lightning/utilities/_pytree.py:21: `isinstance(treespec, LeafSpec)` is deprecated, use `isinstance(treespec, TreeSpec) and treespec.is_leaf()` instead.
Korean    T=6   laal 4.689 adq 0.8445 | mdeberta-xnli: cons 0.7871 contra 0.0948 eff 0.7638  xlmr-xnli: cons 0.9512 contra 0.0109 eff 0.8355  xlmr-anli: cons 0.7683 contra 0.0983 eff 0.7620  | comet 0.8623
/home/mobility/STiTy/.venv-autoseg/lib/python3.10/site-packages/pytorch_lightning/utilities/_pytree.py:21: `isinstance(treespec, LeafSpec)` is deprecated, use `isinstance(treespec, TreeSpec) and treespec.is_leaf()` instead.
/home/mobility/STiTy/.venv-autoseg/lib/python3.10/site-packages/pytorch_lightning/utilities/_pytree.py:21: `isinstance(treespec, LeafSpec)` is deprecated, use `isinstance(treespec, TreeSpec) and treespec.is_leaf()` instead.
/home/mobility/STiTy/.venv-autoseg/lib/python3.10/site-packages/pytorch_lightning/utilities/_pytree.py:21: `isinstance(treespec, LeafSpec)` is deprecated, use `isinstance(treespec, TreeSpec) and treespec.is_leaf()` instead.
/home/mobility/STiTy/.venv-autoseg/lib/python3.10/site-packages/pytorch_lightning/utilities/_pytree.py:21: `isinstance(treespec, LeafSpec)` is deprecated, use `isinstance(treespec, TreeSpec) and treespec.is_leaf()` instead.
/home/mobility/STiTy/.venv-autoseg/lib/python3.10/site-packages/pytorch_lightning/utilities/_pytree.py:21: `isinstance(treespec, LeafSpec)` is deprecated, use `isinstance(treespec, TreeSpec) and treespec.is_leaf()` instead.
Korean    T=8   laal 5.711 adq 0.8562 | mdeberta-xnli: cons 0.7642 contra 0.0928 eff 0.7763  xlmr-xnli: cons 0.9548 contra 0.0072 eff 0.8502  xlmr-anli: cons 0.7981 contra 0.0703 eff 0.7965  | comet 0.8952
/home/mobility/STiTy/.venv-autoseg/lib/python3.10/site-packages/pytorch_lightning/utilities/_pytree.py:21: `isinstance(treespec, LeafSpec)` is deprecated, use `isinstance(treespec, TreeSpec) and treespec.is_leaf()` instead.
/home/mobility/STiTy/.venv-autoseg/lib/python3.10/site-packages/pytorch_lightning/utilities/_pytree.py:21: `isinstance(treespec, LeafSpec)` is deprecated, use `isinstance(treespec, TreeSpec) and treespec.is_leaf()` instead.
/home/mobility/STiTy/.venv-autoseg/lib/python3.10/site-packages/pytorch_lightning/utilities/_pytree.py:21: `isinstance(treespec, LeafSpec)` is deprecated, use `isinstance(treespec, TreeSpec) and treespec.is_leaf()` instead.
/home/mobility/STiTy/.venv-autoseg/lib/python3.10/site-packages/pytorch_lightning/utilities/_pytree.py:21: `isinstance(treespec, LeafSpec)` is deprecated, use `isinstance(treespec, TreeSpec) and treespec.is_leaf()` instead.
/home/mobility/STiTy/.venv-autoseg/lib/python3.10/site-packages/pytorch_lightning/utilities/_pytree.py:21: `isinstance(treespec, LeafSpec)` is deprecated, use `isinstance(treespec, TreeSpec) and treespec.is_leaf()` instead.
Korean    T=12  laal 6.832 adq 0.8622 | mdeberta-xnli: cons 0.7676 contra 0.0763 eff 0.7962  xlmr-xnli: cons 0.9679 contra 0.0018 eff 0.8606  xlmr-anli: cons 0.8195 contra 0.0780 eff 0.7960  | comet 0.9204
/home/mobility/STiTy/.venv-autoseg/lib/python3.10/site-packages/pytorch_lightning/utilities/_pytree.py:21: `isinstance(treespec, LeafSpec)` is deprecated, use `isinstance(treespec, TreeSpec) and treespec.is_leaf()` instead.
You seem to be using the pipelines sequentially on GPU. In order to maximize efficiency please use a dataset
/home/mobility/STiTy/.venv-autoseg/lib/python3.10/site-packages/pytorch_lightning/utilities/_pytree.py:21: `isinstance(treespec, LeafSpec)` is deprecated, use `isinstance(treespec, TreeSpec) and treespec.is_leaf()` instead.
/home/mobility/STiTy/.venv-autoseg/lib/python3.10/site-packages/pytorch_lightning/utilities/_pytree.py:21: `isinstance(treespec, LeafSpec)` is deprecated, use `isinstance(treespec, TreeSpec) and treespec.is_leaf()` instead.
/home/mobility/STiTy/.venv-autoseg/lib/python3.10/site-packages/pytorch_lightning/utilities/_pytree.py:21: `isinstance(treespec, LeafSpec)` is deprecated, use `isinstance(treespec, TreeSpec) and treespec.is_leaf()` instead.
/home/mobility/STiTy/.venv-autoseg/lib/python3.10/site-packages/pytorch_lightning/utilities/_pytree.py:21: `isinstance(treespec, LeafSpec)` is deprecated, use `isinstance(treespec, TreeSpec) and treespec.is_leaf()` instead.
Chinese   T=6   laal 4.204 adq 0.7940 | mdeberta-xnli: cons 0.7911 contra 0.0830 eff 0.7278  xlmr-xnli: cons 0.9720 contra 0.0157 eff 0.7814  xlmr-anli: cons 0.8364 contra 0.0735 eff 0.7364  | comet 0.8653
/home/mobility/STiTy/.venv-autoseg/lib/python3.10/site-packages/pytorch_lightning/utilities/_pytree.py:21: `isinstance(treespec, LeafSpec)` is deprecated, use `isinstance(treespec, TreeSpec) and treespec.is_leaf()` instead.
/home/mobility/STiTy/.venv-autoseg/lib/python3.10/site-packages/pytorch_lightning/utilities/_pytree.py:21: `isinstance(treespec, LeafSpec)` is deprecated, use `isinstance(treespec, TreeSpec) and treespec.is_leaf()` instead.
/home/mobility/STiTy/.venv-autoseg/lib/python3.10/site-packages/pytorch_lightning/utilities/_pytree.py:21: `isinstance(treespec, LeafSpec)` is deprecated, use `isinstance(treespec, TreeSpec) and treespec.is_leaf()` instead.
/home/mobility/STiTy/.venv-autoseg/lib/python3.10/site-packages/pytorch_lightning/utilities/_pytree.py:21: `isinstance(treespec, LeafSpec)` is deprecated, use `isinstance(treespec, TreeSpec) and treespec.is_leaf()` instead.
/home/mobility/STiTy/.venv-autoseg/lib/python3.10/site-packages/pytorch_lightning/utilities/_pytree.py:21: `isinstance(treespec, LeafSpec)` is deprecated, use `isinstance(treespec, TreeSpec) and treespec.is_leaf()` instead.
Chinese   T=8   laal 4.894 adq 0.8125 | mdeberta-xnli: cons 0.7651 contra 0.0976 eff 0.7329  xlmr-xnli: cons 0.9722 contra 0.0110 eff 0.8042  xlmr-anli: cons 0.8509 contra 0.0601 eff 0.7652  | comet 0.8889
/home/mobility/STiTy/.venv-autoseg/lib/python3.10/site-packages/pytorch_lightning/utilities/_pytree.py:21: `isinstance(treespec, LeafSpec)` is deprecated, use `isinstance(treespec, TreeSpec) and treespec.is_leaf()` instead.
/home/mobility/STiTy/.venv-autoseg/lib/python3.10/site-packages/pytorch_lightning/utilities/_pytree.py:21: `isinstance(treespec, LeafSpec)` is deprecated, use `isinstance(treespec, TreeSpec) and treespec.is_leaf()` instead.
/home/mobility/STiTy/.venv-autoseg/lib/python3.10/site-packages/pytorch_lightning/utilities/_pytree.py:21: `isinstance(treespec, LeafSpec)` is deprecated, use `isinstance(treespec, TreeSpec) and treespec.is_leaf()` instead.
/home/mobility/STiTy/.venv-autoseg/lib/python3.10/site-packages/pytorch_lightning/utilities/_pytree.py:21: `isinstance(treespec, LeafSpec)` is deprecated, use `isinstance(treespec, TreeSpec) and treespec.is_leaf()` instead.
/home/mobility/STiTy/.venv-autoseg/lib/python3.10/site-packages/pytorch_lightning/utilities/_pytree.py:21: `isinstance(treespec, LeafSpec)` is deprecated, use `isinstance(treespec, TreeSpec) and treespec.is_leaf()` instead.
Chinese   T=12  laal 5.717 adq 0.8264 | mdeberta-xnli: cons 0.7488 contra 0.0951 eff 0.7475  xlmr-xnli: cons 0.9815 contra 0.0128 eff 0.8165  xlmr-anli: cons 0.8600 contra 0.0791 eff 0.7619  | comet 0.9108
/home/mobility/STiTy/.venv-autoseg/lib/python3.10/site-packages/pytorch_lightning/utilities/_pytree.py:21: `isinstance(treespec, LeafSpec)` is deprecated, use `isinstance(treespec, TreeSpec) and treespec.is_leaf()` instead.
/home/mobility/STiTy/.venv-autoseg/lib/python3.10/site-packages/pytorch_lightning/utilities/_pytree.py:21: `isinstance(treespec, LeafSpec)` is deprecated, use `isinstance(treespec, TreeSpec) and treespec.is_leaf()` instead.
/home/mobility/STiTy/.venv-autoseg/lib/python3.10/site-packages/pytorch_lightning/utilities/_pytree.py:21: `isinstance(treespec, LeafSpec)` is deprecated, use `isinstance(treespec, TreeSpec) and treespec.is_leaf()` instead.
/home/mobility/STiTy/.venv-autoseg/lib/python3.10/site-packages/pytorch_lightning/utilities/_pytree.py:21: `isinstance(treespec, LeafSpec)` is deprecated, use `isinstance(treespec, TreeSpec) and treespec.is_leaf()` instead.
/home/mobility/STiTy/.venv-autoseg/lib/python3.10/site-packages/pytorch_lightning/utilities/_pytree.py:21: `isinstance(treespec, LeafSpec)` is deprecated, use `isinstance(treespec, TreeSpec) and treespec.is_leaf()` instead.
Japanese  T=6   laal 4.038 adq 0.8427 | mdeberta-xnli: cons 0.7944 contra 0.0827 eff 0.7733  xlmr-xnli: cons 0.9834 contra 0.0149 eff 0.8302  xlmr-anli: cons 0.8490 contra 0.0710 eff 0.7835  | comet 0.8669
/home/mobility/STiTy/.venv-autoseg/lib/python3.10/site-packages/pytorch_lightning/utilities/_pytree.py:21: `isinstance(treespec, LeafSpec)` is deprecated, use `isinstance(treespec, TreeSpec) and treespec.is_leaf()` instead.
/home/mobility/STiTy/.venv-autoseg/lib/python3.10/site-packages/pytorch_lightning/utilities/_pytree.py:21: `isinstance(treespec, LeafSpec)` is deprecated, use `isinstance(treespec, TreeSpec) and treespec.is_leaf()` instead.
/home/mobility/STiTy/.venv-autoseg/lib/python3.10/site-packages/pytorch_lightning/utilities/_pytree.py:21: `isinstance(treespec, LeafSpec)` is deprecated, use `isinstance(treespec, TreeSpec) and treespec.is_leaf()` instead.
/home/mobility/STiTy/.venv-autoseg/lib/python3.10/site-packages/pytorch_lightning/utilities/_pytree.py:21: `isinstance(treespec, LeafSpec)` is deprecated, use `isinstance(treespec, TreeSpec) and treespec.is_leaf()` instead.
/home/mobility/STiTy/.venv-autoseg/lib/python3.10/site-packages/pytorch_lightning/utilities/_pytree.py:21: `isinstance(treespec, LeafSpec)` is deprecated, use `isinstance(treespec, TreeSpec) and treespec.is_leaf()` instead.
Japanese  T=8   laal 4.718 adq 0.8568 | mdeberta-xnli: cons 0.7581 contra 0.0819 eff 0.7863  xlmr-xnli: cons 0.9898 contra 0.0163 eff 0.8425  xlmr-anli: cons 0.8420 contra 0.0774 eff 0.7907  | comet 0.8979
/home/mobility/STiTy/.venv-autoseg/lib/python3.10/site-packages/pytorch_lightning/utilities/_pytree.py:21: `isinstance(treespec, LeafSpec)` is deprecated, use `isinstance(treespec, TreeSpec) and treespec.is_leaf()` instead.
/home/mobility/STiTy/.venv-autoseg/lib/python3.10/site-packages/pytorch_lightning/utilities/_pytree.py:21: `isinstance(treespec, LeafSpec)` is deprecated, use `isinstance(treespec, TreeSpec) and treespec.is_leaf()` instead.
/home/mobility/STiTy/.venv-autoseg/lib/python3.10/site-packages/pytorch_lightning/utilities/_pytree.py:21: `isinstance(treespec, LeafSpec)` is deprecated, use `isinstance(treespec, TreeSpec) and treespec.is_leaf()` instead.
/home/mobility/STiTy/.venv-autoseg/lib/python3.10/site-packages/pytorch_lightning/utilities/_pytree.py:21: `isinstance(treespec, LeafSpec)` is deprecated, use `isinstance(treespec, TreeSpec) and treespec.is_leaf()` instead.
/home/mobility/STiTy/.venv-autoseg/lib/python3.10/site-packages/pytorch_lightning/utilities/_pytree.py:21: `isinstance(treespec, LeafSpec)` is deprecated, use `isinstance(treespec, TreeSpec) and treespec.is_leaf()` instead.
Japanese  T=12  laal 5.579 adq 0.8648 | mdeberta-xnli: cons 0.7289 contra 0.0691 eff 0.8048  xlmr-xnli: cons 0.9883 contra 0.0107 eff 0.8553  xlmr-anli: cons 0.8797 contra 0.0725 eff 0.8023  | comet 0.9236
/home/mobility/STiTy/.venv-autoseg/lib/python3.10/site-packages/pytorch_lightning/utilities/_pytree.py:21: `isinstance(treespec, LeafSpec)` is deprecated, use `isinstance(treespec, TreeSpec) and treespec.is_leaf()` instead.
/home/mobility/STiTy/.venv-autoseg/lib/python3.10/site-packages/pytorch_lightning/utilities/_pytree.py:21: `isinstance(treespec, LeafSpec)` is deprecated, use `isinstance(treespec, TreeSpec) and treespec.is_leaf()` instead.
/home/mobility/STiTy/.venv-autoseg/lib/python3.10/site-packages/pytorch_lightning/utilities/_pytree.py:21: `isinstance(treespec, LeafSpec)` is deprecated, use `isinstance(treespec, TreeSpec) and treespec.is_leaf()` instead.
/home/mobility/STiTy/.venv-autoseg/lib/python3.10/site-packages/pytorch_lightning/utilities/_pytree.py:21: `isinstance(treespec, LeafSpec)` is deprecated, use `isinstance(treespec, TreeSpec) and treespec.is_leaf()` instead.
/home/mobility/STiTy/.venv-autoseg/lib/python3.10/site-packages/pytorch_lightning/utilities/_pytree.py:21: `isinstance(treespec, LeafSpec)` is deprecated, use `isinstance(treespec, TreeSpec) and treespec.is_leaf()` instead.
German    T=6   laal 4.499 adq 0.8119 | mdeberta-xnli: cons 0.8386 contra 0.0724 eff 0.7533  xlmr-xnli: cons 0.9804 contra 0.0062 eff 0.8069  xlmr-anli: cons 0.8284 contra 0.1031 eff 0.7289  | comet 0.8505
/home/mobility/STiTy/.venv-autoseg/lib/python3.10/site-packages/pytorch_lightning/utilities/_pytree.py:21: `isinstance(treespec, LeafSpec)` is deprecated, use `isinstance(treespec, TreeSpec) and treespec.is_leaf()` instead.
/home/mobility/STiTy/.venv-autoseg/lib/python3.10/site-packages/pytorch_lightning/utilities/_pytree.py:21: `isinstance(treespec, LeafSpec)` is deprecated, use `isinstance(treespec, TreeSpec) and treespec.is_leaf()` instead.
/home/mobility/STiTy/.venv-autoseg/lib/python3.10/site-packages/pytorch_lightning/utilities/_pytree.py:21: `isinstance(treespec, LeafSpec)` is deprecated, use `isinstance(treespec, TreeSpec) and treespec.is_leaf()` instead.
/home/mobility/STiTy/.venv-autoseg/lib/python3.10/site-packages/pytorch_lightning/utilities/_pytree.py:21: `isinstance(treespec, LeafSpec)` is deprecated, use `isinstance(treespec, TreeSpec) and treespec.is_leaf()` instead.
/home/mobility/STiTy/.venv-autoseg/lib/python3.10/site-packages/pytorch_lightning/utilities/_pytree.py:21: `isinstance(treespec, LeafSpec)` is deprecated, use `isinstance(treespec, TreeSpec) and treespec.is_leaf()` instead.
German    T=8   laal 5.451 adq 0.8263 | mdeberta-xnli: cons 0.8692 contra 0.0629 eff 0.7743  xlmr-xnli: cons 0.9897 contra 0.0061 eff 0.8213  xlmr-anli: cons 0.8829 contra 0.0560 eff 0.7807  | comet 0.8780
/home/mobility/STiTy/.venv-autoseg/lib/python3.10/site-packages/pytorch_lightning/utilities/_pytree.py:21: `isinstance(treespec, LeafSpec)` is deprecated, use `isinstance(treespec, TreeSpec) and treespec.is_leaf()` instead.
/home/mobility/STiTy/.venv-autoseg/lib/python3.10/site-packages/pytorch_lightning/utilities/_pytree.py:21: `isinstance(treespec, LeafSpec)` is deprecated, use `isinstance(treespec, TreeSpec) and treespec.is_leaf()` instead.
/home/mobility/STiTy/.venv-autoseg/lib/python3.10/site-packages/pytorch_lightning/utilities/_pytree.py:21: `isinstance(treespec, LeafSpec)` is deprecated, use `isinstance(treespec, TreeSpec) and treespec.is_leaf()` instead.
/home/mobility/STiTy/.venv-autoseg/lib/python3.10/site-packages/pytorch_lightning/utilities/_pytree.py:21: `isinstance(treespec, LeafSpec)` is deprecated, use `isinstance(treespec, TreeSpec) and treespec.is_leaf()` instead.
/home/mobility/STiTy/.venv-autoseg/lib/python3.10/site-packages/pytorch_lightning/utilities/_pytree.py:21: `isinstance(treespec, LeafSpec)` is deprecated, use `isinstance(treespec, TreeSpec) and treespec.is_leaf()` instead.
German    T=12  laal 6.449 adq 0.8356 | mdeberta-xnli: cons 0.8846 contra 0.0567 eff 0.7883  xlmr-xnli: cons 0.9992 contra 0.0014 eff 0.8344  xlmr-anli: cons 0.9178 contra 0.0358 eff 0.8063  | comet 0.9009
