[alignatt] en→ja, 15430문장
  [ja] 25/15430  14s  ETA 144.5m
  [ja] 50/15430  24s  ETA 121.1m
  [ja] 75/15430  31s  ETA 106.5m
  [ja] 100/15430  40s  ETA 102.0m
  [ja] 125/15430  48s  ETA 97.5m
  [ja] 150/15430  57s  ETA 96.2m
  [ja] 175/15430  65s  ETA 94.6m
  [ja] 200/15430  73s  ETA 93.0m
  [ja] 225/15430  81s  ETA 91.4m
  [ja] 250/15430  90s  ETA 91.4m
  [ja] 275/15430  98s  ETA 89.6m
  [ja] 300/15430  107s  ETA 90.1m
  [ja] 325/15430  115s  ETA 89.4m
  [ja] 350/15430  125s  ETA 89.4m
  [ja] 375/15430  134s  ETA 89.4m
  [ja] 400/15430  142s  ETA 89.0m
  [ja] 425/15430  153s  ETA 89.8m
  [ja] 450/15430  161s  ETA 89.1m
  [ja] 475/15430  169s  ETA 88.8m
  [ja] 500/15430  177s  ETA 88.1m
  [ja] 525/15430  188s  ETA 88.8m
  [ja] 550/15430  194s  ETA 87.6m
  [ja] 575/15430  203s  ETA 87.2m
  [ja] 600/15430  210s  ETA 86.5m
  [ja] 625/15430  220s  ETA 86.8m
  [ja] 650/15430  229s  ETA 86.7m
  [ja] 675/15430  236s  ETA 86.1m
  [ja] 700/15430  246s  ETA 86.3m
  [ja] 725/15430  254s  ETA 86.0m
  [ja] 750/15430  262s  ETA 85.3m
  [ja] 775/15430  269s  ETA 84.9m
  [ja] 800/15430  277s  ETA 84.5m
  [ja] 825/15430  286s  ETA 84.4m
  [ja] 850/15430  294s  ETA 84.0m
  [ja] 875/15430  301s  ETA 83.5m
  [ja] 900/15430  308s  ETA 82.9m
  [ja] 925/15430  315s  ETA 82.4m
  [ja] 950/15430  324s  ETA 82.4m
  [ja] 975/15430  332s  ETA 82.0m
  [ja] 1000/15430  339s  ETA 81.5m
  [ja] 1025/15430  348s  ETA 81.5m
  [ja] 1050/15430  355s  ETA 81.1m
  [ja] 1075/15430  362s  ETA 80.6m
  [ja] 1100/15430  370s  ETA 80.4m
  [ja] 1125/15430  379s  ETA 80.4m
  [ja] 1150/15430  387s  ETA 80.0m
  [ja] 1175/15430  396s  ETA 80.0m
  [ja] 1200/15430  403s  ETA 79.6m
  [ja] 1225/15430  410s  ETA 79.3m
  [ja] 1250/15430  419s  ETA 79.2m
  [ja] 1275/15430  427s  ETA 79.0m
  [ja] 1300/15430  437s  ETA 79.1m
  [ja] 1325/15430  445s  ETA 78.9m
  [ja] 1350/15430  452s  ETA 78.6m
  [ja] 1375/15430  460s  ETA 78.4m
  [ja] 1400/15430  469s  ETA 78.3m
  [ja] 1425/15430  477s  ETA 78.1m
  [ja] 1450/15430  485s  ETA 78.0m
  [ja] 1475/15430  493s  ETA 77.8m
  [ja] 1500/15430  501s  ETA 77.5m
  [ja] 1525/15430  510s  ETA 77.5m
  [ja] 1550/15430  518s  ETA 77.3m
  [ja] 1575/15430  526s  ETA 77.2m
  [ja] 1600/15430  534s  ETA 76.9m
  [ja] 1625/15430  541s  ETA 76.6m
  [ja] 1650/15430  550s  ETA 76.5m
  [ja] 1675/15430  557s  ETA 76.3m
  [ja] 1700/15430  566s  ETA 76.2m
  [ja] 1725/15430  575s  ETA 76.2m
  [ja] 1750/15430  583s  ETA 75.9m
  [ja] 1775/15430  590s  ETA 75.7m
  [ja] 1800/15430  598s  ETA 75.4m
  [ja] 1825/15430  607s  ETA 75.5m
  [ja] 1850/15430  616s  ETA 75.3m
  [ja] 1875/15430  623s  ETA 75.1m
  [ja] 1900/15430  631s  ETA 74.9m
  [ja] 1925/15430  640s  ETA 74.9m
  [ja] 1950/15430  648s  ETA 74.7m
  [ja] 1975/15430  656s  ETA 74.5m
  [ja] 2000/15430  666s  ETA 74.5m
  [ja] 2025/15430  673s  ETA 74.3m
  [ja] 2050/15430  681s  ETA 74.0m
  [ja] 2075/15430  689s  ETA 73.9m
  [ja] 2100/15430  698s  ETA 73.8m
  [ja] 2125/15430  706s  ETA 73.7m
  [ja] 2150/15430  713s  ETA 73.4m
  [ja] 2175/15430  720s  ETA 73.1m
  [ja] 2200/15430  727s  ETA 72.9m
  [ja] 2225/15430  736s  ETA 72.8m
  [ja] 2250/15430  743s  ETA 72.5m
  [ja] 2275/15430  751s  ETA 72.4m
  [ja] 2300/15430  759s  ETA 72.3m
  [ja] 2325/15430  768s  ETA 72.1m
  [ja] 2350/15430  777s  ETA 72.0m
  [ja] 2375/15430  785s  ETA 71.9m
  [ja] 2400/15430  792s  ETA 71.6m
  [ja] 2425/15430  800s  ETA 71.5m
  [ja] 2450/15430  808s  ETA 71.3m
  [ja] 2475/15430  816s  ETA 71.1m
  [ja] 2500/15430  825s  ETA 71.1m
  [ja] 2525/15430  834s  ETA 71.1m
  [ja] 2550/15430  841s  ETA 70.8m
  [ja] 2575/15430  850s  ETA 70.8m
  [ja] 2600/15430  857s  ETA 70.5m
  [ja] 2625/15430  864s  ETA 70.2m
  [ja] 2650/15430  874s  ETA 70.2m
  [ja] 2675/15430  883s  ETA 70.2m
  [ja] 2700/15430  891s  ETA 70.0m
  [ja] 2725/15430  900s  ETA 69.9m
  [ja] 2750/15430  907s  ETA 69.7m
  [ja] 2775/15430  917s  ETA 69.7m
  [ja] 2800/15430  925s  ETA 69.5m
  [ja] 2825/15430  933s  ETA 69.4m
  [ja] 2850/15430  944s  ETA 69.5m
  [ja] 2875/15430  952s  ETA 69.3m
  [ja] 2900/15430  960s  ETA 69.1m
  [ja] 2925/15430  969s  ETA 69.1m
  [ja] 2950/15430  979s  ETA 69.0m
  [ja] 2975/15430  987s  ETA 68.9m
  [ja] 3000/15430  996s  ETA 68.8m
  [ja] 3025/15430  1003s  ETA 68.6m
  [ja] 3050/15430  1011s  ETA 68.4m
  [ja] 3075/15430  1019s  ETA 68.2m
  [ja] 3100/15430  1028s  ETA 68.1m
  [ja] 3125/15430  1036s  ETA 68.0m
  [ja] 3150/15430  1044s  ETA 67.8m
  [ja] 3175/15430  1053s  ETA 67.7m
  [ja] 3200/15430  1062s  ETA 67.6m
  [ja] 3225/15430  1071s  ETA 67.5m
  [ja] 3250/15430  1080s  ETA 67.5m
  [ja] 3275/15430  1087s  ETA 67.2m
  [ja] 3300/15430  1094s  ETA 67.0m
  [ja] 3325/15430  1103s  ETA 66.9m
  [ja] 3350/15430  1112s  ETA 66.8m
  [ja] 3375/15430  1121s  ETA 66.7m
  [ja] 3400/15430  1127s  ETA 66.5m
  [ja] 3425/15430  1136s  ETA 66.3m
  [ja] 3450/15430  1145s  ETA 66.3m
  [ja] 3475/15430  1153s  ETA 66.1m
  [ja] 3500/15430  1162s  ETA 66.0m
  [ja] 3525/15430  1170s  ETA 65.9m
  [ja] 3550/15430  1179s  ETA 65.7m
  [ja] 3575/15430  1188s  ETA 65.6m
  [ja] 3600/15430  1196s  ETA 65.5m
  [ja] 3625/15430  1205s  ETA 65.4m
  [ja] 3650/15430  1213s  ETA 65.2m
  [ja] 3675/15430  1222s  ETA 65.2m
  [ja] 3700/15430  1229s  ETA 64.9m
  [ja] 3725/15430  1237s  ETA 64.8m
  [ja] 3750/15430  1247s  ETA 64.7m
  [ja] 3775/15430  1254s  ETA 64.5m
  [ja] 3800/15430  1261s  ETA 64.3m
  [ja] 3825/15430  1268s  ETA 64.1m
  [ja] 3850/15430  1277s  ETA 64.0m
  [ja] 3875/15430  1285s  ETA 63.9m
  [ja] 3900/15430  1293s  ETA 63.7m
  [ja] 3925/15430  1303s  ETA 63.6m
  [ja] 3950/15430  1311s  ETA 63.5m
  [ja] 3975/15430  1319s  ETA 63.4m
  [ja] 4000/15430  1329s  ETA 63.3m
  [ja] 4025/15430  1337s  ETA 63.1m
  [ja] 4050/15430  1346s  ETA 63.0m
  [ja] 4075/15430  1354s  ETA 62.9m
  [ja] 4100/15430  1361s  ETA 62.7m
  [ja] 4125/15430  1369s  ETA 62.5m
  [ja] 4150/15430  1377s  ETA 62.4m
  [ja] 4175/15430  1387s  ETA 62.3m
  [ja] 4200/15430  1393s  ETA 62.1m
  [ja] 4225/15430  1399s  ETA 61.8m
  [ja] 4250/15430  1408s  ETA 61.7m
  [ja] 4275/15430  1417s  ETA 61.6m
  [ja] 4300/15430  1425s  ETA 61.5m
  [ja] 4325/15430  1433s  ETA 61.3m
  [ja] 4350/15430  1445s  ETA 61.3m
  [ja] 4375/15430  1453s  ETA 61.2m
  [ja] 4400/15430  1460s  ETA 61.0m
  [ja] 4425/15430  1468s  ETA 60.8m
  [ja] 4450/15430  1478s  ETA 60.8m
  [ja] 4475/15430  1486s  ETA 60.6m
  [ja] 4500/15430  1495s  ETA 60.5m
  [ja] 4525/15430  1502s  ETA 60.3m
  [ja] 4550/15430  1512s  ETA 60.3m
  [ja] 4575/15430  1521s  ETA 60.1m
  [ja] 4600/15430  1529s  ETA 60.0m
  [ja] 4625/15430  1537s  ETA 59.9m
  [ja] 4650/15430  1547s  ETA 59.8m
  [ja] 4675/15430  1554s  ETA 59.6m
  [ja] 4700/15430  1565s  ETA 59.5m
  [ja] 4725/15430  1573s  ETA 59.4m
  [ja] 4750/15430  1580s  ETA 59.2m
  [ja] 4775/15430  1589s  ETA 59.1m
  [ja] 4800/15430  1596s  ETA 58.9m
  [ja] 4825/15430  1605s  ETA 58.8m
  [ja] 4850/15430  1613s  ETA 58.6m
  [ja] 4875/15430  1620s  ETA 58.5m
  [ja] 4900/15430  1628s  ETA 58.3m
  [ja] 4925/15430  1635s  ETA 58.1m
  [ja] 4950/15430  1644s  ETA 58.0m
  [ja] 4975/15430  1652s  ETA 57.8m
  [ja] 5000/15430  1659s  ETA 57.7m
  [ja] 5025/15430  1666s  ETA 57.5m
  [ja] 5050/15430  1675s  ETA 57.4m
  [ja] 5075/15430  1682s  ETA 57.2m
  [ja] 5100/15430  1693s  ETA 57.1m
  [ja] 5125/15430  1701s  ETA 57.0m
  [ja] 5150/15430  1710s  ETA 56.9m
  [ja] 5175/15430  1718s  ETA 56.7m
  [ja] 5200/15430  1725s  ETA 56.6m
  [ja] 5225/15430  1733s  ETA 56.4m
  [ja] 5250/15430  1742s  ETA 56.3m
  [ja] 5275/15430  1751s  ETA 56.2m
  [ja] 5300/15430  1760s  ETA 56.1m
  [ja] 5325/15430  1769s  ETA 55.9m
  [ja] 5350/15430  1777s  ETA 55.8m
  [ja] 5375/15430  1785s  ETA 55.7m
  [ja] 5400/15430  1793s  ETA 55.5m
  [ja] 5425/15430  1802s  ETA 55.4m
  [ja] 5450/15430  1809s  ETA 55.2m
  [ja] 5475/15430  1818s  ETA 55.1m
  [ja] 5500/15430  1826s  ETA 54.9m
  [ja] 5525/15430  1835s  ETA 54.8m
  [ja] 5550/15430  1845s  ETA 54.7m
  [ja] 5575/15430  1853s  ETA 54.6m
  [ja] 5600/15430  1862s  ETA 54.5m
  [ja] 5625/15430  1871s  ETA 54.3m
  [ja] 5650/15430  1878s  ETA 54.2m
  [ja] 5675/15430  1886s  ETA 54.0m
  [ja] 5700/15430  1896s  ETA 53.9m
  [ja] 5725/15430  1903s  ETA 53.8m
  [ja] 5750/15430  1912s  ETA 53.7m
  [ja] 5775/15430  1920s  ETA 53.5m
  [ja] 5800/15430  1929s  ETA 53.4m
  [ja] 5825/15430  1938s  ETA 53.3m
  [ja] 5850/15430  1946s  ETA 53.1m
  [ja] 5875/15430  1952s  ETA 52.9m
  [ja] 5900/15430  1960s  ETA 52.8m
  [ja] 5925/15430  1968s  ETA 52.6m
  [ja] 5950/15430  1976s  ETA 52.5m
  [ja] 5975/15430  1985s  ETA 52.4m
  [ja] 6000/15430  1993s  ETA 52.2m
  [ja] 6025/15430  2002s  ETA 52.1m
  [ja] 6050/15430  2009s  ETA 51.9m
  [ja] 6075/15430  2018s  ETA 51.8m
  [ja] 6100/15430  2024s  ETA 51.6m
  [ja] 6125/15430  2032s  ETA 51.5m
  [ja] 6150/15430  2041s  ETA 51.3m
  [ja] 6175/15430  2051s  ETA 51.2m
  [ja] 6200/15430  2060s  ETA 51.1m
  [ja] 6225/15430  2067s  ETA 51.0m
  [ja] 6250/15430  2078s  ETA 50.9m
  [ja] 6275/15430  2086s  ETA 50.7m
  [ja] 6300/15430  2094s  ETA 50.6m
  [ja] 6325/15430  2103s  ETA 50.5m
  [ja] 6350/15430  2111s  ETA 50.3m
  [ja] 6375/15430  2120s  ETA 50.2m
  [ja] 6400/15430  2127s  ETA 50.0m
  [ja] 6425/15430  2137s  ETA 49.9m
  [ja] 6450/15430  2145s  ETA 49.8m
  [ja] 6475/15430  2154s  ETA 49.6m
  [ja] 6500/15430  2162s  ETA 49.5m
  [ja] 6525/15430  2171s  ETA 49.4m
  [ja] 6550/15430  2178s  ETA 49.2m
  [ja] 6575/15430  2188s  ETA 49.1m
  [ja] 6600/15430  2197s  ETA 49.0m
  [ja] 6625/15430  2210s  ETA 49.0m
  [ja] 6650/15430  2218s  ETA 48.8m
  [ja] 6675/15430  2227s  ETA 48.7m
  [ja] 6700/15430  2237s  ETA 48.6m
  [ja] 6725/15430  2246s  ETA 48.5m
  [ja] 6750/15430  2254s  ETA 48.3m
  [ja] 6775/15430  2264s  ETA 48.2m
  [ja] 6800/15430  2274s  ETA 48.1m
  [ja] 6825/15430  2283s  ETA 48.0m
  [ja] 6850/15430  2291s  ETA 47.8m
  [ja] 6875/15430  2299s  ETA 47.7m
  [ja] 6900/15430  2307s  ETA 47.5m
  [ja] 6925/15430  2316s  ETA 47.4m
  [ja] 6950/15430  2325s  ETA 47.3m
  [ja] 6975/15430  2334s  ETA 47.1m
  [ja] 7000/15430  2341s  ETA 47.0m
  [ja] 7025/15430  2350s  ETA 46.9m
  [ja] 7050/15430  2358s  ETA 46.7m
  [ja] 7075/15430  2367s  ETA 46.6m
  [ja] 7100/15430  2377s  ETA 46.5m
  [ja] 7125/15430  2385s  ETA 46.3m
  [ja] 7150/15430  2394s  ETA 46.2m
  [ja] 7175/15430  2403s  ETA 46.1m
  [ja] 7200/15430  2410s  ETA 45.9m
  [ja] 7225/15430  2418s  ETA 45.8m
  [ja] 7250/15430  2426s  ETA 45.6m
  [ja] 7275/15430  2436s  ETA 45.5m
  [ja] 7300/15430  2444s  ETA 45.4m
  [ja] 7325/15430  2452s  ETA 45.2m
  [ja] 7350/15430  2461s  ETA 45.1m
  [ja] 7375/15430  2470s  ETA 45.0m
  [ja] 7400/15430  2478s  ETA 44.8m
  [ja] 7425/15430  2488s  ETA 44.7m
  [ja] 7450/15430  2496s  ETA 44.6m
  [ja] 7475/15430  2505s  ETA 44.4m
  [ja] 7500/15430  2512s  ETA 44.3m
  [ja] 7525/15430  2521s  ETA 44.1m
  [ja] 7550/15430  2531s  ETA 44.0m
  [ja] 7575/15430  2539s  ETA 43.9m
  [ja] 7600/15430  2547s  ETA 43.7m
  [ja] 7625/15430  2555s  ETA 43.6m
  [ja] 7650/15430  2562s  ETA 43.4m
  [ja] 7675/15430  2571s  ETA 43.3m
  [ja] 7700/15430  2579s  ETA 43.1m
  [ja] 7725/15430  2585s  ETA 43.0m
  [ja] 7750/15430  2594s  ETA 42.8m
  [ja] 7775/15430  2603s  ETA 42.7m
  [ja] 7800/15430  2610s  ETA 42.6m
  [ja] 7825/15430  2619s  ETA 42.4m
  [ja] 7850/15430  2628s  ETA 42.3m
  [ja] 7875/15430  2638s  ETA 42.2m
  [ja] 7900/15430  2647s  ETA 42.0m
  [ja] 7925/15430  2656s  ETA 41.9m
  [ja] 7950/15430  2665s  ETA 41.8m
  [ja] 7975/15430  2673s  ETA 41.6m
  [ja] 8000/15430  2680s  ETA 41.5m
  [ja] 8025/15430  2691s  ETA 41.4m
  [ja] 8050/15430  2699s  ETA 41.2m
  [ja] 8075/15430  2707s  ETA 41.1m
  [ja] 8100/15430  2715s  ETA 41.0m
  [ja] 8125/15430  2725s  ETA 40.8m
  [ja] 8150/15430  2733s  ETA 40.7m
  [ja] 8175/15430  2742s  ETA 40.6m
  [ja] 8200/15430  2751s  ETA 40.4m
  [ja] 8225/15430  2760s  ETA 40.3m
  [ja] 8250/15430  2768s  ETA 40.1m
  [ja] 8275/15430  2777s  ETA 40.0m
  [ja] 8300/15430  2786s  ETA 39.9m
  [ja] 8325/15430  2795s  ETA 39.8m
  [ja] 8350/15430  2804s  ETA 39.6m
  [ja] 8375/15430  2812s  ETA 39.5m
  [ja] 8400/15430  2821s  ETA 39.3m
  [ja] 8425/15430  2829s  ETA 39.2m
  [ja] 8450/15430  2836s  ETA 39.0m
  [ja] 8475/15430  2845s  ETA 38.9m
  [ja] 8500/15430  2854s  ETA 38.8m
  [ja] 8525/15430  2864s  ETA 38.7m
  [ja] 8550/15430  2874s  ETA 38.5m
  [ja] 8575/15430  2883s  ETA 38.4m
  [ja] 8600/15430  2892s  ETA 38.3m
  [ja] 8625/15430  2903s  ETA 38.2m
  [ja] 8650/15430  2912s  ETA 38.0m
  [ja] 8675/15430  2921s  ETA 37.9m
  [ja] 8700/15430  2930s  ETA 37.8m
  [ja] 8725/15430  2939s  ETA 37.6m
  [ja] 8750/15430  2948s  ETA 37.5m
  [ja] 8775/15430  2956s  ETA 37.4m
  [ja] 8800/15430  2966s  ETA 37.2m
  [ja] 8825/15430  2976s  ETA 37.1m
  [ja] 8850/15430  2984s  ETA 37.0m
  [ja] 8875/15430  2994s  ETA 36.9m
  [ja] 8900/15430  3001s  ETA 36.7m
  [ja] 8925/15430  3012s  ETA 36.6m
  [ja] 8950/15430  3020s  ETA 36.4m
  [ja] 8975/15430  3030s  ETA 36.3m
  [ja] 9000/15430  3038s  ETA 36.2m
  [ja] 9025/15430  3046s  ETA 36.0m
  [ja] 9050/15430  3054s  ETA 35.9m
  [ja] 9075/15430  3062s  ETA 35.7m
  [ja] 9100/15430  3070s  ETA 35.6m
  [ja] 9125/15430  3079s  ETA 35.5m
  [ja] 9150/15430  3087s  ETA 35.3m
  [ja] 9175/15430  3096s  ETA 35.2m
  [ja] 9200/15430  3105s  ETA 35.0m
  [ja] 9225/15430  3112s  ETA 34.9m
  [ja] 9250/15430  3120s  ETA 34.7m
  [ja] 9275/15430  3131s  ETA 34.6m
  [ja] 9300/15430  3140s  ETA 34.5m
  [ja] 9325/15430  3149s  ETA 34.4m
  [ja] 9350/15430  3156s  ETA 34.2m
  [ja] 9375/15430  3163s  ETA 34.0m
  [ja] 9400/15430  3172s  ETA 33.9m
  [ja] 9425/15430  3181s  ETA 33.8m
  [ja] 9450/15430  3190s  ETA 33.6m
  [ja] 9475/15430  3197s  ETA 33.5m
  [ja] 9500/15430  3206s  ETA 33.4m
  [ja] 9525/15430  3213s  ETA 33.2m
  [ja] 9550/15430  3221s  ETA 33.0m
  [ja] 9575/15430  3228s  ETA 32.9m
  [ja] 9600/15430  3238s  ETA 32.8m
  [ja] 9625/15430  3246s  ETA 32.6m
  [ja] 9650/15430  3256s  ETA 32.5m
  [ja] 9675/15430  3265s  ETA 32.4m
  [ja] 9700/15430  3274s  ETA 32.2m
  [ja] 9725/15430  3283s  ETA 32.1m
  [ja] 9750/15430  3293s  ETA 32.0m
  [ja] 9775/15430  3304s  ETA 31.9m
  [ja] 9800/15430  3313s  ETA 31.7m
  [ja] 9825/15430  3320s  ETA 31.6m
  [ja] 9850/15430  3329s  ETA 31.4m
  [ja] 9875/15430  3337s  ETA 31.3m
  [ja] 9900/15430  3346s  ETA 31.1m
  [ja] 9925/15430  3355s  ETA 31.0m
  [ja] 9950/15430  3363s  ETA 30.9m
  [ja] 9975/15430  3371s  ETA 30.7m
  [ja] 10000/15430  3381s  ETA 30.6m
  [ja] 10025/15430  3389s  ETA 30.5m
  [ja] 10050/15430  3399s  ETA 30.3m
  [ja] 10075/15430  3408s  ETA 30.2m
  [ja] 10100/15430  3418s  ETA 30.1m
  [ja] 10125/15430  3432s  ETA 30.0m
  [ja] 10150/15430  3441s  ETA 29.8m
  [ja] 10175/15430  3452s  ETA 29.7m
  [ja] 10200/15430  3460s  ETA 29.6m
  [ja] 10225/15430  3468s  ETA 29.4m
  [ja] 10250/15430  3478s  ETA 29.3m
  [ja] 10275/15430  3488s  ETA 29.2m
  [ja] 10300/15430  3495s  ETA 29.0m
  [ja] 10325/15430  3504s  ETA 28.9m
  [ja] 10350/15430  3513s  ETA 28.7m
  [ja] 10375/15430  3520s  ETA 28.6m
  [ja] 10400/15430  3530s  ETA 28.5m
  [ja] 10425/15430  3538s  ETA 28.3m
  [ja] 10450/15430  3546s  ETA 28.2m
  [ja] 10475/15430  3555s  ETA 28.0m
  [ja] 10500/15430  3564s  ETA 27.9m
  [ja] 10525/15430  3571s  ETA 27.7m
  [ja] 10550/15430  3580s  ETA 27.6m
  [ja] 10575/15430  3588s  ETA 27.5m
  [ja] 10600/15430  3598s  ETA 27.3m
  [ja] 10625/15430  3608s  ETA 27.2m
  [ja] 10650/15430  3616s  ETA 27.1m
  [ja] 10675/15430  3624s  ETA 26.9m
  [ja] 10700/15430  3633s  ETA 26.8m
  [ja] 10725/15430  3642s  ETA 26.6m
  [ja] 10750/15430  3649s  ETA 26.5m
  [ja] 10775/15430  3657s  ETA 26.3m
  [ja] 10800/15430  3666s  ETA 26.2m
  [ja] 10825/15430  3674s  ETA 26.0m
  [ja] 10850/15430  3683s  ETA 25.9m
  [ja] 10875/15430  3693s  ETA 25.8m
  [ja] 10900/15430  3702s  ETA 25.6m
  [ja] 10925/15430  3710s  ETA 25.5m
  [ja] 10950/15430  3717s  ETA 25.3m
  [ja] 10975/15430  3726s  ETA 25.2m
  [ja] 11000/15430  3734s  ETA 25.1m
  [ja] 11025/15430  3742s  ETA 24.9m
  [ja] 11050/15430  3751s  ETA 24.8m
  [ja] 11075/15430  3760s  ETA 24.6m
  [ja] 11100/15430  3768s  ETA 24.5m
  [ja] 11125/15430  3776s  ETA 24.4m
  [ja] 11150/15430  3785s  ETA 24.2m
  [ja] 11175/15430  3793s  ETA 24.1m
  [ja] 11200/15430  3801s  ETA 23.9m
  [ja] 11225/15430  3811s  ETA 23.8m
  [ja] 11250/15430  3822s  ETA 23.7m
  [ja] 11275/15430  3830s  ETA 23.5m
  [ja] 11300/15430  3839s  ETA 23.4m
  [ja] 11325/15430  3849s  ETA 23.3m
  [ja] 11350/15430  3857s  ETA 23.1m
  [ja] 11375/15430  3866s  ETA 23.0m
  [ja] 11400/15430  3874s  ETA 22.8m
  [ja] 11425/15430  3884s  ETA 22.7m
  [ja] 11450/15430  3892s  ETA 22.5m
  [ja] 11475/15430  3900s  ETA 22.4m
  [ja] 11500/15430  3909s  ETA 22.3m
  [ja] 11525/15430  3918s  ETA 22.1m
  [ja] 11550/15430  3927s  ETA 22.0m
  [ja] 11575/15430  3936s  ETA 21.9m
  [ja] 11600/15430  3945s  ETA 21.7m
  [ja] 11625/15430  3954s  ETA 21.6m
  [ja] 11650/15430  3963s  ETA 21.4m
  [ja] 11675/15430  3973s  ETA 21.3m
  [ja] 11700/15430  3982s  ETA 21.2m
  [ja] 11725/15430  3989s  ETA 21.0m
  [ja] 11750/15430  3997s  ETA 20.9m
  [ja] 11775/15430  4007s  ETA 20.7m
  [ja] 11800/15430  4016s  ETA 20.6m
  [ja] 11825/15430  4023s  ETA 20.4m
  [ja] 11850/15430  4032s  ETA 20.3m
  [ja] 11875/15430  4041s  ETA 20.2m
  [ja] 11900/15430  4050s  ETA 20.0m
  [ja] 11925/15430  4058s  ETA 19.9m
  [ja] 11950/15430  4066s  ETA 19.7m
  [ja] 11975/15430  4075s  ETA 19.6m
  [ja] 12000/15430  4085s  ETA 19.5m
  [ja] 12025/15430  4093s  ETA 19.3m
  [ja] 12050/15430  4102s  ETA 19.2m
  [ja] 12075/15430  4111s  ETA 19.0m
  [ja] 12100/15430  4118s  ETA 18.9m
  [ja] 12125/15430  4126s  ETA 18.7m
  [ja] 12150/15430  4135s  ETA 18.6m
  [ja] 12175/15430  4144s  ETA 18.5m
Traceback (most recent call last):
  File "/usr/lib/python3.10/runpy.py", line 196, in _run_module_as_main
    return _run_code(code, main_globals, None,
  File "/usr/lib/python3.10/runpy.py", line 86, in _run_code
    exec(code, run_globals)
  File "/home/mobility/STiTy/core/meaning_segmentator/autoseg/baselines/build.py", line 171, in <module>
    sys.exit(main())
  File "/home/mobility/STiTy/core/meaning_segmentator/autoseg/baselines/build.py", line 157, in main
    res = run_policy(args.policy, rows, tgt if tgt != "all" else "de", args)
  File "/home/mobility/STiTy/core/meaning_segmentator/autoseg/baselines/build.py", line 106, in run_policy
    out.append({**r, "pieces": alignatt.segment(nmt, r["text"], args.f)})
  File "/home/mobility/STiTy/core/meaning_segmentator/autoseg/baselines/alignatt.py", line 32, in segment
    emitted = nmt.emit_with_alignment(" ".join(words[:t]), forced or None)
  File "/home/mobility/STiTy/.venv-autoseg/lib/python3.10/site-packages/torch/utils/_contextlib.py", line 124, in decorate_context
    return func(*args, **kwargs)
  File "/home/mobility/STiTy/core/meaning_segmentator/autoseg/baselines/nmt.py", line 103, in emit_with_alignment
    out = self.model.generate(
  File "/home/mobility/STiTy/.venv-autoseg/lib/python3.10/site-packages/torch/utils/_contextlib.py", line 124, in decorate_context
    return func(*args, **kwargs)
  File "/home/mobility/STiTy/.venv-autoseg/lib/python3.10/site-packages/transformers/generation/utils.py", line 2566, in generate
    result = decoding_method(
  File "/home/mobility/STiTy/.venv-autoseg/lib/python3.10/site-packages/transformers/generation/utils.py", line 2781, in _sample
    while self._has_unfinished_sequences(this_peer_finished, synced_gpus, device=input_ids.device):
  File "/home/mobility/STiTy/.venv-autoseg/lib/python3.10/site-packages/transformers/generation/utils.py", line 2599, in _has_unfinished_sequences
    elif this_peer_finished:
torch.AcceleratorError: CUDA error: unspecified launch failure
Search for `cudaErrorLaunchFailure' in https://docs.nvidia.com/cuda/cuda-runtime-api/group__CUDART__TYPES.html for more information.
CUDA kernel errors might be asynchronously reported at some other API call, so the stacktrace below might be incorrect.
For debugging consider passing CUDA_LAUNCH_BLOCKING=1

[alignatt] en→ja, 15430문장
  [ja] 25/15430  10s  ETA 104.4m
  [ja] 50/15430  15s  ETA 78.3m
  [ja] 75/15430  19s  ETA 66.0m
  [ja] 100/15430  24s  ETA 61.3m
  [ja] 125/15430  28s  ETA 57.6m
  [ja] 150/15430  33s  ETA 56.0m
  [ja] 175/15430  37s  ETA 54.3m
  [ja] 200/15430  42s  ETA 52.9m
  [ja] 225/15430  46s  ETA 51.7m
  [ja] 250/15430  51s  ETA 51.3m
  [ja] 275/15430  55s  ETA 50.1m
  [ja] 300/15430  60s  ETA 50.1m
  [ja] 325/15430  64s  ETA 49.6m
  [ja] 350/15430  69s  ETA 49.4m
  [ja] 375/15430  74s  ETA 49.2m
  [ja] 400/15430  78s  ETA 48.9m
  [ja] 425/15430  84s  ETA 49.2m
  [ja] 450/15430  88s  ETA 48.7m
  [ja] 475/15430  92s  ETA 48.5m
  [ja] 500/15430  96s  ETA 48.0m
  [ja] 525/15430  102s  ETA 48.4m
  [ja] 550/15430  106s  ETA 47.7m
  [ja] 575/15430  110s  ETA 47.4m
  [ja] 600/15430  114s  ETA 47.0m
  [ja] 625/15430  119s  ETA 47.1m
  [ja] 650/15430  124s  ETA 47.0m
  [ja] 675/15430  128s  ETA 46.7m
  [ja] 700/15430  133s  ETA 46.8m
  [ja] 725/15430  138s  ETA 46.5m
  [ja] 750/15430  141s  ETA 46.1m
  [ja] 775/15430  146s  ETA 45.9m
  [ja] 800/15430  150s  ETA 45.6m
  [ja] 825/15430  154s  ETA 45.5m
  [ja] 850/15430  158s  ETA 45.3m
  [ja] 875/15430  162s  ETA 45.0m
  [ja] 900/15430  166s  ETA 44.7m
  [ja] 925/15430  170s  ETA 44.4m
  [ja] 950/15430  175s  ETA 44.4m
  [ja] 975/15430  179s  ETA 44.1m
  [ja] 1000/15430  182s  ETA 43.8m
  [ja] 1025/15430  187s  ETA 43.9m
  [ja] 1050/15430  191s  ETA 43.6m
  [ja] 1075/15430  195s  ETA 43.3m
  [ja] 1100/15430  199s  ETA 43.2m
  [ja] 1125/15430  204s  ETA 43.2m
  [ja] 1150/15430  208s  ETA 43.0m
  [ja] 1175/15430  212s  ETA 43.0m
  [ja] 1200/15430  216s  ETA 42.8m
  [ja] 1225/15430  220s  ETA 42.5m
  [ja] 1250/15430  225s  ETA 42.5m
  [ja] 1275/15430  229s  ETA 42.4m
  [ja] 1300/15430  234s  ETA 42.4m
  [ja] 1325/15430  239s  ETA 42.3m
  [ja] 1350/15430  242s  ETA 42.1m
  [ja] 1375/15430  247s  ETA 42.0m
  [ja] 1400/15430  251s  ETA 41.9m
  [ja] 1425/15430  255s  ETA 41.8m
  [ja] 1450/15430  260s  ETA 41.7m
  [ja] 1475/15430  264s  ETA 41.6m
  [ja] 1500/15430  268s  ETA 41.5m
  [ja] 1525/15430  273s  ETA 41.5m
  [ja] 1550/15430  277s  ETA 41.3m
  [ja] 1575/15430  282s  ETA 41.3m
  [ja] 1600/15430  285s  ETA 41.1m
  [ja] 1625/15430  289s  ETA 41.0m
  [ja] 1650/15430  294s  ETA 40.9m
  [ja] 1675/15430  298s  ETA 40.8m
  [ja] 1700/15430  303s  ETA 40.8m
  [ja] 1725/15430  307s  ETA 40.7m
  [ja] 1750/15430  311s  ETA 40.6m
  [ja] 1775/15430  315s  ETA 40.4m
  [ja] 1800/15430  319s  ETA 40.3m
  [ja] 1825/15430  324s  ETA 40.3m
  [ja] 1850/15430  329s  ETA 40.2m
  [ja] 1875/15430  333s  ETA 40.1m
  [ja] 1900/15430  337s  ETA 40.0m
  [ja] 1925/15430  342s  ETA 40.0m
  [ja] 1950/15430  346s  ETA 39.9m
  [ja] 1975/15430  350s  ETA 39.8m
  [ja] 2000/15430  355s  ETA 39.7m
  [ja] 2025/15430  359s  ETA 39.6m
  [ja] 2050/15430  363s  ETA 39.5m
  [ja] 2075/15430  367s  ETA 39.4m
  [ja] 2100/15430  372s  ETA 39.4m
  [ja] 2125/15430  377s  ETA 39.3m
  [ja] 2150/15430  380s  ETA 39.1m
  [ja] 2175/15430  384s  ETA 39.0m
  [ja] 2200/15430  388s  ETA 38.9m
  [ja] 2225/15430  392s  ETA 38.8m
  [ja] 2250/15430  396s  ETA 38.6m
  [ja] 2275/15430  400s  ETA 38.6m
  [ja] 2300/15430  405s  ETA 38.5m
  [ja] 2325/15430  409s  ETA 38.4m
  [ja] 2350/15430  414s  ETA 38.4m
  [ja] 2375/15430  418s  ETA 38.3m
  [ja] 2400/15430  422s  ETA 38.2m
  [ja] 2425/15430  426s  ETA 38.1m
  [ja] 2450/15430  430s  ETA 38.0m
  [ja] 2475/15430  434s  ETA 37.9m
  [ja] 2500/15430  439s  ETA 37.9m
  [ja] 2525/15430  444s  ETA 37.9m
  [ja] 2550/15430  448s  ETA 37.7m
  [ja] 2575/15430  453s  ETA 37.7m
  [ja] 2600/15430  456s  ETA 37.5m
  [ja] 2625/15430  460s  ETA 37.4m
  [ja] 2650/15430  465s  ETA 37.4m
  [ja] 2675/15430  470s  ETA 37.4m
  [ja] 2700/15430  474s  ETA 37.3m
  [ja] 2725/15430  479s  ETA 37.2m
  [ja] 2750/15430  483s  ETA 37.1m
  [ja] 2775/15430  488s  ETA 37.1m
  [ja] 2800/15430  492s  ETA 37.0m
  [ja] 2825/15430  497s  ETA 37.0m
  [ja] 2850/15430  503s  ETA 37.0m
  [ja] 2875/15430  507s  ETA 36.9m
  [ja] 2900/15430  511s  ETA 36.8m
  [ja] 2925/15430  516s  ETA 36.8m
  [ja] 2950/15430  521s  ETA 36.7m
  [ja] 2975/15430  525s  ETA 36.7m
  [ja] 3000/15430  530s  ETA 36.6m
  [ja] 3025/15430  534s  ETA 36.5m
  [ja] 3050/15430  538s  ETA 36.4m
  [ja] 3075/15430  542s  ETA 36.3m
  [ja] 3100/15430  547s  ETA 36.2m
  [ja] 3125/15430  551s  ETA 36.2m
  [ja] 3150/15430  555s  ETA 36.1m
  [ja] 3175/15430  560s  ETA 36.0m
  [ja] 3200/15430  565s  ETA 36.0m
  [ja] 3225/15430  570s  ETA 35.9m
  [ja] 3250/15430  575s  ETA 35.9m
  [ja] 3275/15430  578s  ETA 35.8m
  [ja] 3300/15430  582s  ETA 35.7m
  [ja] 3325/15430  587s  ETA 35.6m
  [ja] 3350/15430  591s  ETA 35.5m
  [ja] 3375/15430  596s  ETA 35.5m
  [ja] 3400/15430  600s  ETA 35.4m
  [ja] 3425/15430  604s  ETA 35.3m
  [ja] 3450/15430  609s  ETA 35.2m
  [ja] 3475/15430  613s  ETA 35.2m
  [ja] 3500/15430  619s  ETA 35.1m
  [ja] 3525/15430  623s  ETA 35.0m
  [ja] 3550/15430  627s  ETA 35.0m
  [ja] 3575/15430  632s  ETA 34.9m
  [ja] 3600/15430  637s  ETA 34.9m
  [ja] 3625/15430  641s  ETA 34.8m
  [ja] 3650/15430  646s  ETA 34.7m
  [ja] 3675/15430  651s  ETA 34.7m
  [ja] 3700/15430  654s  ETA 34.6m
  [ja] 3725/15430  658s  ETA 34.5m
  [ja] 3750/15430  664s  ETA 34.5m
  [ja] 3775/15430  668s  ETA 34.4m
  [ja] 3800/15430  671s  ETA 34.2m
  [ja] 3825/15430  675s  ETA 34.1m
  [ja] 3850/15430  680s  ETA 34.1m
  [ja] 3875/15430  684s  ETA 34.0m
  [ja] 3900/15430  689s  ETA 33.9m
  [ja] 3925/15430  694s  ETA 33.9m
  [ja] 3950/15430  698s  ETA 33.8m
  [ja] 3975/15430  703s  ETA 33.7m
  [ja] 4000/15430  708s  ETA 33.7m
  [ja] 4025/15430  712s  ETA 33.6m
  [ja] 4050/15430  717s  ETA 33.6m
  [ja] 4075/15430  721s  ETA 33.5m
  [ja] 4100/15430  725s  ETA 33.4m
  [ja] 4125/15430  729s  ETA 33.3m
  [ja] 4150/15430  734s  ETA 33.2m
  [ja] 4175/15430  739s  ETA 33.2m
  [ja] 4200/15430  742s  ETA 33.1m
  [ja] 4225/15430  746s  ETA 33.0m
  [ja] 4250/15430  750s  ETA 32.9m
  [ja] 4275/15430  755s  ETA 32.8m
  [ja] 4300/15430  759s  ETA 32.8m
  [ja] 4325/15430  764s  ETA 32.7m
  [ja] 4350/15430  770s  ETA 32.7m
  [ja] 4375/15430  774s  ETA 32.6m
  [ja] 4400/15430  778s  ETA 32.5m
  [ja] 4425/15430  782s  ETA 32.4m
  [ja] 4450/15430  788s  ETA 32.4m
  [ja] 4475/15430  792s  ETA 32.3m
  [ja] 4500/15430  797s  ETA 32.2m
  [ja] 4525/15430  800s  ETA 32.1m
  [ja] 4550/15430  806s  ETA 32.1m
  [ja] 4575/15430  810s  ETA 32.0m
  [ja] 4600/15430  815s  ETA 32.0m
  [ja] 4625/15430  819s  ETA 31.9m
  [ja] 4650/15430  824s  ETA 31.8m
  [ja] 4675/15430  828s  ETA 31.8m
  [ja] 4700/15430  834s  ETA 31.7m
  [ja] 4725/15430  838s  ETA 31.6m
  [ja] 4750/15430  842s  ETA 31.6m
  [ja] 4775/15430  847s  ETA 31.5m
  [ja] 4800/15430  850s  ETA 31.4m
  [ja] 4825/15430  855s  ETA 31.3m
  [ja] 4850/15430  859s  ETA 31.2m
  [ja] 4875/15430  863s  ETA 31.2m
  [ja] 4900/15430  867s  ETA 31.1m
  [ja] 4925/15430  871s  ETA 31.0m
  [ja] 4950/15430  876s  ETA 30.9m
  [ja] 4975/15430  880s  ETA 30.8m
  [ja] 5000/15430  884s  ETA 30.7m
  [ja] 5025/15430  888s  ETA 30.6m
  [ja] 5050/15430  892s  ETA 30.6m
  [ja] 5075/15430  896s  ETA 30.5m
  [ja] 5100/15430  902s  ETA 30.4m
  [ja] 5125/15430  906s  ETA 30.4m
  [ja] 5150/15430  911s  ETA 30.3m
  [ja] 5175/15430  915s  ETA 30.2m
  [ja] 5200/15430  919s  ETA 30.1m
  [ja] 5225/15430  923s  ETA 30.1m
  [ja] 5250/15430  928s  ETA 30.0m
  [ja] 5275/15430  933s  ETA 29.9m
  [ja] 5300/15430  938s  ETA 29.9m
  [ja] 5325/15430  943s  ETA 29.8m
  [ja] 5350/15430  947s  ETA 29.7m
  [ja] 5375/15430  951s  ETA 29.7m
  [ja] 5400/15430  955s  ETA 29.6m
  [ja] 5425/15430  960s  ETA 29.5m
  [ja] 5450/15430  964s  ETA 29.4m
  [ja] 5475/15430  969s  ETA 29.4m
  [ja] 5500/15430  973s  ETA 29.3m
  [ja] 5525/15430  978s  ETA 29.2m
  [ja] 5550/15430  983s  ETA 29.2m
  [ja] 5575/15430  988s  ETA 29.1m
  [ja] 5600/15430  992s  ETA 29.0m
  [ja] 5625/15430  997s  ETA 29.0m
  [ja] 5650/15430  1001s  ETA 28.9m
  [ja] 5675/15430  1005s  ETA 28.8m
  [ja] 5700/15430  1011s  ETA 28.8m
  [ja] 5725/15430  1014s  ETA 28.7m
  [ja] 5750/15430  1019s  ETA 28.6m
  [ja] 5775/15430  1024s  ETA 28.5m
  [ja] 5800/15430  1028s  ETA 28.5m
  [ja] 5825/15430  1033s  ETA 28.4m
  [ja] 5850/15430  1037s  ETA 28.3m
  [ja] 5875/15430  1040s  ETA 28.2m
  [ja] 5900/15430  1045s  ETA 28.1m
  [ja] 5925/15430  1049s  ETA 28.0m
  [ja] 5950/15430  1053s  ETA 28.0m
  [ja] 5975/15430  1058s  ETA 27.9m
  [ja] 6000/15430  1063s  ETA 27.8m
  [ja] 6025/15430  1067s  ETA 27.8m
  [ja] 6050/15430  1071s  ETA 27.7m
  [ja] 6075/15430  1076s  ETA 27.6m
  [ja] 6100/15430  1079s  ETA 27.5m
  [ja] 6125/15430  1084s  ETA 27.4m
  [ja] 6150/15430  1088s  ETA 27.4m
  [ja] 6175/15430  1094s  ETA 27.3m
  [ja] 6200/15430  1098s  ETA 27.2m
  [ja] 6225/15430  1102s  ETA 27.2m
  [ja] 6250/15430  1108s  ETA 27.1m
  [ja] 6275/15430  1112s  ETA 27.0m
  [ja] 6300/15430  1116s  ETA 27.0m
  [ja] 6325/15430  1121s  ETA 26.9m
  [ja] 6350/15430  1125s  ETA 26.8m
  [ja] 6375/15430  1130s  ETA 26.8m
  [ja] 6400/15430  1134s  ETA 26.7m
  [ja] 6425/15430  1139s  ETA 26.6m
  [ja] 6450/15430  1143s  ETA 26.5m
  [ja] 6475/15430  1148s  ETA 26.5m
  [ja] 6500/15430  1152s  ETA 26.4m
  [ja] 6525/15430  1157s  ETA 26.3m
  [ja] 6550/15430  1161s  ETA 26.2m
  [ja] 6575/15430  1166s  ETA 26.2m
  [ja] 6600/15430  1171s  ETA 26.1m
  [ja] 6625/15430  1178s  ETA 26.1m
  [ja] 6650/15430  1182s  ETA 26.0m
  [ja] 6675/15430  1187s  ETA 25.9m
  [ja] 6700/15430  1192s  ETA 25.9m
  [ja] 6725/15430  1197s  ETA 25.8m
  [ja] 6750/15430  1201s  ETA 25.7m
  [ja] 6775/15430  1206s  ETA 25.7m
  [ja] 6800/15430  1211s  ETA 25.6m
  [ja] 6825/15430  1216s  ETA 25.6m
  [ja] 6850/15430  1221s  ETA 25.5m
  [ja] 6875/15430  1225s  ETA 25.4m
  [ja] 6900/15430  1229s  ETA 25.3m
  [ja] 6925/15430  1234s  ETA 25.3m
  [ja] 6950/15430  1238s  ETA 25.2m
  [ja] 6975/15430  1243s  ETA 25.1m
  [ja] 7000/15430  1247s  ETA 25.0m
  [ja] 7025/15430  1252s  ETA 25.0m
  [ja] 7050/15430  1256s  ETA 24.9m
  [ja] 7075/15430  1261s  ETA 24.8m
  [ja] 7100/15430  1266s  ETA 24.8m
  [ja] 7125/15430  1271s  ETA 24.7m
  [ja] 7150/15430  1275s  ETA 24.6m
  [ja] 7175/15430  1280s  ETA 24.5m
  [ja] 7200/15430  1284s  ETA 24.5m
  [ja] 7225/15430  1288s  ETA 24.4m
  [ja] 7250/15430  1292s  ETA 24.3m
  [ja] 7275/15430  1297s  ETA 24.2m
  [ja] 7300/15430  1302s  ETA 24.2m
  [ja] 7325/15430  1306s  ETA 24.1m
  [ja] 7350/15430  1311s  ETA 24.0m
  [ja] 7375/15430  1315s  ETA 23.9m
  [ja] 7400/15430  1320s  ETA 23.9m
  [ja] 7425/15430  1325s  ETA 23.8m
  [ja] 7450/15430  1329s  ETA 23.7m
  [ja] 7475/15430  1334s  ETA 23.7m
  [ja] 7500/15430  1338s  ETA 23.6m
  [ja] 7525/15430  1343s  ETA 23.5m
  [ja] 7550/15430  1348s  ETA 23.4m
  [ja] 7575/15430  1352s  ETA 23.4m
  [ja] 7600/15430  1356s  ETA 23.3m
  [ja] 7625/15430  1360s  ETA 23.2m
  [ja] 7650/15430  1364s  ETA 23.1m
  [ja] 7675/15430  1369s  ETA 23.0m
  [ja] 7700/15430  1373s  ETA 23.0m
  [ja] 7725/15430  1376s  ETA 22.9m
  [ja] 7750/15430  1381s  ETA 22.8m
  [ja] 7775/15430  1386s  ETA 22.7m
  [ja] 7800/15430  1390s  ETA 22.7m
  [ja] 7825/15430  1394s  ETA 22.6m
  [ja] 7850/15430  1399s  ETA 22.5m
  [ja] 7875/15430  1404s  ETA 22.5m
  [ja] 7900/15430  1409s  ETA 22.4m
  [ja] 7925/15430  1414s  ETA 22.3m
  [ja] 7950/15430  1419s  ETA 22.2m
  [ja] 7975/15430  1423s  ETA 22.2m
  [ja] 8000/15430  1427s  ETA 22.1m
  [ja] 8025/15430  1432s  ETA 22.0m
  [ja] 8050/15430  1437s  ETA 21.9m
  [ja] 8075/15430  1441s  ETA 21.9m
  [ja] 8100/15430  1445s  ETA 21.8m
  [ja] 8125/15430  1450s  ETA 21.7m
  [ja] 8150/15430  1454s  ETA 21.7m
  [ja] 8175/15430  1460s  ETA 21.6m
  [ja] 8200/15430  1464s  ETA 21.5m
  [ja] 8225/15430  1469s  ETA 21.4m
  [ja] 8250/15430  1473s  ETA 21.4m
  [ja] 8275/15430  1478s  ETA 21.3m
  [ja] 8300/15430  1483s  ETA 21.2m
  [ja] 8325/15430  1487s  ETA 21.2m
  [ja] 8350/15430  1492s  ETA 21.1m
  [ja] 8375/15430  1496s  ETA 21.0m
  [ja] 8400/15430  1501s  ETA 20.9m
  [ja] 8425/15430  1505s  ETA 20.9m
  [ja] 8450/15430  1509s  ETA 20.8m
  [ja] 8475/15430  1514s  ETA 20.7m
  [ja] 8500/15430  1519s  ETA 20.6m
  [ja] 8525/15430  1524s  ETA 20.6m
  [ja] 8550/15430  1529s  ETA 20.5m
  [ja] 8575/15430  1534s  ETA 20.4m
  [ja] 8600/15430  1539s  ETA 20.4m
  [ja] 8625/15430  1545s  ETA 20.3m
  [ja] 8650/15430  1550s  ETA 20.2m
  [ja] 8675/15430  1554s  ETA 20.2m
  [ja] 8700/15430  1559s  ETA 20.1m
  [ja] 8725/15430  1564s  ETA 20.0m
  [ja] 8750/15430  1568s  ETA 20.0m
  [ja] 8775/15430  1572s  ETA 19.9m
  [ja] 8800/15430  1578s  ETA 19.8m
  [ja] 8825/15430  1583s  ETA 19.8m
  [ja] 8850/15430  1588s  ETA 19.7m
  [ja] 8875/15430  1593s  ETA 19.6m
  [ja] 8900/15430  1597s  ETA 19.5m
  [ja] 8925/15430  1602s  ETA 19.5m
  [ja] 8950/15430  1607s  ETA 19.4m
  [ja] 8975/15430  1612s  ETA 19.3m
  [ja] 9000/15430  1616s  ETA 19.2m
  [ja] 9025/15430  1620s  ETA 19.2m
  [ja] 9050/15430  1625s  ETA 19.1m
  [ja] 9075/15430  1629s  ETA 19.0m
  [ja] 9100/15430  1633s  ETA 18.9m
  [ja] 9125/15430  1637s  ETA 18.9m
  [ja] 9150/15430  1642s  ETA 18.8m
  [ja] 9175/15430  1647s  ETA 18.7m
  [ja] 9200/15430  1651s  ETA 18.6m
  [ja] 9225/15430  1655s  ETA 18.6m
  [ja] 9250/15430  1660s  ETA 18.5m
  [ja] 9275/15430  1665s  ETA 18.4m
  [ja] 9300/15430  1670s  ETA 18.3m
  [ja] 9325/15430  1675s  ETA 18.3m
  [ja] 9350/15430  1679s  ETA 18.2m
  [ja] 9375/15430  1682s  ETA 18.1m
  [ja] 9400/15430  1687s  ETA 18.0m
  [ja] 9425/15430  1692s  ETA 18.0m
  [ja] 9450/15430  1697s  ETA 17.9m
  [ja] 9475/15430  1701s  ETA 17.8m
  [ja] 9500/15430  1705s  ETA 17.7m
  [ja] 9525/15430  1709s  ETA 17.7m
  [ja] 9550/15430  1713s  ETA 17.6m
  [ja] 9575/15430  1717s  ETA 17.5m
  [ja] 9600/15430  1722s  ETA 17.4m
  [ja] 9625/15430  1726s  ETA 17.4m
  [ja] 9650/15430  1732s  ETA 17.3m
  [ja] 9675/15430  1736s  ETA 17.2m
  [ja] 9700/15430  1741s  ETA 17.1m
  [ja] 9725/15430  1746s  ETA 17.1m
  [ja] 9750/15430  1751s  ETA 17.0m
  [ja] 9775/15430  1757s  ETA 16.9m
  [ja] 9800/15430  1762s  ETA 16.9m
  [ja] 9825/15430  1766s  ETA 16.8m
  [ja] 9850/15430  1771s  ETA 16.7m
  [ja] 9875/15430  1774s  ETA 16.6m
  [ja] 9900/15430  1779s  ETA 16.6m
  [ja] 9925/15430  1784s  ETA 16.5m
  [ja] 9950/15430  1788s  ETA 16.4m
  [ja] 9975/15430  1793s  ETA 16.3m
  [ja] 10000/15430  1798s  ETA 16.3m
  [ja] 10025/15430  1802s  ETA 16.2m
  [ja] 10050/15430  1807s  ETA 16.1m
  [ja] 10075/15430  1812s  ETA 16.1m
  [ja] 10100/15430  1817s  ETA 16.0m
  [ja] 10125/15430  1825s  ETA 15.9m
  [ja] 10150/15430  1830s  ETA 15.9m
  [ja] 10175/15430  1835s  ETA 15.8m
  [ja] 10200/15430  1840s  ETA 15.7m
  [ja] 10225/15430  1844s  ETA 15.6m
  [ja] 10250/15430  1850s  ETA 15.6m
  [ja] 10275/15430  1855s  ETA 15.5m
  [ja] 10300/15430  1858s  ETA 15.4m
  [ja] 10325/15430  1863s  ETA 15.4m
  [ja] 10350/15430  1868s  ETA 15.3m
  [ja] 10375/15430  1872s  ETA 15.2m
  [ja] 10400/15430  1877s  ETA 15.1m
  [ja] 10425/15430  1881s  ETA 15.1m
  [ja] 10450/15430  1886s  ETA 15.0m
  [ja] 10475/15430  1890s  ETA 14.9m
  [ja] 10500/15430  1895s  ETA 14.8m
  [ja] 10525/15430  1899s  ETA 14.7m
  [ja] 10550/15430  1904s  ETA 14.7m
  [ja] 10575/15430  1908s  ETA 14.6m
  [ja] 10600/15430  1913s  ETA 14.5m
  [ja] 10625/15430  1918s  ETA 14.5m
  [ja] 10650/15430  1923s  ETA 14.4m
  [ja] 10675/15430  1927s  ETA 14.3m
  [ja] 10700/15430  1932s  ETA 14.2m
  [ja] 10725/15430  1936s  ETA 14.2m
  [ja] 10750/15430  1940s  ETA 14.1m
  [ja] 10775/15430  1944s  ETA 14.0m
  [ja] 10800/15430  1949s  ETA 13.9m
  [ja] 10825/15430  1953s  ETA 13.8m
  [ja] 10850/15430  1958s  ETA 13.8m
  [ja] 10875/15430  1963s  ETA 13.7m
  [ja] 10900/15430  1968s  ETA 13.6m
  [ja] 10925/15430  1972s  ETA 13.6m
  [ja] 10950/15430  1976s  ETA 13.5m
  [ja] 10975/15430  1981s  ETA 13.4m
  [ja] 11000/15430  1985s  ETA 13.3m
  [ja] 11025/15430  1989s  ETA 13.2m
  [ja] 11050/15430  1994s  ETA 13.2m
  [ja] 11075/15430  1999s  ETA 13.1m
  [ja] 11100/15430  2003s  ETA 13.0m
  [ja] 11125/15430  2007s  ETA 12.9m
  [ja] 11150/15430  2012s  ETA 12.9m
  [ja] 11175/15430  2016s  ETA 12.8m
  [ja] 11200/15430  2021s  ETA 12.7m
  [ja] 11225/15430  2026s  ETA 12.6m
  [ja] 11250/15430  2032s  ETA 12.6m
  [ja] 11275/15430  2036s  ETA 12.5m
  [ja] 11300/15430  2041s  ETA 12.4m
  [ja] 11325/15430  2046s  ETA 12.4m
  [ja] 11350/15430  2050s  ETA 12.3m
  [ja] 11375/15430  2055s  ETA 12.2m
  [ja] 11400/15430  2059s  ETA 12.1m
  [ja] 11425/15430  2065s  ETA 12.1m
  [ja] 11450/15430  2069s  ETA 12.0m
  [ja] 11475/15430  2073s  ETA 11.9m
  [ja] 11500/15430  2078s  ETA 11.8m
  [ja] 11525/15430  2083s  ETA 11.8m
  [ja] 11550/15430  2087s  ETA 11.7m
  [ja] 11575/15430  2092s  ETA 11.6m
  [ja] 11600/15430  2097s  ETA 11.5m
  [ja] 11625/15430  2102s  ETA 11.5m
  [ja] 11650/15430  2107s  ETA 11.4m
  [ja] 11675/15430  2112s  ETA 11.3m
  [ja] 11700/15430  2116s  ETA 11.2m
  [ja] 11725/15430  2120s  ETA 11.2m
  [ja] 11750/15430  2124s  ETA 11.1m
  [ja] 11775/15430  2130s  ETA 11.0m
  [ja] 11800/15430  2135s  ETA 10.9m
  [ja] 11825/15430  2138s  ETA 10.9m
  [ja] 11850/15430  2143s  ETA 10.8m
  [ja] 11875/15430  2148s  ETA 10.7m
  [ja] 11900/15430  2152s  ETA 10.6m
  [ja] 11925/15430  2157s  ETA 10.6m
  [ja] 11950/15430  2161s  ETA 10.5m
  [ja] 11975/15430  2166s  ETA 10.4m
  [ja] 12000/15430  2171s  ETA 10.3m
  [ja] 12025/15430  2175s  ETA 10.3m
  [ja] 12050/15430  2180s  ETA 10.2m
  [ja] 12075/15430  2185s  ETA 10.1m
  [ja] 12100/15430  2189s  ETA 10.0m
  [ja] 12125/15430  2193s  ETA 10.0m
  [ja] 12150/15430  2198s  ETA 9.9m
  [ja] 12175/15430  2202s  ETA 9.8m
  [ja] 12200/15430  2207s  ETA 9.7m
  [ja] 12225/15430  2211s  ETA 9.7m
  [ja] 12250/15430  2216s  ETA 9.6m
  [ja] 12275/15430  2220s  ETA 9.5m
  [ja] 12300/15430  2225s  ETA 9.4m
  [ja] 12325/15430  2230s  ETA 9.4m
  [ja] 12350/15430  2234s  ETA 9.3m
  [ja] 12375/15430  2239s  ETA 9.2m
  [ja] 12400/15430  2244s  ETA 9.1m
  [ja] 12425/15430  2248s  ETA 9.1m
  [ja] 12450/15430  2253s  ETA 9.0m
  [ja] 12475/15430  2259s  ETA 8.9m
  [ja] 12500/15430  2263s  ETA 8.8m
  [ja] 12525/15430  2268s  ETA 8.8m
  [ja] 12550/15430  2273s  ETA 8.7m
  [ja] 12575/15430  2278s  ETA 8.6m
  [ja] 12600/15430  2282s  ETA 8.5m
  [ja] 12625/15430  2289s  ETA 8.5m
  [ja] 12650/15430  2293s  ETA 8.4m
  [ja] 12675/15430  2299s  ETA 8.3m
  [ja] 12700/15430  2303s  ETA 8.3m
  [ja] 12725/15430  2308s  ETA 8.2m
  [ja] 12750/15430  2313s  ETA 8.1m
  [ja] 12775/15430  2317s  ETA 8.0m
  [ja] 12800/15430  2323s  ETA 8.0m
  [ja] 12825/15430  2328s  ETA 7.9m
  [ja] 12850/15430  2333s  ETA 7.8m
  [ja] 12875/15430  2338s  ETA 7.7m
  [ja] 12900/15430  2343s  ETA 7.7m
  [ja] 12925/15430  2347s  ETA 7.6m
  [ja] 12950/15430  2352s  ETA 7.5m
  [ja] 12975/15430  2357s  ETA 7.4m
  [ja] 13000/15430  2362s  ETA 7.4m
  [ja] 13025/15430  2367s  ETA 7.3m
  [ja] 13050/15430  2371s  ETA 7.2m
  [ja] 13075/15430  2375s  ETA 7.1m
  [ja] 13100/15430  2381s  ETA 7.1m
  [ja] 13125/15430  2386s  ETA 7.0m
  [ja] 13150/15430  2390s  ETA 6.9m
  [ja] 13175/15430  2395s  ETA 6.8m
  [ja] 13200/15430  2398s  ETA 6.8m
  [ja] 13225/15430  2404s  ETA 6.7m
  [ja] 13250/15430  2409s  ETA 6.6m
  [ja] 13275/15430  2413s  ETA 6.5m
  [ja] 13300/15430  2418s  ETA 6.5m
  [ja] 13325/15430  2423s  ETA 6.4m
  [ja] 13350/15430  2427s  ETA 6.3m
  [ja] 13375/15430  2431s  ETA 6.2m
  [ja] 13400/15430  2436s  ETA 6.2m
  [ja] 13425/15430  2441s  ETA 6.1m
  [ja] 13450/15430  2446s  ETA 6.0m
  [ja] 13475/15430  2451s  ETA 5.9m
  [ja] 13500/15430  2455s  ETA 5.9m
  [ja] 13525/15430  2460s  ETA 5.8m
  [ja] 13550/15430  2465s  ETA 5.7m
  [ja] 13575/15430  2469s  ETA 5.6m
  [ja] 13600/15430  2473s  ETA 5.5m
  [ja] 13625/15430  2477s  ETA 5.5m
  [ja] 13650/15430  2482s  ETA 5.4m
  [ja] 13675/15430  2487s  ETA 5.3m
  [ja] 13700/15430  2492s  ETA 5.2m
  [ja] 13725/15430  2496s  ETA 5.2m
  [ja] 13750/15430  2503s  ETA 5.1m
  [ja] 13775/15430  2507s  ETA 5.0m
  [ja] 13800/15430  2512s  ETA 4.9m
  [ja] 13825/15430  2517s  ETA 4.9m
  [ja] 13850/15430  2523s  ETA 4.8m
  [ja] 13875/15430  2528s  ETA 4.7m
  [ja] 13900/15430  2533s  ETA 4.6m
  [ja] 13925/15430  2538s  ETA 4.6m
  [ja] 13950/15430  2543s  ETA 4.5m
  [ja] 13975/15430  2548s  ETA 4.4m
  [ja] 14000/15430  2553s  ETA 4.3m
  [ja] 14025/15430  2558s  ETA 4.3m
  [ja] 14050/15430  2563s  ETA 4.2m
  [ja] 14075/15430  2567s  ETA 4.1m
  [ja] 14100/15430  2571s  ETA 4.0m
  [ja] 14125/15430  2576s  ETA 4.0m
  [ja] 14150/15430  2581s  ETA 3.9m
  [ja] 14175/15430  2586s  ETA 3.8m
  [ja] 14200/15430  2591s  ETA 3.7m
  [ja] 14225/15430  2596s  ETA 3.7m
  [ja] 14250/15430  2600s  ETA 3.6m
  [ja] 14275/15430  2605s  ETA 3.5m
  [ja] 14300/15430  2610s  ETA 3.4m
  [ja] 14325/15430  2614s  ETA 3.4m
  [ja] 14350/15430  2619s  ETA 3.3m
  [ja] 14375/15430  2624s  ETA 3.2m
  [ja] 14400/15430  2628s  ETA 3.1m
  [ja] 14425/15430  2633s  ETA 3.1m
  [ja] 14450/15430  2638s  ETA 3.0m
  [ja] 14475/15430  2642s  ETA 2.9m
  [ja] 14500/15430  2646s  ETA 2.8m
  [ja] 14525/15430  2651s  ETA 2.8m
  [ja] 14550/15430  2655s  ETA 2.7m
  [ja] 14575/15430  2659s  ETA 2.6m
  [ja] 14600/15430  2663s  ETA 2.5m
  [ja] 14625/15430  2669s  ETA 2.4m
  [ja] 14650/15430  2673s  ETA 2.4m
  [ja] 14675/15430  2678s  ETA 2.3m
  [ja] 14700/15430  2683s  ETA 2.2m
  [ja] 14725/15430  2688s  ETA 2.1m
  [ja] 14750/15430  2694s  ETA 2.1m
  [ja] 14775/15430  2698s  ETA 2.0m
  [ja] 14800/15430  2703s  ETA 1.9m
  [ja] 14825/15430  2707s  ETA 1.8m
  [ja] 14850/15430  2712s  ETA 1.8m
  [ja] 14875/15430  2716s  ETA 1.7m
  [ja] 14900/15430  2721s  ETA 1.6m
  [ja] 14925/15430  2726s  ETA 1.5m
  [ja] 14950/15430  2731s  ETA 1.5m
  [ja] 14975/15430  2736s  ETA 1.4m
  [ja] 15000/15430  2741s  ETA 1.3m
  [ja] 15025/15430  2746s  ETA 1.2m
  [ja] 15050/15430  2750s  ETA 1.2m
  [ja] 15075/15430  2755s  ETA 1.1m
  [ja] 15100/15430  2760s  ETA 1.0m
  [ja] 15125/15430  2765s  ETA 0.9m
  [ja] 15150/15430  2769s  ETA 0.9m
  [ja] 15175/15430  2774s  ETA 0.8m
  [ja] 15200/15430  2780s  ETA 0.7m
  [ja] 15225/15430  2785s  ETA 0.6m
  [ja] 15250/15430  2789s  ETA 0.5m
  [ja] 15275/15430  2793s  ETA 0.5m
  [ja] 15300/15430  2798s  ETA 0.4m
  [ja] 15325/15430  2804s  ETA 0.3m
  [ja] 15350/15430  2808s  ETA 0.2m
  [ja] 15375/15430  2812s  ETA 0.2m
  [ja] 15400/15430  2816s  ETA 0.1m
  [ja] 15425/15430  2821s  ETA 0.0m
  [ja] alignatt: 평균 조각수 4.04, 무분절 문장 1142/15430, 2822s
  → /home/mobility/STiTy/core/meaning_segmentator/runs/covost2/full/baselines/alignatt_ja_test.json (15430행)
