[alignatt] en→de, 15430문장
  [de] 25/15430  20s  ETA 202.0m
  [de] 50/15430  31s  ETA 159.0m
  [de] 75/15430  39s  ETA 134.0m
  [de] 100/15430  49s  ETA 124.0m
  [de] 125/15430  58s  ETA 117.6m
  [de] 150/15430  68s  ETA 115.2m
  [de] 175/15430  78s  ETA 113.3m
  [de] 200/15430  87s  ETA 111.0m
  [de] 225/15430  98s  ETA 110.2m
  [de] 250/15430  109s  ETA 109.9m
  [de] 275/15430  117s  ETA 107.1m
  [de] 300/15430  128s  ETA 107.8m
  [de] 325/15430  138s  ETA 106.8m
  [de] 350/15430  148s  ETA 106.6m
  [de] 375/15430  159s  ETA 106.5m
  [de] 400/15430  170s  ETA 106.3m
  [de] 425/15430  181s  ETA 106.3m
  [de] 450/15430  190s  ETA 105.5m
  [de] 475/15430  200s  ETA 104.8m
  [de] 500/15430  209s  ETA 104.1m
  [de] 525/15430  220s  ETA 104.2m
  [de] 550/15430  228s  ETA 102.9m
  [de] 575/15430  238s  ETA 102.3m
  [de] 600/15430  247s  ETA 101.7m
  [de] 625/15430  259s  ETA 102.1m
  [de] 650/15430  269s  ETA 102.0m
  [de] 675/15430  278s  ETA 101.4m
  [de] 700/15430  289s  ETA 101.5m
  [de] 725/15430  299s  ETA 100.9m
  [de] 750/15430  307s  ETA 100.2m
  [de] 775/15430  316s  ETA 99.6m
  [de] 800/15430  325s  ETA 99.0m
  [de] 825/15430  335s  ETA 98.9m
  [de] 850/15430  344s  ETA 98.3m
  [de] 875/15430  353s  ETA 97.7m
  [de] 900/15430  362s  ETA 97.5m
  [de] 925/15430  371s  ETA 96.9m
  [de] 950/15430  381s  ETA 96.9m
  [de] 975/15430  390s  ETA 96.3m
  [de] 1000/15430  398s  ETA 95.8m
  [de] 1025/15430  408s  ETA 95.6m
  [de] 1050/15430  417s  ETA 95.1m
  [de] 1075/15430  424s  ETA 94.4m
  [de] 1100/15430  433s  ETA 94.0m
  [de] 1125/15430  444s  ETA 94.0m
  [de] 1150/15430  452s  ETA 93.5m
  [de] 1175/15430  462s  ETA 93.5m
  [de] 1200/15430  471s  ETA 93.2m
  [de] 1225/15430  480s  ETA 92.7m
  [de] 1250/15430  490s  ETA 92.6m
  [de] 1275/15430  500s  ETA 92.5m
  [de] 1300/15430  510s  ETA 92.5m
  [de] 1325/15430  519s  ETA 92.2m
  [de] 1350/15430  528s  ETA 91.8m
  [de] 1375/15430  538s  ETA 91.6m
  [de] 1400/15430  547s  ETA 91.4m
  [de] 1425/15430  557s  ETA 91.2m
  [de] 1450/15430  566s  ETA 91.0m
  [de] 1475/15430  575s  ETA 90.7m
  [de] 1500/15430  584s  ETA 90.4m
  [de] 1525/15430  595s  ETA 90.4m
  [de] 1550/15430  603s  ETA 90.0m
  [de] 1575/15430  613s  ETA 89.9m
  [de] 1600/15430  622s  ETA 89.6m
  [de] 1625/15430  631s  ETA 89.3m
  [de] 1650/15430  641s  ETA 89.2m
  [de] 1675/15430  650s  ETA 88.9m
  [de] 1700/15430  660s  ETA 88.8m
  [de] 1725/15430  670s  ETA 88.7m
  [de] 1750/15430  679s  ETA 88.5m
  [de] 1775/15430  689s  ETA 88.3m
  [de] 1800/15430  697s  ETA 88.0m
  [de] 1825/15430  710s  ETA 88.2m
  [de] 1850/15430  719s  ETA 88.0m
  [de] 1875/15430  728s  ETA 87.8m
  [de] 1900/15430  737s  ETA 87.5m
  [de] 1925/15430  748s  ETA 87.4m
  [de] 1950/15430  756s  ETA 87.1m
  [de] 1975/15430  766s  ETA 86.9m
  [de] 2000/15430  778s  ETA 87.0m
  [de] 2025/15430  786s  ETA 86.7m
  [de] 2050/15430  795s  ETA 86.5m
  [de] 2075/15430  804s  ETA 86.2m
  [de] 2100/15430  815s  ETA 86.2m
  [de] 2125/15430  823s  ETA 85.9m
  [de] 2150/15430  831s  ETA 85.5m
  [de] 2175/15430  839s  ETA 85.2m
  [de] 2200/15430  848s  ETA 85.0m
  [de] 2225/15430  858s  ETA 84.8m
  [de] 2250/15430  866s  ETA 84.5m
  [de] 2275/15430  876s  ETA 84.4m
  [de] 2300/15430  886s  ETA 84.3m
  [de] 2325/15430  896s  ETA 84.2m
  [de] 2350/15430  905s  ETA 84.0m
  [de] 2375/15430  915s  ETA 83.8m
  [de] 2400/15430  923s  ETA 83.5m
  [de] 2425/15430  932s  ETA 83.3m
  [de] 2450/15430  941s  ETA 83.1m
  [de] 2475/15430  950s  ETA 82.9m
  [de] 2500/15430  961s  ETA 82.9m
  [de] 2525/15430  973s  ETA 82.9m
  [de] 2550/15430  981s  ETA 82.6m
  [de] 2575/15430  992s  ETA 82.6m
  [de] 2600/15430  1000s  ETA 82.3m
  [de] 2625/15430  1008s  ETA 82.0m
  [de] 2650/15430  1020s  ETA 82.0m
  [de] 2675/15430  1032s  ETA 82.0m
  [de] 2700/15430  1041s  ETA 81.8m
  [de] 2725/15430  1053s  ETA 81.8m
  [de] 2750/15430  1062s  ETA 81.6m
  [de] 2775/15430  1073s  ETA 81.5m
  [de] 2800/15430  1082s  ETA 81.4m
  [de] 2825/15430  1092s  ETA 81.2m
  [de] 2850/15430  1103s  ETA 81.1m
  [de] 2875/15430  1111s  ETA 80.9m
  [de] 2900/15430  1121s  ETA 80.7m
  [de] 2925/15430  1131s  ETA 80.6m
  [de] 2950/15430  1142s  ETA 80.5m
  [de] 2975/15430  1152s  ETA 80.4m
  [de] 3000/15430  1162s  ETA 80.2m
  [de] 3025/15430  1170s  ETA 80.0m
  [de] 3050/15430  1179s  ETA 79.7m
  [de] 3075/15430  1189s  ETA 79.6m
  [de] 3100/15430  1199s  ETA 79.5m
  [de] 3125/15430  1209s  ETA 79.3m
  [de] 3150/15430  1219s  ETA 79.2m
  [de] 3175/15430  1228s  ETA 79.0m
  [de] 3200/15430  1239s  ETA 78.9m
  [de] 3225/15430  1249s  ETA 78.8m
  [de] 3250/15430  1260s  ETA 78.7m
  [de] 3275/15430  1269s  ETA 78.5m
  [de] 3300/15430  1277s  ETA 78.3m
  [de] 3325/15430  1288s  ETA 78.2m
  [de] 3350/15430  1297s  ETA 77.9m
  [de] 3375/15430  1308s  ETA 77.9m
  [de] 3400/15430  1316s  ETA 77.6m
  [de] 3425/15430  1327s  ETA 77.5m
  [de] 3450/15430  1337s  ETA 77.4m
  [de] 3475/15430  1347s  ETA 77.2m
  [de] 3500/15430  1358s  ETA 77.2m
  [de] 3525/15430  1368s  ETA 77.0m
  [de] 3550/15430  1377s  ETA 76.8m
  [de] 3575/15430  1387s  ETA 76.7m
  [de] 3600/15430  1398s  ETA 76.6m
  [de] 3625/15430  1408s  ETA 76.4m
  [de] 3650/15430  1418s  ETA 76.3m
  [de] 3675/15430  1429s  ETA 76.2m
  [de] 3700/15430  1437s  ETA 75.9m
  [de] 3725/15430  1445s  ETA 75.7m
  [de] 3750/15430  1455s  ETA 75.5m
  [de] 3775/15430  1463s  ETA 75.3m
  [de] 3800/15430  1471s  ETA 75.0m
  [de] 3825/15430  1479s  ETA 74.8m
  [de] 3850/15430  1490s  ETA 74.7m
  [de] 3875/15430  1501s  ETA 74.6m
  [de] 3900/15430  1511s  ETA 74.4m
  [de] 3925/15430  1519s  ETA 74.2m
  [de] 3950/15430  1529s  ETA 74.1m
  [de] 3975/15430  1540s  ETA 73.9m
  [de] 4000/15430  1549s  ETA 73.8m
  [de] 4025/15430  1560s  ETA 73.7m
  [de] 4050/15430  1571s  ETA 73.6m
  [de] 4075/15430  1581s  ETA 73.4m
  [de] 4100/15430  1589s  ETA 73.2m
  [de] 4125/15430  1597s  ETA 73.0m
  [de] 4150/15430  1608s  ETA 72.8m
  [de] 4175/15430  1619s  ETA 72.7m
  [de] 4200/15430  1626s  ETA 72.5m
  [de] 4225/15430  1634s  ETA 72.2m
  [de] 4250/15430  1645s  ETA 72.1m
  [de] 4275/15430  1655s  ETA 72.0m
  [de] 4300/15430  1665s  ETA 71.8m
  [de] 4325/15430  1674s  ETA 71.6m
  [de] 4350/15430  1684s  ETA 71.5m
  [de] 4375/15430  1694s  ETA 71.3m
  [de] 4400/15430  1702s  ETA 71.1m
  [de] 4425/15430  1711s  ETA 70.9m
  [de] 4450/15430  1720s  ETA 70.7m
  [de] 4475/15430  1730s  ETA 70.6m
  [de] 4500/15430  1740s  ETA 70.5m
  [de] 4525/15430  1749s  ETA 70.2m
  [de] 4550/15430  1760s  ETA 70.1m
  [de] 4575/15430  1770s  ETA 70.0m
  [de] 4600/15430  1781s  ETA 69.9m
  [de] 4625/15430  1790s  ETA 69.7m
  [de] 4650/15430  1801s  ETA 69.6m
  [de] 4675/15430  1811s  ETA 69.4m
  [de] 4700/15430  1822s  ETA 69.3m
  [de] 4725/15430  1833s  ETA 69.2m
  [de] 4750/15430  1842s  ETA 69.0m
  [de] 4775/15430  1852s  ETA 68.9m
  [de] 4800/15430  1860s  ETA 68.7m
  [de] 4825/15430  1871s  ETA 68.5m
  [de] 4850/15430  1880s  ETA 68.4m
  [de] 4875/15430  1889s  ETA 68.2m
  [de] 4900/15430  1897s  ETA 68.0m
  [de] 4925/15430  1907s  ETA 67.8m
  [de] 4950/15430  1917s  ETA 67.6m
  [de] 4975/15430  1925s  ETA 67.4m
  [de] 5000/15430  1935s  ETA 67.3m
  [de] 5025/15430  1943s  ETA 67.0m
  [de] 5050/15430  1952s  ETA 66.9m
  [de] 5075/15430  1962s  ETA 66.7m
  [de] 5100/15430  1974s  ETA 66.6m
  [de] 5125/15430  1984s  ETA 66.5m
  [de] 5150/15430  1994s  ETA 66.3m
  [de] 5175/15430  2002s  ETA 66.1m
  [de] 5200/15430  2010s  ETA 65.9m
  [de] 5225/15430  2019s  ETA 65.7m
  [de] 5250/15430  2030s  ETA 65.6m
  [de] 5275/15430  2041s  ETA 65.5m
  [de] 5300/15430  2050s  ETA 65.3m
  [de] 5325/15430  2060s  ETA 65.2m
  [de] 5350/15430  2071s  ETA 65.0m
  [de] 5375/15430  2081s  ETA 64.9m
  [de] 5400/15430  2090s  ETA 64.7m
  [de] 5425/15430  2101s  ETA 64.6m
  [de] 5450/15430  2109s  ETA 64.4m
  [de] 5475/15430  2120s  ETA 64.2m
  [de] 5500/15430  2130s  ETA 64.1m
  [de] 5525/15430  2141s  ETA 64.0m
  [de] 5550/15430  2152s  ETA 63.9m
  [de] 5575/15430  2161s  ETA 63.7m
  [de] 5600/15430  2171s  ETA 63.5m
  [de] 5625/15430  2181s  ETA 63.4m
  [de] 5650/15430  2189s  ETA 63.2m
  [de] 5675/15430  2198s  ETA 63.0m
  [de] 5700/15430  2210s  ETA 62.9m
  [de] 5725/15430  2218s  ETA 62.7m
  [de] 5750/15430  2229s  ETA 62.5m
  [de] 5775/15430  2239s  ETA 62.4m
  [de] 5800/15430  2249s  ETA 62.2m
  [de] 5825/15430  2259s  ETA 62.1m
  [de] 5850/15430  2270s  ETA 62.0m
  [de] 5875/15430  2278s  ETA 61.7m
  [de] 5900/15430  2286s  ETA 61.6m
  [de] 5925/15430  2297s  ETA 61.4m
  [de] 5950/15430  2307s  ETA 61.3m
  [de] 5975/15430  2317s  ETA 61.1m
  [de] 6000/15430  2326s  ETA 60.9m
  [de] 6025/15430  2336s  ETA 60.8m
  [de] 6050/15430  2346s  ETA 60.6m
  [de] 6075/15430  2356s  ETA 60.5m
  [de] 6100/15430  2364s  ETA 60.3m
  [de] 6125/15430  2373s  ETA 60.1m
  [de] 6150/15430  2384s  ETA 59.9m
  [de] 6175/15430  2395s  ETA 59.8m
  [de] 6200/15430  2405s  ETA 59.7m
  [de] 6225/15430  2415s  ETA 59.5m
  [de] 6250/15430  2426s  ETA 59.4m
  [de] 6275/15430  2436s  ETA 59.2m
  [de] 6300/15430  2446s  ETA 59.1m
  [de] 6325/15430  2455s  ETA 58.9m
  [de] 6350/15430  2465s  ETA 58.7m
  [de] 6375/15430  2475s  ETA 58.6m
  [de] 6400/15430  2484s  ETA 58.4m
  [de] 6425/15430  2494s  ETA 58.3m
  [de] 6450/15430  2502s  ETA 58.1m
  [de] 6475/15430  2512s  ETA 57.9m
  [de] 6500/15430  2522s  ETA 57.8m
  [de] 6525/15430  2532s  ETA 57.6m
  [de] 6550/15430  2541s  ETA 57.4m
  [de] 6575/15430  2552s  ETA 57.3m
  [de] 6600/15430  2563s  ETA 57.1m
  [de] 6625/15430  2572s  ETA 57.0m
  [de] 6650/15430  2581s  ETA 56.8m
  [de] 6675/15430  2591s  ETA 56.6m
  [de] 6700/15430  2602s  ETA 56.5m
  [de] 6725/15430  2611s  ETA 56.3m
  [de] 6750/15430  2621s  ETA 56.2m
  [de] 6775/15430  2631s  ETA 56.0m
  [de] 6800/15430  2643s  ETA 55.9m
  [de] 6825/15430  2654s  ETA 55.8m
  [de] 6850/15430  2663s  ETA 55.6m
  [de] 6875/15430  2672s  ETA 55.4m
  [de] 6900/15430  2681s  ETA 55.2m
  [de] 6925/15430  2692s  ETA 55.1m
  [de] 6950/15430  2702s  ETA 54.9m
  [de] 6975/15430  2713s  ETA 54.8m
  [de] 7000/15430  2721s  ETA 54.6m
  [de] 7025/15430  2732s  ETA 54.5m
  [de] 7050/15430  2740s  ETA 54.3m
  [de] 7075/15430  2752s  ETA 54.2m
  [de] 7100/15430  2762s  ETA 54.0m
  [de] 7125/15430  2773s  ETA 53.9m
  [de] 7150/15430  2783s  ETA 53.7m
  [de] 7175/15430  2792s  ETA 53.5m
  [de] 7200/15430  2801s  ETA 53.4m
  [de] 7225/15430  2810s  ETA 53.2m
  [de] 7250/15430  2820s  ETA 53.0m
  [de] 7275/15430  2832s  ETA 52.9m
  [de] 7300/15430  2841s  ETA 52.7m
  [de] 7325/15430  2851s  ETA 52.6m
  [de] 7350/15430  2862s  ETA 52.4m
  [de] 7375/15430  2872s  ETA 52.3m
  [de] 7400/15430  2881s  ETA 52.1m
  [de] 7425/15430  2892s  ETA 52.0m
  [de] 7450/15430  2901s  ETA 51.8m
  [de] 7475/15430  2910s  ETA 51.6m
  [de] 7500/15430  2919s  ETA 51.4m
  [de] 7525/15430  2929s  ETA 51.3m
  [de] 7550/15430  2939s  ETA 51.1m
  [de] 7575/15430  2948s  ETA 51.0m
  [de] 7600/15430  2958s  ETA 50.8m
  [de] 7625/15430  2967s  ETA 50.6m
  [de] 7650/15430  2975s  ETA 50.4m
  [de] 7675/15430  2985s  ETA 50.3m
  [de] 7700/15430  2995s  ETA 50.1m
  [de] 7725/15430  3004s  ETA 49.9m
  [de] 7750/15430  3014s  ETA 49.8m
  [de] 7775/15430  3023s  ETA 49.6m
  [de] 7800/15430  3032s  ETA 49.4m
  [de] 7825/15430  3043s  ETA 49.3m
  [de] 7850/15430  3053s  ETA 49.1m
  [de] 7875/15430  3064s  ETA 49.0m
  [de] 7900/15430  3074s  ETA 48.8m
  [de] 7925/15430  3084s  ETA 48.7m
  [de] 7950/15430  3095s  ETA 48.5m
  [de] 7975/15430  3104s  ETA 48.4m
  [de] 8000/15430  3114s  ETA 48.2m
  [de] 8025/15430  3125s  ETA 48.1m
  [de] 8050/15430  3135s  ETA 47.9m
  [de] 8075/15430  3145s  ETA 47.7m
  [de] 8100/15430  3155s  ETA 47.6m
  [de] 8125/15430  3165s  ETA 47.4m
Traceback (most recent call last):
  File "/usr/lib/python3.10/runpy.py", line 196, in _run_module_as_main
    return _run_code(code, main_globals, None,
  File "/usr/lib/python3.10/runpy.py", line 86, in _run_code
    exec(code, run_globals)
  File "/home/mobility/STiTy/core/meaning_segmentator/autoseg/baselines/build.py", line 171, in <module>
    sys.exit(main())
  File "/home/mobility/STiTy/core/meaning_segmentator/autoseg/baselines/build.py", line 157, in main
    res = run_policy(args.policy, rows, tgt if tgt != "all" else "de", args)
  File "/home/mobility/STiTy/core/meaning_segmentator/autoseg/baselines/build.py", line 106, in run_policy
    out.append({**r, "pieces": alignatt.segment(nmt, r["text"], args.f)})
  File "/home/mobility/STiTy/core/meaning_segmentator/autoseg/baselines/alignatt.py", line 32, in segment
    emitted = nmt.emit_with_alignment(" ".join(words[:t]), forced or None)
  File "/home/mobility/STiTy/.venv-autoseg/lib/python3.10/site-packages/torch/utils/_contextlib.py", line 124, in decorate_context
    return func(*args, **kwargs)
  File "/home/mobility/STiTy/core/meaning_segmentator/autoseg/baselines/nmt.py", line 103, in emit_with_alignment
    out = self.model.generate(
  File "/home/mobility/STiTy/.venv-autoseg/lib/python3.10/site-packages/torch/utils/_contextlib.py", line 124, in decorate_context
    return func(*args, **kwargs)
  File "/home/mobility/STiTy/.venv-autoseg/lib/python3.10/site-packages/transformers/generation/utils.py", line 2566, in generate
    result = decoding_method(
  File "/home/mobility/STiTy/.venv-autoseg/lib/python3.10/site-packages/transformers/generation/utils.py", line 2781, in _sample
    while self._has_unfinished_sequences(this_peer_finished, synced_gpus, device=input_ids.device):
  File "/home/mobility/STiTy/.venv-autoseg/lib/python3.10/site-packages/transformers/generation/utils.py", line 2599, in _has_unfinished_sequences
    elif this_peer_finished:
torch.AcceleratorError: CUDA error: unspecified launch failure
Search for `cudaErrorLaunchFailure' in https://docs.nvidia.com/cuda/cuda-runtime-api/group__CUDART__TYPES.html for more information.
CUDA kernel errors might be asynchronously reported at some other API call, so the stacktrace below might be incorrect.
For debugging consider passing CUDA_LAUNCH_BLOCKING=1

[alignatt] en→de, 15430문장
  [de] 25/15430  11s  ETA 110.5m
  [de] 50/15430  17s  ETA 87.8m
  [de] 75/15430  22s  ETA 74.6m
  [de] 100/15430  27s  ETA 69.2m
  [de] 125/15430  32s  ETA 65.9m
  [de] 150/15430  38s  ETA 64.7m
  [de] 175/15430  44s  ETA 63.7m
  [de] 200/15430  49s  ETA 62.5m
  [de] 225/15430  55s  ETA 62.1m
  [de] 250/15430  61s  ETA 61.9m
  [de] 275/15430  66s  ETA 60.3m
  [de] 300/15430  72s  ETA 60.7m
  [de] 325/15430  78s  ETA 60.1m
  [de] 350/15430  84s  ETA 60.0m
  [de] 375/15430  89s  ETA 59.9m
  [de] 400/15430  95s  ETA 59.8m
  [de] 425/15430  102s  ETA 59.8m
  [de] 450/15430  107s  ETA 59.3m
  [de] 475/15430  112s  ETA 58.9m
  [de] 500/15430  118s  ETA 58.5m
  [de] 525/15430  124s  ETA 58.6m
  [de] 550/15430  128s  ETA 57.8m
  [de] 575/15430  133s  ETA 57.4m
  [de] 600/15430  139s  ETA 57.1m
  [de] 625/15430  145s  ETA 57.3m
  [de] 650/15430  151s  ETA 57.2m
  [de] 675/15430  156s  ETA 56.9m
  [de] 700/15430  162s  ETA 57.0m
  [de] 725/15430  168s  ETA 56.6m
  [de] 750/15430  172s  ETA 56.2m
  [de] 775/15430  177s  ETA 55.9m
  [de] 800/15430  182s  ETA 55.6m
  [de] 825/15430  188s  ETA 55.5m
  [de] 850/15430  193s  ETA 55.2m
  [de] 875/15430  198s  ETA 54.9m
  [de] 900/15430  203s  ETA 54.7m
  [de] 925/15430  208s  ETA 54.4m
  [de] 950/15430  214s  ETA 54.4m
  [de] 975/15430  219s  ETA 54.1m
  [de] 1000/15430  224s  ETA 53.8m
  [de] 1025/15430  229s  ETA 53.7m
  [de] 1050/15430  234s  ETA 53.5m
  [de] 1075/15430  239s  ETA 53.1m
  [de] 1100/15430  243s  ETA 52.9m
  [de] 1125/15430  249s  ETA 52.9m
  [de] 1150/15430  254s  ETA 52.6m
  [de] 1175/15430  260s  ETA 52.6m
  [de] 1200/15430  265s  ETA 52.4m
  [de] 1225/15430  270s  ETA 52.2m
  [de] 1250/15430  276s  ETA 52.1m
  [de] 1275/15430  281s  ETA 52.0m
  [de] 1300/15430  287s  ETA 52.0m
  [de] 1325/15430  292s  ETA 51.8m
  [de] 1350/15430  297s  ETA 51.7m
  [de] 1375/15430  303s  ETA 51.5m
  [de] 1400/15430  308s  ETA 51.4m
  [de] 1425/15430  313s  ETA 51.3m
  [de] 1450/15430  318s  ETA 51.2m
  [de] 1475/15430  324s  ETA 51.0m
  [de] 1500/15430  328s  ETA 50.8m
  [de] 1525/15430  334s  ETA 50.8m
  [de] 1550/15430  339s  ETA 50.6m
  [de] 1575/15430  345s  ETA 50.5m
  [de] 1600/15430  350s  ETA 50.4m
  [de] 1625/15430  355s  ETA 50.2m
  [de] 1650/15430  360s  ETA 50.2m
  [de] 1675/15430  365s  ETA 50.0m
  [de] 1700/15430  371s  ETA 49.9m
  [de] 1725/15430  377s  ETA 49.9m
  [de] 1750/15430  382s  ETA 49.7m
  [de] 1775/15430  387s  ETA 49.6m
  [de] 1800/15430  392s  ETA 49.5m
  [de] 1825/15430  399s  ETA 49.5m
  [de] 1850/15430  404s  ETA 49.4m
  [de] 1875/15430  409s  ETA 49.3m
  [de] 1900/15430  414s  ETA 49.1m
  [de] 1925/15430  420s  ETA 49.1m
  [de] 1950/15430  425s  ETA 48.9m
  [de] 1975/15430  430s  ETA 48.8m
  [de] 2000/15430  437s  ETA 48.9m
  [de] 2025/15430  442s  ETA 48.7m
  [de] 2050/15430  447s  ETA 48.6m
  [de] 2075/15430  451s  ETA 48.4m
  [de] 2100/15430  458s  ETA 48.4m
  [de] 2125/15430  462s  ETA 48.2m
  [de] 2150/15430  467s  ETA 48.0m
  [de] 2175/15430  471s  ETA 47.9m
  [de] 2200/15430  476s  ETA 47.7m
  [de] 2225/15430  482s  ETA 47.6m
  [de] 2250/15430  486s  ETA 47.5m
  [de] 2275/15430  492s  ETA 47.4m
  [de] 2300/15430  498s  ETA 47.3m
  [de] 2325/15430  503s  ETA 47.3m
  [de] 2350/15430  508s  ETA 47.2m
  [de] 2375/15430  514s  ETA 47.1m
  [de] 2400/15430  518s  ETA 46.9m
  [de] 2425/15430  523s  ETA 46.8m
  [de] 2450/15430  528s  ETA 46.6m
  [de] 2475/15430  534s  ETA 46.6m
  [de] 2500/15430  540s  ETA 46.5m
  [de] 2525/15430  546s  ETA 46.5m
  [de] 2550/15430  551s  ETA 46.4m
  [de] 2575/15430  557s  ETA 46.4m
  [de] 2600/15430  562s  ETA 46.2m
  [de] 2625/15430  566s  ETA 46.0m
  [de] 2650/15430  573s  ETA 46.1m
  [de] 2675/15430  579s  ETA 46.0m
  [de] 2700/15430  585s  ETA 45.9m
  [de] 2725/15430  591s  ETA 45.9m
  [de] 2750/15430  596s  ETA 45.8m
  [de] 2775/15430  602s  ETA 45.8m
  [de] 2800/15430  608s  ETA 45.7m
  [de] 2825/15430  613s  ETA 45.6m
  [de] 2850/15430  619s  ETA 45.6m
  [de] 2875/15430  624s  ETA 45.4m
  [de] 2900/15430  629s  ETA 45.3m
  [de] 2925/15430  636s  ETA 45.3m
  [de] 2950/15430  641s  ETA 45.2m
  [de] 2975/15430  647s  ETA 45.2m
  [de] 3000/15430  653s  ETA 45.1m
  [de] 3025/15430  657s  ETA 44.9m
  [de] 3050/15430  662s  ETA 44.8m
  [de] 3075/15430  668s  ETA 44.7m
  [de] 3100/15430  673s  ETA 44.6m
  [de] 3125/15430  679s  ETA 44.6m
  [de] 3150/15430  685s  ETA 44.5m
  [de] 3175/15430  690s  ETA 44.4m
  [de] 3200/15430  696s  ETA 44.3m
  [de] 3225/15430  702s  ETA 44.3m
  [de] 3250/15430  708s  ETA 44.2m
  [de] 3275/15430  713s  ETA 44.1m
  [de] 3300/15430  718s  ETA 44.0m
  [de] 3325/15430  724s  ETA 43.9m
  [de] 3350/15430  728s  ETA 43.8m
  [de] 3375/15430  735s  ETA 43.7m
  [de] 3400/15430  739s  ETA 43.6m
  [de] 3425/15430  745s  ETA 43.5m
  [de] 3450/15430  751s  ETA 43.5m
  [de] 3475/15430  757s  ETA 43.4m
  [de] 3500/15430  763s  ETA 43.3m
  [de] 3525/15430  768s  ETA 43.2m
  [de] 3550/15430  773s  ETA 43.1m
  [de] 3575/15430  779s  ETA 43.1m
  [de] 3600/15430  785s  ETA 43.0m
  [de] 3625/15430  791s  ETA 42.9m
  [de] 3650/15430  796s  ETA 42.8m
  [de] 3675/15430  802s  ETA 42.8m
  [de] 3700/15430  807s  ETA 42.6m
  [de] 3725/15430  812s  ETA 42.5m
  [de] 3750/15430  817s  ETA 42.4m
  [de] 3775/15430  822s  ETA 42.3m
  [de] 3800/15430  826s  ETA 42.1m
  [de] 3825/15430  830s  ETA 42.0m
  [de] 3850/15430  836s  ETA 41.9m
  [de] 3875/15430  843s  ETA 41.9m
  [de] 3900/15430  848s  ETA 41.8m
  [de] 3925/15430  853s  ETA 41.7m
  [de] 3950/15430  858s  ETA 41.6m
  [de] 3975/15430  864s  ETA 41.5m
  [de] 4000/15430  870s  ETA 41.4m
  [de] 4025/15430  876s  ETA 41.4m
  [de] 4050/15430  882s  ETA 41.3m
  [de] 4075/15430  887s  ETA 41.2m
  [de] 4100/15430  892s  ETA 41.1m
  [de] 4125/15430  897s  ETA 41.0m
  [de] 4150/15430  903s  ETA 40.9m
  [de] 4175/15430  909s  ETA 40.8m
  [de] 4200/15430  913s  ETA 40.7m
  [de] 4225/15430  917s  ETA 40.5m
  [de] 4250/15430  923s  ETA 40.5m
  [de] 4275/15430  929s  ETA 40.4m
  [de] 4300/15430  934s  ETA 40.3m
  [de] 4325/15430  940s  ETA 40.2m
  [de] 4350/15430  945s  ETA 40.1m
  [de] 4375/15430  951s  ETA 40.0m
  [de] 4400/15430  955s  ETA 39.9m
  [de] 4425/15430  960s  ETA 39.8m
  [de] 4450/15430  965s  ETA 39.7m
  [de] 4475/15430  971s  ETA 39.6m
  [de] 4500/15430  977s  ETA 39.5m
  [de] 4525/15430  982s  ETA 39.4m
  [de] 4550/15430  988s  ETA 39.4m
  [de] 4575/15430  994s  ETA 39.3m
  [de] 4600/15430  999s  ETA 39.2m
  [de] 4625/15430  1005s  ETA 39.1m
  [de] 4650/15430  1011s  ETA 39.1m
  [de] 4675/15430  1016s  ETA 39.0m
  [de] 4700/15430  1023s  ETA 38.9m
  [de] 4725/15430  1029s  ETA 38.8m
  [de] 4750/15430  1034s  ETA 38.7m
  [de] 4775/15430  1039s  ETA 38.7m
  [de] 4800/15430  1044s  ETA 38.5m
  [de] 4825/15430  1050s  ETA 38.5m
  [de] 4850/15430  1055s  ETA 38.4m
  [de] 4875/15430  1060s  ETA 38.3m
  [de] 4900/15430  1065s  ETA 38.1m
  [de] 4925/15430  1070s  ETA 38.0m
  [de] 4950/15430  1076s  ETA 38.0m
  [de] 4975/15430  1081s  ETA 37.8m
  [de] 5000/15430  1086s  ETA 37.8m
  [de] 5025/15430  1090s  ETA 37.6m
  [de] 5050/15430  1096s  ETA 37.5m
  [de] 5075/15430  1101s  ETA 37.4m
  [de] 5100/15430  1108s  ETA 37.4m
  [de] 5125/15430  1113s  ETA 37.3m
  [de] 5150/15430  1119s  ETA 37.2m
  [de] 5175/15430  1123s  ETA 37.1m
  [de] 5200/15430  1128s  ETA 37.0m
  [de] 5225/15430  1133s  ETA 36.9m
  [de] 5250/15430  1139s  ETA 36.8m
  [de] 5275/15430  1145s  ETA 36.8m
  [de] 5300/15430  1151s  ETA 36.7m
  [de] 5325/15430  1156s  ETA 36.6m
  [de] 5350/15430  1162s  ETA 36.5m
  [de] 5375/15430  1168s  ETA 36.4m
  [de] 5400/15430  1173s  ETA 36.3m
  [de] 5425/15430  1179s  ETA 36.2m
  [de] 5450/15430  1184s  ETA 36.1m
  [de] 5475/15430  1190s  ETA 36.1m
  [de] 5500/15430  1195s  ETA 36.0m
  [de] 5525/15430  1201s  ETA 35.9m
  [de] 5550/15430  1208s  ETA 35.8m
  [de] 5575/15430  1213s  ETA 35.7m
  [de] 5600/15430  1219s  ETA 35.7m
  [de] 5625/15430  1224s  ETA 35.6m
  [de] 5650/15430  1229s  ETA 35.4m
  [de] 5675/15430  1234s  ETA 35.3m
  [de] 5700/15430  1240s  ETA 35.3m
  [de] 5725/15430  1245s  ETA 35.2m
  [de] 5750/15430  1251s  ETA 35.1m
  [de] 5775/15430  1257s  ETA 35.0m
  [de] 5800/15430  1262s  ETA 34.9m
  [de] 5825/15430  1268s  ETA 34.9m
  [de] 5850/15430  1274s  ETA 34.8m
  [de] 5875/15430  1278s  ETA 34.6m
  [de] 5900/15430  1283s  ETA 34.5m
  [de] 5925/15430  1289s  ETA 34.5m
  [de] 5950/15430  1295s  ETA 34.4m
  [de] 5975/15430  1300s  ETA 34.3m
  [de] 6000/15430  1305s  ETA 34.2m
  [de] 6025/15430  1311s  ETA 34.1m
  [de] 6050/15430  1317s  ETA 34.0m
  [de] 6075/15430  1322s  ETA 33.9m
  [de] 6100/15430  1327s  ETA 33.8m
  [de] 6125/15430  1332s  ETA 33.7m
  [de] 6150/15430  1338s  ETA 33.6m
  [de] 6175/15430  1344s  ETA 33.6m
  [de] 6200/15430  1350s  ETA 33.5m
  [de] 6225/15430  1355s  ETA 33.4m
  [de] 6250/15430  1362s  ETA 33.3m
  [de] 6275/15430  1367s  ETA 33.2m
  [de] 6300/15430  1373s  ETA 33.2m
  [de] 6325/15430  1378s  ETA 33.1m
  [de] 6350/15430  1383s  ETA 33.0m
  [de] 6375/15430  1389s  ETA 32.9m
  [de] 6400/15430  1394s  ETA 32.8m
  [de] 6425/15430  1399s  ETA 32.7m
  [de] 6450/15430  1404s  ETA 32.6m
  [de] 6475/15430  1410s  ETA 32.5m
  [de] 6500/15430  1416s  ETA 32.4m
  [de] 6525/15430  1421s  ETA 32.3m
  [de] 6550/15430  1426s  ETA 32.2m
  [de] 6575/15430  1432s  ETA 32.1m
  [de] 6600/15430  1438s  ETA 32.1m
  [de] 6625/15430  1443s  ETA 32.0m
  [de] 6650/15430  1448s  ETA 31.9m
  [de] 6675/15430  1454s  ETA 31.8m
  [de] 6700/15430  1460s  ETA 31.7m
  [de] 6725/15430  1465s  ETA 31.6m
  [de] 6750/15430  1471s  ETA 31.5m
  [de] 6775/15430  1477s  ETA 31.4m
  [de] 6800/15430  1483s  ETA 31.4m
  [de] 6825/15430  1489s  ETA 31.3m
  [de] 6850/15430  1494s  ETA 31.2m
  [de] 6875/15430  1499s  ETA 31.1m
  [de] 6900/15430  1504s  ETA 31.0m
  [de] 6925/15430  1511s  ETA 30.9m
  [de] 6950/15430  1516s  ETA 30.8m
  [de] 6975/15430  1522s  ETA 30.8m
  [de] 7000/15430  1527s  ETA 30.7m
  [de] 7025/15430  1533s  ETA 30.6m
  [de] 7050/15430  1538s  ETA 30.5m
  [de] 7075/15430  1544s  ETA 30.4m
  [de] 7100/15430  1550s  ETA 30.3m
  [de] 7125/15430  1556s  ETA 30.2m
  [de] 7150/15430  1562s  ETA 30.1m
  [de] 7175/15430  1567s  ETA 30.0m
  [de] 7200/15430  1572s  ETA 29.9m
  [de] 7225/15430  1577s  ETA 29.8m
  [de] 7250/15430  1583s  ETA 29.8m
  [de] 7275/15430  1589s  ETA 29.7m
  [de] 7300/15430  1594s  ETA 29.6m
  [de] 7325/15430  1599s  ETA 29.5m
  [de] 7350/15430  1606s  ETA 29.4m
  [de] 7375/15430  1611s  ETA 29.3m
  [de] 7400/15430  1617s  ETA 29.2m
  [de] 7425/15430  1622s  ETA 29.2m
  [de] 7450/15430  1628s  ETA 29.1m
  [de] 7475/15430  1633s  ETA 29.0m
  [de] 7500/15430  1638s  ETA 28.9m
  [de] 7525/15430  1643s  ETA 28.8m
  [de] 7550/15430  1649s  ETA 28.7m
  [de] 7575/15430  1654s  ETA 28.6m
  [de] 7600/15430  1659s  ETA 28.5m
  [de] 7625/15430  1664s  ETA 28.4m
  [de] 7650/15430  1669s  ETA 28.3m
  [de] 7675/15430  1675s  ETA 28.2m
  [de] 7700/15430  1680s  ETA 28.1m
  [de] 7725/15430  1685s  ETA 28.0m
  [de] 7750/15430  1691s  ETA 27.9m
  [de] 7775/15430  1696s  ETA 27.8m
  [de] 7800/15430  1701s  ETA 27.7m
  [de] 7825/15430  1707s  ETA 27.7m
  [de] 7850/15430  1713s  ETA 27.6m
  [de] 7875/15430  1719s  ETA 27.5m
  [de] 7900/15430  1724s  ETA 27.4m
  [de] 7925/15430  1730s  ETA 27.3m
  [de] 7950/15430  1736s  ETA 27.2m
  [de] 7975/15430  1741s  ETA 27.1m
  [de] 8000/15430  1747s  ETA 27.0m
  [de] 8025/15430  1753s  ETA 27.0m
  [de] 8050/15430  1759s  ETA 26.9m
  [de] 8075/15430  1764s  ETA 26.8m
  [de] 8100/15430  1770s  ETA 26.7m
  [de] 8125/15430  1776s  ETA 26.6m
  [de] 8150/15430  1781s  ETA 26.5m
  [de] 8175/15430  1788s  ETA 26.4m
  [de] 8200/15430  1793s  ETA 26.3m
  [de] 8225/15430  1799s  ETA 26.3m
  [de] 8250/15430  1804s  ETA 26.2m
  [de] 8275/15430  1810s  ETA 26.1m
  [de] 8300/15430  1816s  ETA 26.0m
  [de] 8325/15430  1823s  ETA 25.9m
  [de] 8350/15430  1829s  ETA 25.8m
  [de] 8375/15430  1834s  ETA 25.8m
  [de] 8400/15430  1840s  ETA 25.7m
  [de] 8425/15430  1846s  ETA 25.6m
  [de] 8450/15430  1850s  ETA 25.5m
  [de] 8475/15430  1857s  ETA 25.4m
  [de] 8500/15430  1863s  ETA 25.3m
  [de] 8525/15430  1869s  ETA 25.2m
  [de] 8550/15430  1876s  ETA 25.2m
  [de] 8575/15430  1882s  ETA 25.1m
  [de] 8600/15430  1888s  ETA 25.0m
  [de] 8625/15430  1895s  ETA 24.9m
  [de] 8650/15430  1902s  ETA 24.8m
  [de] 8675/15430  1907s  ETA 24.8m
  [de] 8700/15430  1913s  ETA 24.7m
  [de] 8725/15430  1919s  ETA 24.6m
  [de] 8750/15430  1926s  ETA 24.5m
  [de] 8775/15430  1931s  ETA 24.4m
  [de] 8800/15430  1938s  ETA 24.3m
  [de] 8825/15430  1944s  ETA 24.2m
  [de] 8850/15430  1949s  ETA 24.2m
  [de] 8875/15430  1956s  ETA 24.1m
  [de] 8900/15430  1960s  ETA 24.0m
  [de] 8925/15430  1967s  ETA 23.9m
  [de] 8950/15430  1973s  ETA 23.8m
  [de] 8975/15430  1979s  ETA 23.7m
  [de] 9000/15430  1984s  ETA 23.6m
  [de] 9025/15430  1990s  ETA 23.5m
  [de] 9050/15430  1996s  ETA 23.4m
  [de] 9075/15430  2001s  ETA 23.4m
  [de] 9100/15430  2007s  ETA 23.3m
  [de] 9125/15430  2013s  ETA 23.2m
  [de] 9150/15430  2019s  ETA 23.1m
  [de] 9175/15430  2024s  ETA 23.0m
  [de] 9200/15430  2031s  ETA 22.9m
  [de] 9225/15430  2036s  ETA 22.8m
  [de] 9250/15430  2042s  ETA 22.7m
  [de] 9275/15430  2048s  ETA 22.7m
  [de] 9300/15430  2054s  ETA 22.6m
  [de] 9325/15430  2060s  ETA 22.5m
  [de] 9350/15430  2065s  ETA 22.4m
  [de] 9375/15430  2070s  ETA 22.3m
  [de] 9400/15430  2076s  ETA 22.2m
  [de] 9425/15430  2082s  ETA 22.1m
  [de] 9450/15430  2087s  ETA 22.0m
  [de] 9475/15430  2092s  ETA 21.9m
  [de] 9500/15430  2098s  ETA 21.8m
  [de] 9525/15430  2103s  ETA 21.7m
  [de] 9550/15430  2108s  ETA 21.6m
  [de] 9575/15430  2113s  ETA 21.5m
  [de] 9600/15430  2119s  ETA 21.4m
  [de] 9625/15430  2124s  ETA 21.4m
  [de] 9650/15430  2131s  ETA 21.3m
  [de] 9675/15430  2137s  ETA 21.2m
  [de] 9700/15430  2143s  ETA 21.1m
  [de] 9725/15430  2149s  ETA 21.0m
  [de] 9750/15430  2156s  ETA 20.9m
  [de] 9775/15430  2161s  ETA 20.8m
  [de] 9800/15430  2167s  ETA 20.7m
  [de] 9825/15430  2172s  ETA 20.7m
  [de] 9850/15430  2178s  ETA 20.6m
  [de] 9875/15430  2183s  ETA 20.5m
  [de] 9900/15430  2189s  ETA 20.4m
  [de] 9925/15430  2195s  ETA 20.3m
  [de] 9950/15430  2200s  ETA 20.2m
  [de] 9975/15430  2205s  ETA 20.1m
  [de] 10000/15430  2211s  ETA 20.0m
  [de] 10025/15430  2216s  ETA 19.9m
  [de] 10050/15430  2223s  ETA 19.8m
  [de] 10075/15430  2229s  ETA 19.7m
  [de] 10100/15430  2235s  ETA 19.7m
  [de] 10125/15430  2241s  ETA 19.6m
  [de] 10150/15430  2247s  ETA 19.5m
  [de] 10175/15430  2253s  ETA 19.4m
  [de] 10200/15430  2258s  ETA 19.3m
  [de] 10225/15430  2264s  ETA 19.2m
  [de] 10250/15430  2270s  ETA 19.1m
  [de] 10275/15430  2278s  ETA 19.0m
  [de] 10300/15430  2283s  ETA 18.9m
  [de] 10325/15430  2289s  ETA 18.9m
  [de] 10350/15430  2295s  ETA 18.8m
  [de] 10375/15430  2300s  ETA 18.7m
  [de] 10400/15430  2306s  ETA 18.6m
  [de] 10425/15430  2312s  ETA 18.5m
  [de] 10450/15430  2317s  ETA 18.4m
  [de] 10475/15430  2322s  ETA 18.3m
  [de] 10500/15430  2329s  ETA 18.2m
  [de] 10525/15430  2334s  ETA 18.1m
  [de] 10550/15430  2339s  ETA 18.0m
  [de] 10575/15430  2345s  ETA 17.9m
  [de] 10600/15430  2351s  ETA 17.9m
  [de] 10625/15430  2357s  ETA 17.8m
  [de] 10650/15430  2363s  ETA 17.7m
  [de] 10675/15430  2368s  ETA 17.6m
  [de] 10700/15430  2374s  ETA 17.5m
  [de] 10725/15430  2379s  ETA 17.4m
  [de] 10750/15430  2385s  ETA 17.3m
  [de] 10775/15430  2390s  ETA 17.2m
  [de] 10800/15430  2396s  ETA 17.1m
  [de] 10825/15430  2402s  ETA 17.0m
  [de] 10850/15430  2408s  ETA 16.9m
  [de] 10875/15430  2414s  ETA 16.9m
  [de] 10900/15430  2419s  ETA 16.8m
  [de] 10925/15430  2425s  ETA 16.7m
  [de] 10950/15430  2430s  ETA 16.6m
  [de] 10975/15430  2436s  ETA 16.5m
  [de] 11000/15430  2441s  ETA 16.4m
  [de] 11025/15430  2446s  ETA 16.3m
  [de] 11050/15430  2452s  ETA 16.2m
  [de] 11075/15430  2457s  ETA 16.1m
  [de] 11100/15430  2462s  ETA 16.0m
  [de] 11125/15430  2468s  ETA 15.9m
  [de] 11150/15430  2473s  ETA 15.8m
  [de] 11175/15430  2479s  ETA 15.7m
  [de] 11200/15430  2484s  ETA 15.6m
  [de] 11225/15430  2490s  ETA 15.5m
  [de] 11250/15430  2497s  ETA 15.5m
  [de] 11275/15430  2503s  ETA 15.4m
  [de] 11300/15430  2509s  ETA 15.3m
  [de] 11325/15430  2516s  ETA 15.2m
  [de] 11350/15430  2521s  ETA 15.1m
  [de] 11375/15430  2526s  ETA 15.0m
  [de] 11400/15430  2532s  ETA 14.9m
  [de] 11425/15430  2538s  ETA 14.8m
  [de] 11450/15430  2543s  ETA 14.7m
  [de] 11475/15430  2549s  ETA 14.6m
  [de] 11500/15430  2554s  ETA 14.5m
  [de] 11525/15430  2561s  ETA 14.5m
  [de] 11550/15430  2567s  ETA 14.4m
  [de] 11575/15430  2573s  ETA 14.3m
  [de] 11600/15430  2579s  ETA 14.2m
  [de] 11625/15430  2586s  ETA 14.1m
  [de] 11650/15430  2591s  ETA 14.0m
  [de] 11675/15430  2596s  ETA 13.9m
  [de] 11700/15430  2602s  ETA 13.8m
  [de] 11725/15430  2607s  ETA 13.7m
  [de] 11750/15430  2612s  ETA 13.6m
  [de] 11775/15430  2619s  ETA 13.5m
  [de] 11800/15430  2625s  ETA 13.5m
  [de] 11825/15430  2630s  ETA 13.4m
  [de] 11850/15430  2636s  ETA 13.3m
  [de] 11875/15430  2642s  ETA 13.2m
  [de] 11900/15430  2647s  ETA 13.1m
  [de] 11925/15430  2653s  ETA 13.0m
  [de] 11950/15430  2658s  ETA 12.9m
  [de] 11975/15430  2664s  ETA 12.8m
  [de] 12000/15430  2670s  ETA 12.7m
  [de] 12025/15430  2676s  ETA 12.6m
  [de] 12050/15430  2682s  ETA 12.5m
  [de] 12075/15430  2688s  ETA 12.4m
  [de] 12100/15430  2693s  ETA 12.4m
  [de] 12125/15430  2698s  ETA 12.3m
  [de] 12150/15430  2704s  ETA 12.2m
  [de] 12175/15430  2710s  ETA 12.1m
  [de] 12200/15430  2716s  ETA 12.0m
  [de] 12225/15430  2721s  ETA 11.9m
  [de] 12250/15430  2726s  ETA 11.8m
  [de] 12275/15430  2731s  ETA 11.7m
  [de] 12300/15430  2737s  ETA 11.6m
  [de] 12325/15430  2743s  ETA 11.5m
  [de] 12350/15430  2748s  ETA 11.4m
  [de] 12375/15430  2754s  ETA 11.3m
  [de] 12400/15430  2760s  ETA 11.2m
  [de] 12425/15430  2765s  ETA 11.1m
  [de] 12450/15430  2771s  ETA 11.1m
  [de] 12475/15430  2777s  ETA 11.0m
  [de] 12500/15430  2783s  ETA 10.9m
  [de] 12525/15430  2788s  ETA 10.8m
  [de] 12550/15430  2794s  ETA 10.7m
  [de] 12575/15430  2800s  ETA 10.6m
  [de] 12600/15430  2806s  ETA 10.5m
  [de] 12625/15430  2812s  ETA 10.4m
  [de] 12650/15430  2817s  ETA 10.3m
  [de] 12675/15430  2823s  ETA 10.2m
  [de] 12700/15430  2829s  ETA 10.1m
  [de] 12725/15430  2834s  ETA 10.0m
  [de] 12750/15430  2840s  ETA 9.9m
  [de] 12775/15430  2845s  ETA 9.9m
  [de] 12800/15430  2851s  ETA 9.8m
  [de] 12825/15430  2858s  ETA 9.7m
  [de] 12850/15430  2863s  ETA 9.6m
  [de] 12875/15430  2870s  ETA 9.5m
  [de] 12900/15430  2876s  ETA 9.4m
  [de] 12925/15430  2881s  ETA 9.3m
  [de] 12950/15430  2887s  ETA 9.2m
  [de] 12975/15430  2893s  ETA 9.1m
  [de] 13000/15430  2899s  ETA 9.0m
  [de] 13025/15430  2905s  ETA 8.9m
  [de] 13050/15430  2910s  ETA 8.8m
  [de] 13075/15430  2915s  ETA 8.8m
  [de] 13100/15430  2923s  ETA 8.7m
  [de] 13125/15430  2929s  ETA 8.6m
  [de] 13150/15430  2934s  ETA 8.5m
  [de] 13175/15430  2940s  ETA 8.4m
  [de] 13200/15430  2945s  ETA 8.3m
  [de] 13225/15430  2950s  ETA 8.2m
  [de] 13250/15430  2956s  ETA 8.1m
  [de] 13275/15430  2962s  ETA 8.0m
  [de] 13300/15430  2967s  ETA 7.9m
  [de] 13325/15430  2973s  ETA 7.8m
  [de] 13350/15430  2978s  ETA 7.7m
  [de] 13375/15430  2984s  ETA 7.6m
  [de] 13400/15430  2990s  ETA 7.5m
  [de] 13425/15430  2996s  ETA 7.5m
  [de] 13450/15430  3001s  ETA 7.4m
  [de] 13475/15430  3008s  ETA 7.3m
  [de] 13500/15430  3014s  ETA 7.2m
  [de] 13525/15430  3019s  ETA 7.1m
  [de] 13550/15430  3025s  ETA 7.0m
  [de] 13575/15430  3030s  ETA 6.9m
  [de] 13600/15430  3036s  ETA 6.8m
  [de] 13625/15430  3041s  ETA 6.7m
  [de] 13650/15430  3047s  ETA 6.6m
  [de] 13675/15430  3053s  ETA 6.5m
  [de] 13700/15430  3059s  ETA 6.4m
  [de] 13725/15430  3065s  ETA 6.3m
  [de] 13750/15430  3071s  ETA 6.3m
  [de] 13775/15430  3077s  ETA 6.2m
  [de] 13800/15430  3083s  ETA 6.1m
  [de] 13825/15430  3088s  ETA 6.0m
  [de] 13850/15430  3094s  ETA 5.9m
  [de] 13875/15430  3101s  ETA 5.8m
  [de] 13900/15430  3107s  ETA 5.7m
  [de] 13925/15430  3113s  ETA 5.6m
  [de] 13950/15430  3120s  ETA 5.5m
  [de] 13975/15430  3126s  ETA 5.4m
  [de] 14000/15430  3131s  ETA 5.3m
  [de] 14025/15430  3137s  ETA 5.2m
  [de] 14050/15430  3144s  ETA 5.1m
  [de] 14075/15430  3149s  ETA 5.1m
  [de] 14100/15430  3154s  ETA 5.0m
  [de] 14125/15430  3159s  ETA 4.9m
  [de] 14150/15430  3165s  ETA 4.8m
  [de] 14175/15430  3171s  ETA 4.7m
  [de] 14200/15430  3177s  ETA 4.6m
  [de] 14225/15430  3184s  ETA 4.5m
  [de] 14250/15430  3189s  ETA 4.4m
  [de] 14275/15430  3194s  ETA 4.3m
  [de] 14300/15430  3200s  ETA 4.2m
  [de] 14325/15430  3206s  ETA 4.1m
  [de] 14350/15430  3212s  ETA 4.0m
  [de] 14375/15430  3217s  ETA 3.9m
  [de] 14400/15430  3223s  ETA 3.8m
  [de] 14425/15430  3229s  ETA 3.7m
  [de] 14450/15430  3235s  ETA 3.7m
  [de] 14475/15430  3241s  ETA 3.6m
  [de] 14500/15430  3246s  ETA 3.5m
  [de] 14525/15430  3252s  ETA 3.4m
  [de] 14550/15430  3256s  ETA 3.3m
  [de] 14575/15430  3262s  ETA 3.2m
  [de] 14600/15430  3268s  ETA 3.1m
  [de] 14625/15430  3274s  ETA 3.0m
  [de] 14650/15430  3280s  ETA 2.9m
  [de] 14675/15430  3286s  ETA 2.8m
  [de] 14700/15430  3292s  ETA 2.7m
  [de] 14725/15430  3297s  ETA 2.6m
  [de] 14750/15430  3303s  ETA 2.5m
  [de] 14775/15430  3309s  ETA 2.4m
  [de] 14800/15430  3314s  ETA 2.4m
  [de] 14825/15430  3320s  ETA 2.3m
  [de] 14850/15430  3326s  ETA 2.2m
  [de] 14875/15430  3331s  ETA 2.1m
  [de] 14900/15430  3338s  ETA 2.0m
  [de] 14925/15430  3344s  ETA 1.9m
  [de] 14950/15430  3350s  ETA 1.8m
  [de] 14975/15430  3355s  ETA 1.7m
  [de] 15000/15430  3362s  ETA 1.6m
  [de] 15025/15430  3368s  ETA 1.5m
  [de] 15050/15430  3373s  ETA 1.4m
  [de] 15075/15430  3380s  ETA 1.3m
  [de] 15100/15430  3385s  ETA 1.2m
  [de] 15125/15430  3391s  ETA 1.1m
  [de] 15150/15430  3400s  ETA 1.0m
  [de] 15175/15430  3406s  ETA 1.0m
  [de] 15200/15430  3412s  ETA 0.9m
  [de] 15225/15430  3418s  ETA 0.8m
  [de] 15250/15430  3423s  ETA 0.7m
  [de] 15275/15430  3428s  ETA 0.6m
  [de] 15300/15430  3435s  ETA 0.5m
  [de] 15325/15430  3441s  ETA 0.4m
  [de] 15350/15430  3445s  ETA 0.3m
  [de] 15375/15430  3451s  ETA 0.2m
  [de] 15400/15430  3457s  ETA 0.1m
  [de] 15425/15430  3463s  ETA 0.0m
  [de] alignatt: 평균 조각수 5.34, 무분절 문장 783/15430, 3464s
  → /home/mobility/STiTy/core/meaning_segmentator/runs/covost2/full/baselines/alignatt_de_test.json (15430행)
