/home/mobility/STiTy/.venv-autoseg/lib/python3.10/site-packages/torchmetrics/utilities/imports.py:23: UserWarning: pkg_resources is deprecated as an API. See https://setuptools.pypa.io/en/latest/pkg_resources.html. The pkg_resources package is slated for removal as early as 2025-11-30. Refrain from using this package or pin to Setuptools<81.
  from pkg_resources import DistributionNotFound, get_distribution
Fetching 5 files:   0%|          | 0/5 [00:00<?, ?it/s]Fetching 5 files: 100%|██████████| 5/5 [00:00<00:00, 2154.68it/s]
Encoder model frozen.
/home/mobility/STiTy/.venv-autoseg/lib/python3.10/site-packages/pytorch_lightning/core/saving.py:197: Found keys that are not in the model state dict but in the checkpoint: ['encoder.model.embeddings.position_ids']
/home/mobility/STiTy/.venv-autoseg/lib/python3.10/site-packages/pytorch_lightning/utilities/_pytree.py:21: `isinstance(treespec, LeafSpec)` is deprecated, use `isinstance(treespec, TreeSpec) and treespec.is_leaf()` instead.
Device set to use cuda:0
/home/mobility/STiTy/.venv-autoseg/lib/python3.10/site-packages/pytorch_lightning/utilities/_pytree.py:21: `isinstance(treespec, LeafSpec)` is deprecated, use `isinstance(treespec, TreeSpec) and treespec.is_leaf()` instead.
/home/mobility/STiTy/.venv-autoseg/lib/python3.10/site-packages/pytorch_lightning/utilities/_pytree.py:21: `isinstance(treespec, LeafSpec)` is deprecated, use `isinstance(treespec, TreeSpec) and treespec.is_leaf()` instead.
/home/mobility/STiTy/.venv-autoseg/lib/python3.10/site-packages/pytorch_lightning/utilities/_pytree.py:21: `isinstance(treespec, LeafSpec)` is deprecated, use `isinstance(treespec, TreeSpec) and treespec.is_leaf()` instead.
HTTP Request: GET https://translate.googleapis.com/translate_a/single?client=gtx&sl=auto&tl=de&dt=t&q=Scientists+hope+to+understand+how+planets+form%2C+especially+how+the+Earth "HTTP/1.1 200 OK"
HTTP Request: GET https://translate.googleapis.com/translate_a/single?client=gtx&sl=auto&tl=de&dt=t&q=A+search+of "HTTP/1.1 200 OK"
HTTP Request: GET https://translate.googleapis.com/translate_a/single?client=gtx&sl=auto&tl=de&dt=t&q=Scientists+hope+to+understand+how+planets+form%2C+especially+how+the+Earth%0Aformed%2C+since+comets+collided+with+the+Earth+long+ago. "HTTP/1.1 200 OK"
HTTP Request: GET https://translate.googleapis.com/translate_a/single?client=gtx&sl=auto&tl=de&dt=t&q=A+search+of%0Athe+Internet+for%27+Hostile+environment+course%27+will+probably+provide+the+address+of+a+local+company. "HTTP/1.1 200 OK"
HTTP Request: GET https://translate.googleapis.com/translate_a/single?client=gtx&sl=auto&tl=de&dt=t&q=As+a+result%2C+the+performers+smoke "HTTP/1.1 200 OK"
HTTP Request: GET https://translate.googleapis.com/translate_a/single?client=gtx&sl=auto&tl=de&dt=t&q=Throughout+1960s%2C+Brzezinski+worked+for+John "HTTP/1.1 200 OK"
HTTP Request: GET https://translate.googleapis.com/translate_a/single?client=gtx&sl=auto&tl=de&dt=t&q=Through+the+night+between+150+and+200+copies+were "HTTP/1.1 200 OK"
HTTP Request: GET https://translate.googleapis.com/translate_a/single?client=gtx&sl=auto&tl=de&dt=t&q=As+a+result%2C+the+performers+smoke%0Acannabis+joints+on+stage%2C+and+the+theatre+itself+is+encouraging+the+audience+to+join+in. "HTTP/1.1 200 OK"
HTTP Request: GET https://translate.googleapis.com/translate_a/single?client=gtx&sl=auto&tl=de&dt=t&q=The+word+civilization+comes+from+the+Latin+civilis%2C+meaning "HTTP/1.1 200 OK"
HTTP Request: GET https://translate.googleapis.com/translate_a/single?client=gtx&sl=auto&tl=de&dt=t&q=Throughout+1960s%2C+Brzezinski+worked+for+John%0AF.+Kennedy+as+his+advisor+and+then+the+Lyndon+B.+Johnson+administration. "HTTP/1.1 200 OK"
HTTP Request: GET https://translate.googleapis.com/translate_a/single?client=gtx&sl=auto&tl=de&dt=t&q=Similarly%2C+by+having+a+Schengen+visa%2C+you+do+not+need+to+apply+for+visas+to+each+of+the+Schengen "HTTP/1.1 200 OK"
HTTP Request: GET https://translate.googleapis.com/translate_a/single?client=gtx&sl=auto&tl=de&dt=t&q=Most+of+the+smaller+islands+are+independent+nations%2C+or%0Aassociated+with+France%2C+and+known+as+luxury+beach+resorts. "HTTP/1.1 200 OK"
HTTP Request: GET https://translate.googleapis.com/translate_a/single?client=gtx&sl=auto&tl=de&dt=t&q=Similarly%2C+by+having+a+Schengen+visa%2C+you+do+not+need+to+apply+for+visas+to+each+of+the+Schengen%0Amember+countries+separately%2C+hence+saving+time%2C+money+and+paperwork. "HTTP/1.1 200 OK"
HTTP Request: GET https://translate.googleapis.com/translate_a/single?client=gtx&sl=auto&tl=de&dt=t&q=As+a+result%2C+two+fish+species+have+become+extinct%2C+and+two+others+have+become+endangered%2C "HTTP/1.1 200 OK"
HTTP Request: GET https://translate.googleapis.com/translate_a/single?client=gtx&sl=auto&tl=de&dt=t&q=As+a+result%2C+two+fish+species+have+become+extinct%2C+and+two+others+have+become+endangered%2C%0Aincluding+the+humpback+chub. "HTTP/1.1 200 OK"
HTTP Request: GET https://translate.googleapis.com/translate_a/single?client=gtx&sl=auto&tl=de&dt=t&q=The+word+civilization+comes+from+the+Latin+civilis%2C+meaning%0Acivil%2C+related+to+the+Latin+civis%2C+meaning+citizen%2C+and "HTTP/1.1 200 OK"
HTTP Request: GET https://translate.googleapis.com/translate_a/single?client=gtx&sl=auto&tl=de&dt=t&q=The+central+authority+of+the+church+had%0Abeen+in+Rome+for+over+a+thousand+years+and+this+concentration+of+power "HTTP/1.1 200 OK"
HTTP Request: GET https://translate.googleapis.com/translate_a/single?client=gtx&sl=auto&tl=de&dt=t&q=The+word+civilization+comes+from+the+Latin+civilis%2C+meaning%0Acivil%2C+related+to+the+Latin+civis%2C+meaning+citizen%2C+and%0Acivitas%2C+meaning+city+or+city-state%2C+and+that+also+somehow+defines+the+size+of+the+society. "HTTP/1.1 200 OK"
HTTP Request: GET https://translate.googleapis.com/translate_a/single?client=gtx&sl=auto&tl=de&dt=t&q=The+central+authority+of+the+church+had%0Abeen+in+Rome+for+over+a+thousand+years+and+this+concentration+of+power%0Aand+money+led+many+to+question+whether+this+tenet+was+being+met. "HTTP/1.1 200 OK"
HTTP Request: GET https://translate.googleapis.com/translate_a/single?client=gtx&sl=auto&tl=de&dt=t&q=We+agree+with+the+USOC%27s+statement+that+the+interests+of+our+athletes "HTTP/1.1 200 OK"
HTTP Request: GET https://translate.googleapis.com/translate_a/single?client=gtx&sl=auto&tl=de&dt=t&q=We+agree+with+the+USOC%27s+statement+that+the+interests+of+our+athletes%0Aand+clubs%2C+and+their+sport%2C+may+be+better+served "HTTP/1.1 200 OK"
HTTP Request: GET https://translate.googleapis.com/translate_a/single?client=gtx&sl=auto&tl=de&dt=t&q=We+agree+with+the+USOC%27s+statement+that+the+interests+of+our+athletes%0Aand+clubs%2C+and+their+sport%2C+may+be+better+served%0Aby+moving+forward+with+meaningful+change+within+our+organization%2C+rather+than+decertification. "HTTP/1.1 200 OK"
HTTP Request: GET https://translate.googleapis.com/translate_a/single?client=gtx&sl=auto&tl=de&dt=t&q=Fire+rescue+crews "HTTP/1.1 200 OK"
HTTP Request: GET https://translate.googleapis.com/translate_a/single?client=gtx&sl=auto&tl=de&dt=t&q=Fire+rescue+crews%0Aeventually+doused+the+fire+by+11%3A35+pm. "HTTP/1.1 200 OK"
HTTP Request: GET https://translate.googleapis.com/translate_a/single?client=gtx&sl=auto&tl=de&dt=t&q=Through+the+night+between+150+and+200+copies+were%0Amade%2C+now+known+as+%22Dunlap+broadsides%22. "HTTP/1.1 200 OK"
HTTP Request: GET https://translate.googleapis.com/translate_a/single?client=gtx&sl=auto&tl=de&dt=t&q=We+make+our+houses%0Afrom+plants+and+make+clothes+from+plants.+Most+foods+that+we+eat+are+plants.+Without+plants%2C+animals+could+not+survive. "HTTP/1.1 200 OK"
HTTP Request: GET https://translate.googleapis.com/translate_a/single?client=gtx&sl=auto&tl=de&dt=t&q=Giancarlo+Fisichella+lost+control+of+his+car+and+ended+the+race+very+soon "HTTP/1.1 200 OK"
HTTP Request: GET https://translate.googleapis.com/translate_a/single?client=gtx&sl=auto&tl=de&dt=t&q=Giancarlo+Fisichella+lost+control+of+his+car+and+ended+the+race+very+soon%0Aafter+the+start. "HTTP/1.1 200 OK"
HTTP Request: GET https://translate.googleapis.com/translate_a/single?client=gtx&sl=auto&tl=de&dt=t&q=While+Goma+is+reasonably+safe%2C+any+visits+outside+of+Goma+should+be+researched+to "HTTP/1.1 200 OK"
HTTP Request: GET https://translate.googleapis.com/translate_a/single?client=gtx&sl=auto&tl=de&dt=t&q=Sleep+interruption+is+the+process+of+purposefully+awakening+during+your "HTTP/1.1 200 OK"
HTTP Request: GET https://translate.googleapis.com/translate_a/single?client=gtx&sl=auto&tl=de&dt=t&q=Also+to+the+north+visit+the+great+Sanctuary+of%0AOur+Lady+of+Fatima+%28Shrine%29%2C+a+place+of+worldwide+famous+Marian+apparitions. "HTTP/1.1 200 OK"
HTTP Request: GET https://translate.googleapis.com/translate_a/single?client=gtx&sl=auto&tl=de&dt=t&q=The+Northern+Marianas+emergency+management+office+said+that+there+were+no+damages+reported "HTTP/1.1 200 OK"
HTTP Request: GET https://translate.googleapis.com/translate_a/single?client=gtx&sl=auto&tl=de&dt=t&q=The+Northern+Marianas+emergency+management+office+said+that+there+were+no+damages+reported%0Ain+the+nation. "HTTP/1.1 200 OK"
HTTP Request: GET https://translate.googleapis.com/translate_a/single?client=gtx&sl=auto&tl=de&dt=t&q=Ancient+cultures+and+tribes+began+to+keep+them+for+easy+access+to+milk%2C+hair%2C "HTTP/1.1 200 OK"
HTTP Request: GET https://translate.googleapis.com/translate_a/single?client=gtx&sl=auto&tl=de&dt=t&q=Ancient+cultures+and+tribes+began+to+keep+them+for+easy+access+to+milk%2C+hair%2C%0Ameat%2C+and+skins. "HTTP/1.1 200 OK"
HTTP Request: GET https://translate.googleapis.com/translate_a/single?client=gtx&sl=auto&tl=de&dt=t&q=The+governor%27s+office+said+nineteen+of+the+injured "HTTP/1.1 200 OK"
HTTP Request: GET https://translate.googleapis.com/translate_a/single?client=gtx&sl=auto&tl=de&dt=t&q=The+governor%27s+office+said+nineteen+of+the+injured%0Awere+police+officers. "HTTP/1.1 200 OK"
HTTP Request: GET https://translate.googleapis.com/translate_a/single?client=gtx&sl=auto&tl=de&dt=t&q=At+the+other "HTTP/1.1 200 OK"
HTTP Request: GET https://translate.googleapis.com/translate_a/single?client=gtx&sl=auto&tl=de&dt=t&q=At+the+other%0Aend+of+the+spectrum%2C+one+morphs+into+an+unrecognizable+individual+that+feels+he+or+she+must+change+everything+the+team+has "HTTP/1.1 200 OK"
HTTP Request: GET https://translate.googleapis.com/translate_a/single?client=gtx&sl=auto&tl=de&dt=t&q=While+Goma+is+reasonably+safe%2C+any+visits+outside+of+Goma+should+be+researched+to%0Aunderstand+the+state+of+the+fighting+that+persists+in+the+North+Kivu+province. "HTTP/1.1 200 OK"
HTTP Request: GET https://translate.googleapis.com/translate_a/single?client=gtx&sl=auto&tl=de&dt=t&q=Sleep+interruption+is+the+process+of+purposefully+awakening+during+your%0Anormal+sleep+period+and+falling+asleep+a+short+time+later+%2810%E2%80%9360+minutes%29. "HTTP/1.1 200 OK"
HTTP Request: GET https://translate.googleapis.com/translate_a/single?client=gtx&sl=auto&tl=de&dt=t&q=Researchers+from+Princeton+University+in+the+United+States%0Aand+Uppsala+University+in+Sweden+reported+the+new+species+evolved+in+just+two+generations%2C+though+this+process+had+been+believed+to+take+much+longer%2C "HTTP/1.1 200 OK"
HTTP Request: GET https://translate.googleapis.com/translate_a/single?client=gtx&sl=auto&tl=de&dt=t&q=The+same+month+saw+another+airliner+overrun+a+runway+at+Mashhad+and "HTTP/1.1 200 OK"
HTTP Request: GET https://translate.googleapis.com/translate_a/single?client=gtx&sl=auto&tl=de&dt=t&q=At+the+other%0Aend+of+the+spectrum%2C+one+morphs+into+an+unrecognizable+individual+that+feels+he+or+she+must+change+everything+the+team+has%0Abeen+doing+and+make+it+their+own. "HTTP/1.1 200 OK"
HTTP Request: GET https://translate.googleapis.com/translate_a/single?client=gtx&sl=auto&tl=de&dt=t&q=The+same+month+saw+another+airliner+overrun+a+runway+at+Mashhad+and%0Astrike+a+wall%2C+killing+seventeen. "HTTP/1.1 200 OK"
HTTP Request: GET https://translate.googleapis.com/translate_a/single?client=gtx&sl=auto&tl=de&dt=t&q=Researchers+from+Princeton+University+in+the+United+States%0Aand+Uppsala+University+in+Sweden+reported+the+new+species+evolved+in+just+two+generations%2C+though+this+process+had+been+believed+to+take+much+longer%2C%0Adue+to+breeding+between+an+endemic+Darwin+finch%2C+Geospiza+fortes%2C "HTTP/1.1 200 OK"
HTTP Request: GET https://translate.googleapis.com/translate_a/single?client=gtx&sl=auto&tl=de&dt=t&q=The+Giza+Plateau%2C+or+%22Giza+Necropolis%22+in+the+Egyptian "HTTP/1.1 200 OK"
HTTP Request: GET https://translate.googleapis.com/translate_a/single?client=gtx&sl=auto&tl=de&dt=t&q=Cuomo%2C+53%2C+began+his+governorship+earlier+this+year+and "HTTP/1.1 200 OK"
HTTP Request: GET https://translate.googleapis.com/translate_a/single?client=gtx&sl=auto&tl=de&dt=t&q=Researchers+from+Princeton+University+in+the+United+States%0Aand+Uppsala+University+in+Sweden+reported+the+new+species+evolved+in+just+two+generations%2C+though+this+process+had+been+believed+to+take+much+longer%2C%0Adue+to+breeding+between+an+endemic+Darwin+finch%2C+Geospiza+fortes%2C%0Aand+the+immigrant+cactus+finch%2C+Geospiza+conirostris. "HTTP/1.1 200 OK"
HTTP Request: GET https://translate.googleapis.com/translate_a/single?client=gtx&sl=auto&tl=de&dt=t&q=Cuomo%2C+53%2C+began+his+governorship+earlier+this+year+and%0Asigned+a+bill+last+month+legalizing+same-sex+marriage. "HTTP/1.1 200 OK"
HTTP Request: GET https://translate.googleapis.com/translate_a/single?client=gtx&sl=auto&tl=de&dt=t&q=The+U.S.+Corps+of+Engineers+estimated+that+6+inches+of+rainfall+could "HTTP/1.1 200 OK"
HTTP Request: GET https://translate.googleapis.com/translate_a/single?client=gtx&sl=auto&tl=de&dt=t&q=The+harbor+was%0Athe+site+of+an+infamous+naval+standoff+in+1889+when+seven+ships+from+Germany%2C+the+US%2C+and+Britain+refused+to+leave+the+harbor. "HTTP/1.1 200 OK"
HTTP Request: GET https://translate.googleapis.com/translate_a/single?client=gtx&sl=auto&tl=de&dt=t&q=The+Giza+Plateau%2C+or+%22Giza+Necropolis%22+in+the+Egyptian%0AValley+of+the+Dead+contains+several+pyramids+%28of+which+the+great+pyramid+is+the+largest%29%2C "HTTP/1.1 200 OK"
HTTP Request: GET https://translate.googleapis.com/translate_a/single?client=gtx&sl=auto&tl=de&dt=t&q=The+Giza+Plateau%2C+or+%22Giza+Necropolis%22+in+the+Egyptian%0AValley+of+the+Dead+contains+several+pyramids+%28of+which+the+great+pyramid+is+the+largest%29%2C%0Aseveral+small+tombs%2C+several+temples%2C+and+the+great+Sphinx. "HTTP/1.1 200 OK"
HTTP Request: GET https://translate.googleapis.com/translate_a/single?client=gtx&sl=auto&tl=de&dt=t&q=The+U.S.+Corps+of+Engineers+estimated+that+6+inches+of+rainfall+could%0Abreach+the+previously+damaged+levees. "HTTP/1.1 200 OK"
HTTP Request: GET https://translate.googleapis.com/translate_a/single?client=gtx&sl=auto&tl=de&dt=t&q=The+term+bug+is "HTTP/1.1 200 OK"
HTTP Request: GET https://translate.googleapis.com/translate_a/single?client=gtx&sl=auto&tl=de&dt=t&q=The+term+bug+is%0Aused+by+entomologists+in+a+formal+sense+for+this+group+of+insects. "HTTP/1.1 200 OK"
HTTP Request: GET https://translate.googleapis.com/translate_a/single?client=gtx&sl=auto&tl=de&dt=t&q=The+city+is+also+the+base+to+climb+the+Nyiragongo+volcano+along+with+some+of+the "HTTP/1.1 200 OK"
HTTP Request: GET https://translate.googleapis.com/translate_a/single?client=gtx&sl=auto&tl=de&dt=t&q=Oliver+Sacks%2C+in+his+paper+The+President%27s+Speech%2C+indicated+how+people "HTTP/1.1 200 OK"
HTTP Request: GET https://translate.googleapis.com/translate_a/single?client=gtx&sl=auto&tl=de&dt=t&q=In+1990%2C+it+was+added+to+the+list+of%0Aworld+heritage+sites+in+danger%2C+due+to+the+threat+of+desert+sands. "HTTP/1.1 200 OK"
HTTP Request: GET https://translate.googleapis.com/translate_a/single?client=gtx&sl=auto&tl=de&dt=t&q=Hong+Kong+Island+gives+the+territory+of+Hong+Kong+its+name+and+is+the+place+that+many "HTTP/1.1 200 OK"
HTTP Request: GET https://translate.googleapis.com/translate_a/single?client=gtx&sl=auto&tl=de&dt=t&q=Hong+Kong+Island+gives+the+territory+of+Hong+Kong+its+name+and+is+the+place+that+many%0Atourists+regard+as+the+main+focus. "HTTP/1.1 200 OK"
HTTP Request: GET https://translate.googleapis.com/translate_a/single?client=gtx&sl=auto&tl=de&dt=t&q=Other+subjects+on "HTTP/1.1 200 OK"
HTTP Request: GET https://translate.googleapis.com/translate_a/single?client=gtx&sl=auto&tl=de&dt=t&q=Other+subjects+on%0Athe+agenda+in+Bali+include+saving+the+world%27s+remaining+forests%2C+and+sharing+technologies+to+help+developing+nations+grow+in+less-polluting+ways. "HTTP/1.1 200 OK"
HTTP Request: GET https://translate.googleapis.com/translate_a/single?client=gtx&sl=auto&tl=de&dt=t&q=The+city+is+also+the+base+to+climb+the+Nyiragongo+volcano+along+with+some+of+the%0Acheapest+Mountain+Gorilla+tracking+in+Africa. "HTTP/1.1 200 OK"
HTTP Request: GET https://translate.googleapis.com/translate_a/single?client=gtx&sl=auto&tl=de&dt=t&q=The+Schengen+zone%2C+however%2C+works+somewhat+like+one+country "HTTP/1.1 200 OK"
HTTP Request: GET https://translate.googleapis.com/translate_a/single?client=gtx&sl=auto&tl=de&dt=t&q=The+Schengen+zone%2C+however%2C+works+somewhat+like+one+country%0Ain+this+respect. "HTTP/1.1 200 OK"
HTTP Request: GET https://translate.googleapis.com/translate_a/single?client=gtx&sl=auto&tl=de&dt=t&q=Lakkha+Singh+presented "HTTP/1.1 200 OK"
HTTP Request: GET https://translate.googleapis.com/translate_a/single?client=gtx&sl=auto&tl=de&dt=t&q=Lakkha+Singh+presented%0Athe+chhappan+bhog+bhajan+as+well.+Singer%2C+Raju+Khandelwal+was+accompanying+him. "HTTP/1.1 200 OK"
HTTP Request: GET https://translate.googleapis.com/translate_a/single?client=gtx&sl=auto&tl=de&dt=t&q=You+can+use+boda-boda+%28motorcycle+taxi%29+to+get+around+Goma.+The+normal+%28local%29+price+is+~500+Congolese+Francs+for "HTTP/1.1 200 OK"
HTTP Request: GET https://translate.googleapis.com/translate_a/single?client=gtx&sl=auto&tl=de&dt=t&q=You+can+use+boda-boda+%28motorcycle+taxi%29+to+get+around+Goma.+The+normal+%28local%29+price+is+~500+Congolese+Francs+for%0Athe+short+ride. "HTTP/1.1 200 OK"
HTTP Request: GET https://translate.googleapis.com/translate_a/single?client=gtx&sl=auto&tl=de&dt=t&q=According+to+Japan%27s+nuclear+agency%2C+radioactive%0Acaesium+and+iodine+has+been+identified+at+the+plant. "HTTP/1.1 200 OK"
HTTP Request: GET https://translate.googleapis.com/translate_a/single?client=gtx&sl=auto&tl=de&dt=t&q=We+don%27t+know+for+sure%2C+but "HTTP/1.1 200 OK"
HTTP Request: GET https://translate.googleapis.com/translate_a/single?client=gtx&sl=auto&tl=de&dt=t&q=We+don%27t+know+for+sure%2C+but%0Ait+may+have+had+a+forked+tongue.+Its+diet+included+turtles%2C+large+fish%2C+other+mosasaurs%2C+and+it+may+even+have+been+a+cannibal. "HTTP/1.1 200 OK"
HTTP Request: GET https://translate.googleapis.com/translate_a/single?client=gtx&sl=auto&tl=de&dt=t&q=Oliver+Sacks%2C+in+his+paper+The+President%27s+Speech%2C+indicated+how+people%0Awho+are+unable+to+understand+speech+because+of+brain+damage+are+nevertheless+able+to+assess+sincerity+accurately. "HTTP/1.1 200 OK"
HTTP Request: GET https://translate.googleapis.com/translate_a/single?client=gtx&sl=auto&tl=de&dt=t&q=The+official+Falklands%0Acurrency+is+the+Falkland+pound+%28FKP%29+whose+value+is+set+equivalent+to+that+of+one+British+pound+%28GBP%29. "HTTP/1.1 200 OK"
HTTP Request: GET https://translate.googleapis.com/translate_a/single?client=gtx&sl=auto&tl=de&dt=t&q=All+nouns%2C+alongside+the+word+Sie+for+you%2C+always+begin+with "HTTP/1.1 200 OK"
HTTP Request: GET https://translate.googleapis.com/translate_a/single?client=gtx&sl=auto&tl=de&dt=t&q=Needless+to+say%2C+if+you+know "HTTP/1.1 200 OK"
HTTP Request: GET https://translate.googleapis.com/translate_a/single?client=gtx&sl=auto&tl=de&dt=t&q=Needless+to+say%2C+if+you+know%0Aa+Romance+language%2C+it+will+be+easier+for+you+to+learn+Portuguese. "HTTP/1.1 200 OK"
HTTP Request: GET https://translate.googleapis.com/translate_a/single?client=gtx&sl=auto&tl=de&dt=t&q=The+two+compounds+react+with+one+another+to+form "HTTP/1.1 200 OK"
HTTP Request: GET https://translate.googleapis.com/translate_a/single?client=gtx&sl=auto&tl=de&dt=t&q=The+two+compounds+react+with+one+another+to+form%0Acrystals+that+may+block+kidney+function%2C+researchers+at+the+university+said. "HTTP/1.1 200 OK"
HTTP Request: GET https://translate.googleapis.com/translate_a/single?client=gtx&sl=auto&tl=de&dt=t&q=Lion+prides+act+much+like+packs+of+wolves+or+dogs%2C+animals+surprisingly+similar+to+lions+%28but+not+other+big+cats%29+in+behavior%2C+and+also+very "HTTP/1.1 200 OK"
HTTP Request: GET https://translate.googleapis.com/translate_a/single?client=gtx&sl=auto&tl=de&dt=t&q=Lion+prides+act+much+like+packs+of+wolves+or+dogs%2C+animals+surprisingly+similar+to+lions+%28but+not+other+big+cats%29+in+behavior%2C+and+also+very%0Adeadly+to+their+prey. "HTTP/1.1 200 OK"
HTTP Request: GET https://translate.googleapis.com/translate_a/single?client=gtx&sl=auto&tl=de&dt=t&q=Goats+seem+to "HTTP/1.1 200 OK"
HTTP Request: GET https://translate.googleapis.com/translate_a/single?client=gtx&sl=auto&tl=de&dt=t&q=Large+areas+further+north+are+quite+sparsely+populated+and+some+is "HTTP/1.1 200 OK"
HTTP Request: GET https://translate.googleapis.com/translate_a/single?client=gtx&sl=auto&tl=de&dt=t&q=They+have+feet+with+scales+and+claws%2C+they+lay+eggs%2C+and+they "HTTP/1.1 200 OK"
HTTP Request: GET https://translate.googleapis.com/translate_a/single?client=gtx&sl=auto&tl=de&dt=t&q=All+nouns%2C+alongside+the+word+Sie+for+you%2C+always+begin+with%0Aa+capital+letter%2C+even+in+the+middle+of+a+sentence. "HTTP/1.1 200 OK"
HTTP Request: GET https://translate.googleapis.com/translate_a/single?client=gtx&sl=auto&tl=de&dt=t&q=Goats+seem+to%0Ahave+been+first+domesticated+roughly+10%2C000+years+ago+in+the+Zagros+Mountains+of+Iran. "HTTP/1.1 200 OK"
HTTP Request: GET https://translate.googleapis.com/translate_a/single?client=gtx&sl=auto&tl=de&dt=t&q=Aerosmith+have+cancelled "HTTP/1.1 200 OK"
HTTP Request: GET https://translate.googleapis.com/translate_a/single?client=gtx&sl=auto&tl=de&dt=t&q=They+have+feet+with+scales+and+claws%2C+they+lay+eggs%2C+and+they%0Awalk+on+their+two+back+legs+like+a+T-Rex. "HTTP/1.1 200 OK"
HTTP Request: GET https://translate.googleapis.com/translate_a/single?client=gtx&sl=auto&tl=de&dt=t&q=Large+areas+further+north+are+quite+sparsely+populated+and+some+is%0Anearly+uninhabited+wilderness. "HTTP/1.1 200 OK"
HTTP Request: GET https://translate.googleapis.com/translate_a/single?client=gtx&sl=auto&tl=de&dt=t&q=Aerosmith+have+cancelled%0Atheir+remaining+concerts+on+their+tour. "HTTP/1.1 200 OK"
HTTP Request: GET https://translate.googleapis.com/translate_a/single?client=gtx&sl=auto&tl=de&dt=t&q=In+fact%2C+it+is+not+easy+to+find+at+all+even+if+one "HTTP/1.1 200 OK"
HTTP Request: GET https://translate.googleapis.com/translate_a/single?client=gtx&sl=auto&tl=de&dt=t&q=Beyond+Wednesday%27s+event%2C+Carpanedo+competed+in+two+individual+races "HTTP/1.1 200 OK"
HTTP Request: GET https://translate.googleapis.com/translate_a/single?client=gtx&sl=auto&tl=de&dt=t&q=In+fact%2C+it+is+not+easy+to+find+at+all+even+if+one%0Aknew+it+existed.+Once+inside+the+cave%2C+it+is+a+total+isolation. "HTTP/1.1 200 OK"
HTTP Request: GET https://translate.googleapis.com/translate_a/single?client=gtx&sl=auto&tl=de&dt=t&q=Beyond+Wednesday%27s+event%2C+Carpanedo+competed+in+two+individual+races%0Aat+the+Championships. "HTTP/1.1 200 OK"
HTTP Request: GET https://translate.googleapis.com/translate_a/single?client=gtx&sl=auto&tl=de&dt=t&q=Four+skiers+in+the+women%27s+sitting+group+failed+to+finish+their+runs%2C+and+45+of+the+117+total+skiers+in+the+Giant+Slalom+failed+to+rank "HTTP/1.1 200 OK"
HTTP Request: GET https://translate.googleapis.com/translate_a/single?client=gtx&sl=auto&tl=de&dt=t&q=Cocham%C3%B3+Valley+-%0AChile%27s+premier+climbing+destination%2C+known+as+the+Yosemite+of+South+America%2C+with+a+variety+of+granite+big+walls+and+crags. "HTTP/1.1 200 OK"
HTTP Request: GET https://translate.googleapis.com/translate_a/single?client=gtx&sl=auto&tl=de&dt=t&q=Four+skiers+in+the+women%27s+sitting+group+failed+to+finish+their+runs%2C+and+45+of+the+117+total+skiers+in+the+Giant+Slalom+failed+to+rank%0Ain+the+race. "HTTP/1.1 200 OK"
HTTP Request: GET https://translate.googleapis.com/translate_a/single?client=gtx&sl=auto&tl=de&dt=t&q=Resting+on+the+top+of+one%0Aof+the+mountains+north+of+Mecca%2C+the+cave+is+completely+isolated+from+the+rest+of+the+world. "HTTP/1.1 200 OK"
HTTP Request: GET https://translate.googleapis.com/translate_a/single?client=gtx&sl=auto&tl=de&dt=t&q=He+added+that+%22they+should+not%2C+however%2C+be+asked "HTTP/1.1 200 OK"
HTTP Request: GET https://translate.googleapis.com/translate_a/single?client=gtx&sl=auto&tl=de&dt=t&q=The+cabbage+juice%0Achanges+color+depending+on+how+acidic+or+basic+%28alkaline%29+the+chemical+is. "HTTP/1.1 200 OK"
HTTP Request: GET https://translate.googleapis.com/translate_a/single?client=gtx&sl=auto&tl=de&dt=t&q=He+added+that+%22they+should+not%2C+however%2C+be+asked%0Ato+take+on+obligations+that+go+beyond+their+development+stage%2C+responsibility+and+capabilities.%22 "HTTP/1.1 200 OK"
HTTP Request: GET https://translate.googleapis.com/translate_a/single?client=gtx&sl=auto&tl=de&dt=t&q=Along+the+same+line%2C+men+are+required "HTTP/1.1 200 OK"
HTTP Request: GET https://translate.googleapis.com/translate_a/single?client=gtx&sl=auto&tl=de&dt=t&q=The+job+of+navies+has+traditionally+been+to+ensure+that+your+country+maintains+the+ability+to+move+your "HTTP/1.1 200 OK"
HTTP Request: GET https://translate.googleapis.com/translate_a/single?client=gtx&sl=auto&tl=de&dt=t&q=Along+the+same+line%2C+men+are+required%0Ato+wear+trousers+covering+the+knees. "HTTP/1.1 200 OK"
HTTP Request: GET https://translate.googleapis.com/translate_a/single?client=gtx&sl=auto&tl=de&dt=t&q=During+the+1920s%2C+the+prevailing+attitudes+of+most+citizens+and "HTTP/1.1 200 OK"
HTTP Request: GET https://translate.googleapis.com/translate_a/single?client=gtx&sl=auto&tl=de&dt=t&q=Prior+to+the+arrival+of+troops%2C+Haiti+had+not+encountered+problems+related+to+the+disease "HTTP/1.1 200 OK"
HTTP Request: GET https://translate.googleapis.com/translate_a/single?client=gtx&sl=auto&tl=de&dt=t&q=The+job+of+navies+has+traditionally+been+to+ensure+that+your+country+maintains+the+ability+to+move+your%0Apeople+and+goods%2C+while+at+the+same+time%2C+interfering+with+your "HTTP/1.1 200 OK"
HTTP Request: GET https://translate.googleapis.com/translate_a/single?client=gtx&sl=auto&tl=de&dt=t&q=Professor+Pamela+Ferguson+of+the+University+of+Dundee+notes+%22journalists+do+seem+to+be+walking "HTTP/1.1 200 OK"
HTTP Request: GET https://translate.googleapis.com/translate_a/single?client=gtx&sl=auto&tl=de&dt=t&q=During+the+1920s%2C+the+prevailing+attitudes+of+most+citizens+and%0Anations+was+that+of+pacifism+and+isolation. "HTTP/1.1 200 OK"
HTTP Request: GET https://translate.googleapis.com/translate_a/single?client=gtx&sl=auto&tl=de&dt=t&q=The+job+of+navies+has+traditionally+been+to+ensure+that+your+country+maintains+the+ability+to+move+your%0Apeople+and+goods%2C+while+at+the+same+time%2C+interfering+with+your%0Aenemy%27s+ability+to+move+his+people+and+goods. "HTTP/1.1 200 OK"
HTTP Request: GET https://translate.googleapis.com/translate_a/single?client=gtx&sl=auto&tl=de&dt=t&q=Professor+Pamela+Ferguson+of+the+University+of+Dundee+notes+%22journalists+do+seem+to+be+walking%0Aa+dangerous+line+if+publishing+photos+etc+of+suspects.%22 "HTTP/1.1 200 OK"
HTTP Request: GET https://translate.googleapis.com/translate_a/single?client=gtx&sl=auto&tl=de&dt=t&q=If+you+have+watched+the+movie+National+Treasure%2C+you+may+think "HTTP/1.1 200 OK"
HTTP Request: GET https://translate.googleapis.com/translate_a/single?client=gtx&sl=auto&tl=de&dt=t&q=Prior+to+the+arrival+of+troops%2C+Haiti+had+not+encountered+problems+related+to+the+disease%0Asince+the+1800s. "HTTP/1.1 200 OK"
HTTP Request: GET https://translate.googleapis.com/translate_a/single?client=gtx&sl=auto&tl=de&dt=t&q=If+you+have+watched+the+movie+National+Treasure%2C+you+may+think%0Aa+treasure+map+was+written+on+the+back+of+the+Declaration+of+Independence. "HTTP/1.1 200 OK"
HTTP Request: GET https://translate.googleapis.com/translate_a/single?client=gtx&sl=auto&tl=de&dt=t&q=The+composition+of+these+crystals+matches+those+found%0Ain+the+urine+of+affected+pets+when+compared+by+infrared+spectroscopy+%28FTIR%29. "HTTP/1.1 200 OK"
HTTP Request: GET https://translate.googleapis.com/translate_a/single?client=gtx&sl=auto&tl=de&dt=t&q=The+aspect+ratio+of+this+format%0A%28dividing+by+twelve+to+obtain+the+simplest+whole-number+ratio%29+is+therefore+said+to+be+3%3A2. "HTTP/1.1 200 OK"
HTTP Request: GET https://translate.googleapis.com/translate_a/single?client=gtx&sl=auto&tl=de&dt=t&q=Scaffolding+is+not+a+method+of+learning+but+rather+an+aid+that+provides+support+to+individuals "HTTP/1.1 200 OK"
HTTP Request: GET https://translate.googleapis.com/translate_a/single?client=gtx&sl=auto&tl=de&dt=t&q=Scaffolding+is+not+a+method+of+learning+but+rather+an+aid+that+provides+support+to+individuals%0Awhom+are+undergoing+a+new+learning+experience+such+as+using+a+new+computer+program+or+beginning "HTTP/1.1 200 OK"
HTTP Request: GET https://translate.googleapis.com/translate_a/single?client=gtx&sl=auto&tl=de&dt=t&q=Finally%2C+there+are+many+small+cats+%28including+loose+pet+cats%29+that+eat+the+far+more+numerous+small+prey "HTTP/1.1 200 OK"
HTTP Request: GET https://translate.googleapis.com/translate_a/single?client=gtx&sl=auto&tl=de&dt=t&q=Vatican+City%27s+population+is+around+800.+It+is+the+smallest+independent+country "HTTP/1.1 200 OK"
HTTP Request: GET https://translate.googleapis.com/translate_a/single?client=gtx&sl=auto&tl=de&dt=t&q=In+the+north+the+region+is+bounded+by+the+Sahel%2C+and+in+the+south+and+west+by "HTTP/1.1 200 OK"
HTTP Request: GET https://translate.googleapis.com/translate_a/single?client=gtx&sl=auto&tl=de&dt=t&q=Finally%2C+there+are+many+small+cats+%28including+loose+pet+cats%29+that+eat+the+far+more+numerous+small+prey%0Alike+insects%2C+rodents%2C+lizards%2C+and+birds. "HTTP/1.1 200 OK"
HTTP Request: GET https://translate.googleapis.com/translate_a/single?client=gtx&sl=auto&tl=de&dt=t&q=Vatican+City%27s+population+is+around+800.+It+is+the+smallest+independent+country%0Ain+the+world+and+the+country+with+the+lowest+population. "HTTP/1.1 200 OK"
HTTP Request: GET https://translate.googleapis.com/translate_a/single?client=gtx&sl=auto&tl=de&dt=t&q=Scaffolding+is+not+a+method+of+learning+but+rather+an+aid+that+provides+support+to+individuals%0Awhom+are+undergoing+a+new+learning+experience+such+as+using+a+new+computer+program+or+beginning%0Aa+new+project. "HTTP/1.1 200 OK"
HTTP Request: GET https://translate.googleapis.com/translate_a/single?client=gtx&sl=auto&tl=de&dt=t&q=Apia+is+the+capital+of+Samoa.+The+town+is "HTTP/1.1 200 OK"
HTTP Request: GET https://translate.googleapis.com/translate_a/single?client=gtx&sl=auto&tl=de&dt=t&q=It+is+related+to+but+usually+not+involving%0Aalpine+style+ski+touring+or+mountaineering%2C+the+latter+ones+done+in+steep+terrain+and+requiring+much+stiffer+skis+and+boots. "HTTP/1.1 200 OK"
HTTP Request: GET https://translate.googleapis.com/translate_a/single?client=gtx&sl=auto&tl=de&dt=t&q=Apia+is+the+capital+of+Samoa.+The+town+is%0Aon+the+island+of+Upolu+and+has+a+population+of+just+under+40%2C000. "HTTP/1.1 200 OK"
HTTP Request: GET https://translate.googleapis.com/translate_a/single?client=gtx&sl=auto&tl=de&dt=t&q=The+pyramid+sound+and+light+show+is+one+of+the+most+interesting "HTTP/1.1 200 OK"
HTTP Request: GET https://translate.googleapis.com/translate_a/single?client=gtx&sl=auto&tl=de&dt=t&q=It+is+one+of+the+main+attractions+of+South+Africa+and+it+is+considered+the+flagship+of+South+African "HTTP/1.1 200 OK"
HTTP Request: GET https://translate.googleapis.com/translate_a/single?client=gtx&sl=auto&tl=de&dt=t&q=Regular+announcements+in+the+Metro+are+made+only+in+Catalan%2C%0Abut+unplanned+disruptions+are+announced+by+an "HTTP/1.1 200 OK"
HTTP Request: GET https://translate.googleapis.com/translate_a/single?client=gtx&sl=auto&tl=de&dt=t&q=The+pyramid+sound+and+light+show+is+one+of+the+most+interesting%0Athings+in+the+area+for+kids. "HTTP/1.1 200 OK"
HTTP Request: GET https://translate.googleapis.com/translate_a/single?client=gtx&sl=auto&tl=de&dt=t&q=It+is+one+of+the+main+attractions+of+South+Africa+and+it+is+considered+the+flagship+of+South+African%0ANational+Parks+%28SANParks%29. "HTTP/1.1 200 OK"
HTTP Request: GET https://translate.googleapis.com/translate_a/single?client=gtx&sl=auto&tl=de&dt=t&q=His+work+is+of+such+recognized+quality+and+detail+that+he+is+one+of+the+very "HTTP/1.1 200 OK"
HTTP Request: GET https://translate.googleapis.com/translate_a/single?client=gtx&sl=auto&tl=de&dt=t&q=His+work+is+of+such+recognized+quality+and+detail+that+he+is+one+of+the+very%0Afew+%22household+names%22+among+philatelists.+Some+specialize+in+collecting+his+work+alone. "HTTP/1.1 200 OK"
HTTP Request: GET https://translate.googleapis.com/translate_a/single?client=gtx&sl=auto&tl=de&dt=t&q=In+the+north+the+region+is+bounded+by+the+Sahel%2C+and+in+the+south+and+west+by%0Athe+Atlantic+Ocean. "HTTP/1.1 200 OK"
HTTP Request: GET https://translate.googleapis.com/translate_a/single?client=gtx&sl=auto&tl=de&dt=t&q=Plants+look+their+best+when+in+a "HTTP/1.1 200 OK"
HTTP Request: GET https://translate.googleapis.com/translate_a/single?client=gtx&sl=auto&tl=de&dt=t&q=Six+hostages%2C+including+the+children+and+elderly%2C+were+released+early%2C+as+were "HTTP/1.1 200 OK"
HTTP Request: GET https://translate.googleapis.com/translate_a/single?client=gtx&sl=auto&tl=de&dt=t&q=People+have+known%0Aabout+basic+chemical+elements+such+as+gold%2C+silver%2C+and+copper+from+antiquity%2C+as+these+can+all+be+discovered+in+nature+in+native+form+and "HTTP/1.1 200 OK"
HTTP Request: GET https://translate.googleapis.com/translate_a/single?client=gtx&sl=auto&tl=de&dt=t&q=Regular+announcements+in+the+Metro+are+made+only+in+Catalan%2C%0Abut+unplanned+disruptions+are+announced+by+an%0Aautomated+system+in+a+wide+variety+of+languages+including+Spanish%2C+English%2C+French%2C+Arabic+and+Japanese. "HTTP/1.1 200 OK"
HTTP Request: GET https://translate.googleapis.com/translate_a/single?client=gtx&sl=auto&tl=de&dt=t&q=Several+large+television+screens%0Awere+installed+in+various+places+in+Rome+to+let+the+people+watch+the+ceremony. "HTTP/1.1 200 OK"
HTTP Request: GET https://translate.googleapis.com/translate_a/single?client=gtx&sl=auto&tl=de&dt=t&q=People+have+known%0Aabout+basic+chemical+elements+such+as+gold%2C+silver%2C+and+copper+from+antiquity%2C+as+these+can+all+be+discovered+in+nature+in+native+form+and%0Aare+relatively+simple+to+mine+with+primitive+tools. "HTTP/1.1 200 OK"
HTTP Request: GET https://translate.googleapis.com/translate_a/single?client=gtx&sl=auto&tl=de&dt=t&q=Six+hostages%2C+including+the+children+and+elderly%2C+were+released+early%2C+as+were%0Athe+Filipino+photographers. "HTTP/1.1 200 OK"
HTTP Request: GET https://translate.googleapis.com/translate_a/single?client=gtx&sl=auto&tl=de&dt=t&q=USA+Gymnastics+and "HTTP/1.1 200 OK"
HTTP Request: GET https://translate.googleapis.com/translate_a/single?client=gtx&sl=auto&tl=de&dt=t&q=Due+to+the+underwater+topology+the%0Areturn+flow+is+concentrated+at+a+few+deeper+sections%2C+and+a+fast+current+to+deep+water+may+form+there. "HTTP/1.1 200 OK"
HTTP Request: GET https://translate.googleapis.com/translate_a/single?client=gtx&sl=auto&tl=de&dt=t&q=Bishkek+was+described+as+sinking+into+a+state+of+%22anarchy%22+by+one+observer%2C+as+gangs+of+people+roamed+the+streets "HTTP/1.1 200 OK"
HTTP Request: GET https://translate.googleapis.com/translate_a/single?client=gtx&sl=auto&tl=de&dt=t&q=Bishkek+was+described+as+sinking+into+a+state+of+%22anarchy%22+by+one+observer%2C+as+gangs+of+people+roamed+the+streets%0Aand+plundered+stores+of+consumer+goods. "HTTP/1.1 200 OK"
HTTP Request: GET https://translate.googleapis.com/translate_a/single?client=gtx&sl=auto&tl=de&dt=t&q=USA+Gymnastics+and%0Athe+USOC+have+the+same+goal+%E2%80%94+making+the+sport+of+gymnastics%2C+and+others%2C+as+safe+as+possible+for+athletes+to+follow+their+dreams "HTTP/1.1 200 OK"
HTTP Request: GET https://translate.googleapis.com/translate_a/single?client=gtx&sl=auto&tl=de&dt=t&q=First+among+its+78+recommendations%0Ais+that+a+new+diplomatic+initiative+should+be+taken+before+the+end+of+this+year+to+secure+Iraq%E2%80%99s+borders+against+hostile+interventions+and+to "HTTP/1.1 200 OK"
HTTP Request: GET https://translate.googleapis.com/translate_a/single?client=gtx&sl=auto&tl=de&dt=t&q=Plants+look+their+best+when+in+a%0Anatural+environment%2C+so+resist+the+temptation+to+remove+even+%22just+one%22+specimen. "HTTP/1.1 200 OK"
HTTP Request: GET https://translate.googleapis.com/translate_a/single?client=gtx&sl=auto&tl=de&dt=t&q=USA+Gymnastics+and%0Athe+USOC+have+the+same+goal+%E2%80%94+making+the+sport+of+gymnastics%2C+and+others%2C+as+safe+as+possible+for+athletes+to+follow+their+dreams%0Ain+a+safe%2C+positive+and+empowered+environment. "HTTP/1.1 200 OK"
HTTP Request: GET https://translate.googleapis.com/translate_a/single?client=gtx&sl=auto&tl=de&dt=t&q=First+among+its+78+recommendations%0Ais+that+a+new+diplomatic+initiative+should+be+taken+before+the+end+of+this+year+to+secure+Iraq%E2%80%99s+borders+against+hostile+interventions+and+to%0Are-establish+diplomatic+relations+with+its+neighbors. "HTTP/1.1 200 OK"
/home/mobility/STiTy/.venv-autoseg/lib/python3.10/site-packages/pytorch_lightning/utilities/_pytree.py:21: `isinstance(treespec, LeafSpec)` is deprecated, use `isinstance(treespec, TreeSpec) and treespec.is_leaf()` instead.
HTTP Request: GET https://translate.googleapis.com/translate_a/single?client=gtx&sl=auto&tl=de&dt=t&q=Scientists+hope+to+understand%0Ahow+planets+form%2C+especially+how+the+Earth+formed%2C+since+comets+collided+with+the+Earth+long+ago. "HTTP/1.1 200 OK"
HTTP Request: GET https://translate.googleapis.com/translate_a/single?client=gtx&sl=auto&tl=de&dt=t&q=A+search+of+the+Internet+for%27+Hostile+environment+course%27+will+probably+provide "HTTP/1.1 200 OK"
HTTP Request: GET https://translate.googleapis.com/translate_a/single?client=gtx&sl=auto&tl=de&dt=t&q=Through+the+night+between+150+and+200+copies+were+made%2C+now+known "HTTP/1.1 200 OK"
HTTP Request: GET https://translate.googleapis.com/translate_a/single?client=gtx&sl=auto&tl=de&dt=t&q=Throughout+1960s%2C+Brzezinski+worked+for+John+F.+Kennedy+as+his+advisor+and "HTTP/1.1 200 OK"
HTTP Request: GET https://translate.googleapis.com/translate_a/single?client=gtx&sl=auto&tl=de&dt=t&q=A+search+of+the+Internet+for%27+Hostile+environment+course%27+will+probably+provide%0Athe+address+of+a+local+company. "HTTP/1.1 200 OK"
HTTP Request: GET https://translate.googleapis.com/translate_a/single?client=gtx&sl=auto&tl=de&dt=t&q=Throughout+1960s%2C+Brzezinski+worked+for+John+F.+Kennedy+as+his+advisor+and%0Athen+the+Lyndon+B.+Johnson+administration. "HTTP/1.1 200 OK"
HTTP Request: GET https://translate.googleapis.com/translate_a/single?client=gtx&sl=auto&tl=de&dt=t&q=Through+the+night+between+150+and+200+copies+were+made%2C+now+known%0Aas+%22Dunlap+broadsides%22. "HTTP/1.1 200 OK"
HTTP Request: GET https://translate.googleapis.com/translate_a/single?client=gtx&sl=auto&tl=de&dt=t&q=Generally+speaking%2C+two+behaviors+can+emerge+as+managers+begin+to+lead "HTTP/1.1 200 OK"
HTTP Request: GET https://translate.googleapis.com/translate_a/single?client=gtx&sl=auto&tl=de&dt=t&q=But+there+are+a+lot+of+things+about+birds+that+still+look "HTTP/1.1 200 OK"
HTTP Request: GET https://translate.googleapis.com/translate_a/single?client=gtx&sl=auto&tl=de&dt=t&q=Generally+speaking%2C+two+behaviors+can+emerge+as+managers+begin+to+lead%0Atheir+former+peers.+One+end+of+the+spectrum+is+trying+to+remain+%E2%80%9Cone+of+the+guys%E2%80%9D+%28or+gals%29. "HTTP/1.1 200 OK"
HTTP Request: GET https://translate.googleapis.com/translate_a/single?client=gtx&sl=auto&tl=de&dt=t&q=But+there+are+a+lot+of+things+about+birds+that+still+look%0Alike+a+dinosaur. "HTTP/1.1 200 OK"
HTTP Request: GET https://translate.googleapis.com/translate_a/single?client=gtx&sl=auto&tl=de&dt=t&q=The+central+authority+of "HTTP/1.1 200 OK"
HTTP Request: GET https://translate.googleapis.com/translate_a/single?client=gtx&sl=auto&tl=de&dt=t&q=The+word+civilization%0Acomes+from+the+Latin+civilis%2C+meaning+civil%2C+related+to+the+Latin+civis%2C+meaning+citizen%2C+and+civitas%2C+meaning+city+or+city-state%2C+and+that+also+somehow "HTTP/1.1 200 OK"
HTTP Request: GET https://translate.googleapis.com/translate_a/single?client=gtx&sl=auto&tl=de&dt=t&q=Virtual+Scaffolds+are%0Ainternalized+in+the+software+and+are+meant+to+question%2C+prompt%2C+and+explain+procedures+that+may+have+been+to+challenging+for+the+student+to+handle+alone. "HTTP/1.1 200 OK"
HTTP Request: GET https://translate.googleapis.com/translate_a/single?client=gtx&sl=auto&tl=de&dt=t&q=We+agree+with+the+USOC%27s+statement+that+the+interests+of+our+athletes+and+clubs%2C+and "HTTP/1.1 200 OK"
HTTP Request: GET https://translate.googleapis.com/translate_a/single?client=gtx&sl=auto&tl=de&dt=t&q=We+agree+with+the+USOC%27s+statement+that+the+interests+of+our+athletes+and+clubs%2C+and%0Atheir+sport%2C+may+be+better+served+by+moving+forward+with+meaningful+change+within+our+organization%2C "HTTP/1.1 200 OK"
HTTP Request: GET https://translate.googleapis.com/translate_a/single?client=gtx&sl=auto&tl=de&dt=t&q=The+central+authority+of%0Athe+church+had+been+in+Rome+for+over+a+thousand+years+and+this+concentration+of+power+and+money+led "HTTP/1.1 200 OK"
HTTP Request: GET https://translate.googleapis.com/translate_a/single?client=gtx&sl=auto&tl=de&dt=t&q=Similarly%2C+by+having+a+Schengen+visa%2C+you+do+not+need+to+apply "HTTP/1.1 200 OK"
HTTP Request: GET https://translate.googleapis.com/translate_a/single?client=gtx&sl=auto&tl=de&dt=t&q=We+agree+with+the+USOC%27s+statement+that+the+interests+of+our+athletes+and+clubs%2C+and%0Atheir+sport%2C+may+be+better+served+by+moving+forward+with+meaningful+change+within+our+organization%2C%0Arather+than+decertification. "HTTP/1.1 200 OK"
HTTP Request: GET https://translate.googleapis.com/translate_a/single?client=gtx&sl=auto&tl=de&dt=t&q=The+central+authority+of%0Athe+church+had+been+in+Rome+for+over+a+thousand+years+and+this+concentration+of+power+and+money+led%0Amany+to+question+whether+this+tenet+was+being+met. "HTTP/1.1 200 OK"
HTTP Request: GET https://translate.googleapis.com/translate_a/single?client=gtx&sl=auto&tl=de&dt=t&q=Also+to+the+north+visit+the+great+Sanctuary+of+Our+Lady+of%0AFatima+%28Shrine%29%2C+a+place+of+worldwide+famous+Marian+apparitions. "HTTP/1.1 200 OK"
HTTP Request: GET https://translate.googleapis.com/translate_a/single?client=gtx&sl=auto&tl=de&dt=t&q=The+word+civilization%0Acomes+from+the+Latin+civilis%2C+meaning+civil%2C+related+to+the+Latin+civis%2C+meaning+citizen%2C+and+civitas%2C+meaning+city+or+city-state%2C+and+that+also+somehow%0Adefines+the+size+of+the+society. "HTTP/1.1 200 OK"
HTTP Request: GET https://translate.googleapis.com/translate_a/single?client=gtx&sl=auto&tl=de&dt=t&q=Alloys+are+basically+a+mixture+of "HTTP/1.1 200 OK"
HTTP Request: GET https://translate.googleapis.com/translate_a/single?client=gtx&sl=auto&tl=de&dt=t&q=We+make+our+houses+from+plants+and+make+clothes+from+plants.+Most+foods+that+we+eat+are+plants.+Without+plants%2C+animals "HTTP/1.1 200 OK"
HTTP Request: GET https://translate.googleapis.com/translate_a/single?client=gtx&sl=auto&tl=de&dt=t&q=Buses+depart+the+inter-district+bus+station%0A%28across+the+river%29+throughout+the+day%2C+though+most%2C+especially+those+heading+to+the+east+and+Jakar%2FBumthang+leave+between+06%3A30+and+07%3A30. "HTTP/1.1 200 OK"
HTTP Request: GET https://translate.googleapis.com/translate_a/single?client=gtx&sl=auto&tl=de&dt=t&q=Similarly%2C+by+having+a+Schengen+visa%2C+you+do+not+need+to+apply%0Afor+visas+to+each+of+the+Schengen+member+countries+separately%2C+hence+saving+time%2C+money+and+paperwork. "HTTP/1.1 200 OK"
HTTP Request: GET https://translate.googleapis.com/translate_a/single?client=gtx&sl=auto&tl=de&dt=t&q=Alloys+are+basically+a+mixture+of%0Atwo+or+more+metals.+Don%27t+forget+that+there+are+many+elements+on+the+periodic+table. "HTTP/1.1 200 OK"
HTTP Request: GET https://translate.googleapis.com/translate_a/single?client=gtx&sl=auto&tl=de&dt=t&q=Ancient+China+had+a+unique%0Away+of+showing+different+time+periods%3B+each+stage+of+China+or+each+family+that+was+in+power+was+a+distinctive+dynasty. "HTTP/1.1 200 OK"
HTTP Request: GET https://translate.googleapis.com/translate_a/single?client=gtx&sl=auto&tl=de&dt=t&q=We+make+our+houses+from+plants+and+make+clothes+from+plants.+Most+foods+that+we+eat+are+plants.+Without+plants%2C+animals%0Acould+not+survive. "HTTP/1.1 200 OK"
HTTP Request: GET https://translate.googleapis.com/translate_a/single?client=gtx&sl=auto&tl=de&dt=t&q=Ancient+cultures+and+tribes%0Abegan+to+keep+them+for+easy+access+to+milk%2C+hair%2C+meat%2C+and+skins. "HTTP/1.1 200 OK"
HTTP Request: GET https://translate.googleapis.com/translate_a/single?client=gtx&sl=auto&tl=de&dt=t&q=As+a+result%2C+the+process+of+an+organization+working "HTTP/1.1 200 OK"
HTTP Request: GET https://translate.googleapis.com/translate_a/single?client=gtx&sl=auto&tl=de&dt=t&q=While+Goma+is+reasonably+safe%2C+any+visits+outside+of+Goma+should+be+researched+to+understand+the+state+of+the+fighting+that+persists+in+the "HTTP/1.1 200 OK"
HTTP Request: GET https://translate.googleapis.com/translate_a/single?client=gtx&sl=auto&tl=de&dt=t&q=At+the+other+end+of+the%0Aspectrum%2C+one+morphs+into+an+unrecognizable+individual+that+feels+he+or+she+must+change+everything "HTTP/1.1 200 OK"
HTTP Request: GET https://translate.googleapis.com/translate_a/single?client=gtx&sl=auto&tl=de&dt=t&q=At+the+other+end+of+the%0Aspectrum%2C+one+morphs+into+an+unrecognizable+individual+that+feels+he+or+she+must+change+everything%0Athe+team+has+been+doing+and+make+it+their+own. "HTTP/1.1 200 OK"
HTTP Request: GET https://translate.googleapis.com/translate_a/single?client=gtx&sl=auto&tl=de&dt=t&q=The+same+month+saw+another+airliner%0Aoverrun+a+runway+at+Mashhad+and+strike+a+wall%2C+killing+seventeen. "HTTP/1.1 200 OK"
HTTP Request: GET https://translate.googleapis.com/translate_a/single?client=gtx&sl=auto&tl=de&dt=t&q=The+Giza+Plateau%2C+or+%22Giza+Necropolis%22+in+the+Egyptian+Valley+of+the+Dead "HTTP/1.1 200 OK"
HTTP Request: GET https://translate.googleapis.com/translate_a/single?client=gtx&sl=auto&tl=de&dt=t&q=Researchers+from+Princeton+University+in+the+United+States+and+Uppsala+University+in+Sweden+reported+the+new+species+evolved+in+just+two+generations%2C+though+this+process "HTTP/1.1 200 OK"
HTTP Request: GET https://translate.googleapis.com/translate_a/single?client=gtx&sl=auto&tl=de&dt=t&q=Researchers+from+Princeton+University+in+the+United+States+and+Uppsala+University+in+Sweden+reported+the+new+species+evolved+in+just+two+generations%2C+though+this+process%0Ahad+been+believed+to+take+much+longer%2C "HTTP/1.1 200 OK"
HTTP Request: GET https://translate.googleapis.com/translate_a/single?client=gtx&sl=auto&tl=de&dt=t&q=Researchers+from+Princeton+University+in+the+United+States+and+Uppsala+University+in+Sweden+reported+the+new+species+evolved+in+just+two+generations%2C+though+this+process%0Ahad+been+believed+to+take+much+longer%2C%0Adue+to+breeding+between+an+endemic+Darwin+finch%2C+Geospiza+fortes%2C "HTTP/1.1 200 OK"
HTTP Request: GET https://translate.googleapis.com/translate_a/single?client=gtx&sl=auto&tl=de&dt=t&q=Researchers+from+Princeton+University+in+the+United+States+and+Uppsala+University+in+Sweden+reported+the+new+species+evolved+in+just+two+generations%2C+though+this+process%0Ahad+been+believed+to+take+much+longer%2C%0Adue+to+breeding+between+an+endemic+Darwin+finch%2C+Geospiza+fortes%2C%0Aand+the+immigrant+cactus+finch%2C+Geospiza+conirostris. "HTTP/1.1 200 OK"
HTTP Request: GET https://translate.googleapis.com/translate_a/single?client=gtx&sl=auto&tl=de&dt=t&q=The+harbor+was+the+site+of+an+infamous+naval "HTTP/1.1 200 OK"
HTTP Request: GET https://translate.googleapis.com/translate_a/single?client=gtx&sl=auto&tl=de&dt=t&q=The+harbor+was+the+site+of+an+infamous+naval%0Astandoff+in+1889+when+seven+ships+from+Germany%2C+the+US%2C+and+Britain+refused+to+leave+the+harbor. "HTTP/1.1 200 OK"
HTTP Request: GET https://translate.googleapis.com/translate_a/single?client=gtx&sl=auto&tl=de&dt=t&q=While+Goma+is+reasonably+safe%2C+any+visits+outside+of+Goma+should+be+researched+to+understand+the+state+of+the+fighting+that+persists+in+the%0ANorth+Kivu+province. "HTTP/1.1 200 OK"
HTTP Request: GET https://translate.googleapis.com/translate_a/single?client=gtx&sl=auto&tl=de&dt=t&q=As+a+result%2C+the+process+of+an+organization+working%0Atogether+to+overcome+an+obstacle+can+lead+to+a+new+innovative+process+to+serve+the+customer%27s+need. "HTTP/1.1 200 OK"
HTTP Request: GET https://translate.googleapis.com/translate_a/single?client=gtx&sl=auto&tl=de&dt=t&q=The+Giza+Plateau%2C+or+%22Giza+Necropolis%22+in+the+Egyptian+Valley+of+the+Dead%0Acontains+several+pyramids+%28of+which+the+great+pyramid+is+the+largest%29%2C+several+small+tombs%2C "HTTP/1.1 200 OK"
HTTP Request: GET https://translate.googleapis.com/translate_a/single?client=gtx&sl=auto&tl=de&dt=t&q=Oliver+Sacks%2C+in+his+paper+The+President%27s+Speech%2C%0Aindicated+how+people+who+are+unable+to+understand+speech+because+of+brain+damage+are+nevertheless+able+to+assess+sincerity+accurately. "HTTP/1.1 200 OK"
HTTP Request: GET https://translate.googleapis.com/translate_a/single?client=gtx&sl=auto&tl=de&dt=t&q=In+1990%2C+it "HTTP/1.1 200 OK"
HTTP Request: GET https://translate.googleapis.com/translate_a/single?client=gtx&sl=auto&tl=de&dt=t&q=The+Giza+Plateau%2C+or+%22Giza+Necropolis%22+in+the+Egyptian+Valley+of+the+Dead%0Acontains+several+pyramids+%28of+which+the+great+pyramid+is+the+largest%29%2C+several+small+tombs%2C%0Aseveral+temples%2C+and+the+great+Sphinx. "HTTP/1.1 200 OK"
HTTP Request: GET https://translate.googleapis.com/translate_a/single?client=gtx&sl=auto&tl=de&dt=t&q=Ironing+damp+clothes+can+help+them+dry.+Many+hotels+have+an "HTTP/1.1 200 OK"
HTTP Request: GET https://translate.googleapis.com/translate_a/single?client=gtx&sl=auto&tl=de&dt=t&q=In+1990%2C+it%0Awas+added+to+the+list+of+world+heritage+sites+in+danger%2C+due+to+the+threat+of+desert+sands. "HTTP/1.1 200 OK"
HTTP Request: GET https://translate.googleapis.com/translate_a/single?client=gtx&sl=auto&tl=de&dt=t&q=Ironing+damp+clothes+can+help+them+dry.+Many+hotels+have+an%0Airon+and+ironing+board+available+for+loan%2C+even+if+one+is+not+present+in+the+room. "HTTP/1.1 200 OK"
HTTP Request: GET https://translate.googleapis.com/translate_a/single?client=gtx&sl=auto&tl=de&dt=t&q=The+term+bug+is+used+by+entomologists+in+a+formal "HTTP/1.1 200 OK"
HTTP Request: GET https://translate.googleapis.com/translate_a/single?client=gtx&sl=auto&tl=de&dt=t&q=Hong+Kong+Island+gives+the+territory+of+Hong+Kong+its+name+and+is+the "HTTP/1.1 200 OK"
HTTP Request: GET https://translate.googleapis.com/translate_a/single?client=gtx&sl=auto&tl=de&dt=t&q=The+city+is+also+the+base+to+climb+the+Nyiragongo+volcano+along+with+some+of+the+cheapest+Mountain+Gorilla "HTTP/1.1 200 OK"
HTTP Request: GET https://translate.googleapis.com/translate_a/single?client=gtx&sl=auto&tl=de&dt=t&q=The+term+bug+is+used+by+entomologists+in+a+formal%0Asense+for+this+group+of+insects. "HTTP/1.1 200 OK"
HTTP Request: GET https://translate.googleapis.com/translate_a/single?client=gtx&sl=auto&tl=de&dt=t&q=The+official+Falklands+currency+is+the+Falkland+pound+%28FKP%29+whose+value+is+set+equivalent+to "HTTP/1.1 200 OK"
HTTP Request: GET https://translate.googleapis.com/translate_a/single?client=gtx&sl=auto&tl=de&dt=t&q=The+city+is+also+the+base+to+climb+the+Nyiragongo+volcano+along+with+some+of+the+cheapest+Mountain+Gorilla%0Atracking+in+Africa. "HTTP/1.1 200 OK"
HTTP Request: GET https://translate.googleapis.com/translate_a/single?client=gtx&sl=auto&tl=de&dt=t&q=In+just+two+weeks+the+Americans+and+Free+French "HTTP/1.1 200 OK"
HTTP Request: GET https://translate.googleapis.com/translate_a/single?client=gtx&sl=auto&tl=de&dt=t&q=Lakkha+Singh+presented+the+chhappan+bhog+bhajan+as+well.+Singer%2C+Raju+Khandelwal "HTTP/1.1 200 OK"
HTTP Request: GET https://translate.googleapis.com/translate_a/single?client=gtx&sl=auto&tl=de&dt=t&q=The+official+Falklands+currency+is+the+Falkland+pound+%28FKP%29+whose+value+is+set+equivalent+to%0Athat+of+one+British+pound+%28GBP%29. "HTTP/1.1 200 OK"
HTTP Request: GET https://translate.googleapis.com/translate_a/single?client=gtx&sl=auto&tl=de&dt=t&q=In+just+two+weeks+the+Americans+and+Free+French%0Aforces+had+liberated+southern+France+and+were+turning+towards+Germany. "HTTP/1.1 200 OK"
HTTP Request: GET https://translate.googleapis.com/translate_a/single?client=gtx&sl=auto&tl=de&dt=t&q=Lakkha+Singh+presented+the+chhappan+bhog+bhajan+as+well.+Singer%2C+Raju+Khandelwal%0Awas+accompanying+him. "HTTP/1.1 200 OK"
HTTP Request: GET https://translate.googleapis.com/translate_a/single?client=gtx&sl=auto&tl=de&dt=t&q=You+can+use%0Aboda-boda+%28motorcycle+taxi%29+to+get+around+Goma.+The+normal+%28local%29+price+is+~500+Congolese+Francs+for+the+short+ride. "HTTP/1.1 200 OK"
HTTP Request: GET https://translate.googleapis.com/translate_a/single?client=gtx&sl=auto&tl=de&dt=t&q=These+couples+may+choose+to+make%0Aan+adoption+plan+for+their+baby. "HTTP/1.1 200 OK"
HTTP Request: GET https://translate.googleapis.com/translate_a/single?client=gtx&sl=auto&tl=de&dt=t&q=The+two+compounds+react+with+one "HTTP/1.1 200 OK"
HTTP Request: GET https://translate.googleapis.com/translate_a/single?client=gtx&sl=auto&tl=de&dt=t&q=The+two+compounds+react+with+one%0Aanother+to+form+crystals+that+may+block+kidney+function%2C+researchers+at+the+university+said. "HTTP/1.1 200 OK"
HTTP Request: GET https://translate.googleapis.com/translate_a/single?client=gtx&sl=auto&tl=de&dt=t&q=Lion+prides+act+much+like+packs+of+wolves+or+dogs%2C+animals+surprisingly+similar+to+lions+%28but "HTTP/1.1 200 OK"
HTTP Request: GET https://translate.googleapis.com/translate_a/single?client=gtx&sl=auto&tl=de&dt=t&q=We+don%27t+know+for+sure%2C+but+it+may+have+had+a+forked+tongue.+Its+diet+included+turtles%2C+large+fish%2C+other+mosasaurs%2C+and "HTTP/1.1 200 OK"
HTTP Request: GET https://translate.googleapis.com/translate_a/single?client=gtx&sl=auto&tl=de&dt=t&q=Goats+seem+to+have+been+first%0Adomesticated+roughly+10%2C000+years+ago+in+the+Zagros+Mountains+of+Iran. "HTTP/1.1 200 OK"
HTTP Request: GET https://translate.googleapis.com/translate_a/single?client=gtx&sl=auto&tl=de&dt=t&q=Hong+Kong+Island+gives+the+territory+of+Hong+Kong+its+name+and+is+the%0Aplace+that+many+tourists+regard+as+the+main+focus. "HTTP/1.1 200 OK"
HTTP Request: GET https://translate.googleapis.com/translate_a/single?client=gtx&sl=auto&tl=de&dt=t&q=Prior+to+the+arrival+of+troops%2C+Haiti+had+not+encountered+problems+related "HTTP/1.1 200 OK"
HTTP Request: GET https://translate.googleapis.com/translate_a/single?client=gtx&sl=auto&tl=de&dt=t&q=Prior+to+the+arrival+of+troops%2C+Haiti+had+not+encountered+problems+related%0Ato+the+disease+since+the+1800s. "HTTP/1.1 200 OK"
HTTP Request: GET https://translate.googleapis.com/translate_a/single?client=gtx&sl=auto&tl=de&dt=t&q=During+the+1920s%2C+the+prevailing+attitudes "HTTP/1.1 200 OK"
HTTP Request: GET https://translate.googleapis.com/translate_a/single?client=gtx&sl=auto&tl=de&dt=t&q=During+the+1920s%2C+the+prevailing+attitudes%0Aof+most+citizens+and+nations+was+that+of+pacifism+and+isolation. "HTTP/1.1 200 OK"
HTTP Request: GET https://translate.googleapis.com/translate_a/single?client=gtx&sl=auto&tl=de&dt=t&q=Cocham%C3%B3+Valley+-+Chile%27s+premier+climbing+destination%2C+known+as+the+Yosemite+of+South+America%2C+with+a+variety "HTTP/1.1 200 OK"
HTTP Request: GET https://translate.googleapis.com/translate_a/single?client=gtx&sl=auto&tl=de&dt=t&q=A+curry+is%0Aa+dish+based+on+herbs+and+spices%2C+together+with+either+meat+or+vegetables. "HTTP/1.1 200 OK"
HTTP Request: GET https://translate.googleapis.com/translate_a/single?client=gtx&sl=auto&tl=de&dt=t&q=Lion+prides+act+much+like+packs+of+wolves+or+dogs%2C+animals+surprisingly+similar+to+lions+%28but%0Anot+other+big+cats%29+in+behavior%2C+and+also+very+deadly+to+their+prey. "HTTP/1.1 200 OK"
HTTP Request: GET https://translate.googleapis.com/translate_a/single?client=gtx&sl=auto&tl=de&dt=t&q=We+don%27t+know+for+sure%2C+but+it+may+have+had+a+forked+tongue.+Its+diet+included+turtles%2C+large+fish%2C+other+mosasaurs%2C+and%0Ait+may+even+have+been+a+cannibal. "HTTP/1.1 200 OK"
HTTP Request: GET https://translate.googleapis.com/translate_a/single?client=gtx&sl=auto&tl=de&dt=t&q=Cocham%C3%B3+Valley+-+Chile%27s+premier+climbing+destination%2C+known+as+the+Yosemite+of+South+America%2C+with+a+variety%0Aof+granite+big+walls+and+crags. "HTTP/1.1 200 OK"
HTTP Request: GET https://translate.googleapis.com/translate_a/single?client=gtx&sl=auto&tl=de&dt=t&q=The+cabbage+juice+changes+color+depending "HTTP/1.1 200 OK"
HTTP Request: GET https://translate.googleapis.com/translate_a/single?client=gtx&sl=auto&tl=de&dt=t&q=The+job+of+navies+has+traditionally+been+to+ensure+that+your+country "HTTP/1.1 200 OK"
HTTP Request: GET https://translate.googleapis.com/translate_a/single?client=gtx&sl=auto&tl=de&dt=t&q=The+cabbage+juice+changes+color+depending%0Aon+how+acidic+or+basic+%28alkaline%29+the+chemical+is. "HTTP/1.1 200 OK"
HTTP Request: GET https://translate.googleapis.com/translate_a/single?client=gtx&sl=auto&tl=de&dt=t&q=The+job+of+navies+has+traditionally+been+to+ensure+that+your+country%0Amaintains+the+ability "HTTP/1.1 200 OK"
HTTP Request: GET https://translate.googleapis.com/translate_a/single?client=gtx&sl=auto&tl=de&dt=t&q=Barcelona%27s+official+languages+are+Catalan+and+Spanish.+About+a+half+prefer+to+speak+Catalan%2C+a+vast+majority+understands+it%2C "HTTP/1.1 200 OK"
HTTP Request: GET https://translate.googleapis.com/translate_a/single?client=gtx&sl=auto&tl=de&dt=t&q=Barcelona%27s+official+languages+are+Catalan+and+Spanish.+About+a+half+prefer+to+speak+Catalan%2C+a+vast+majority+understands+it%2C%0Aand+virtually+everyone+knows+Spanish. "HTTP/1.1 200 OK"
HTTP Request: GET https://translate.googleapis.com/translate_a/single?client=gtx&sl=auto&tl=de&dt=t&q=Women%3A+It+is%0Arecommended+that+any+women+travellers+say+that+they+are+married%2C+regardless+of+actual+marital+status. "HTTP/1.1 200 OK"
HTTP Request: GET https://translate.googleapis.com/translate_a/single?client=gtx&sl=auto&tl=de&dt=t&q=He+added+that+%22they+should+not%2C+however%2C+be+asked+to+take+on+obligations+that+go+beyond "HTTP/1.1 200 OK"
HTTP Request: GET https://translate.googleapis.com/translate_a/single?client=gtx&sl=auto&tl=de&dt=t&q=Resting+on+the+top+of+one+of+the+mountains%0Anorth+of+Mecca%2C+the+cave+is+completely+isolated+from+the+rest+of+the+world. "HTTP/1.1 200 OK"
HTTP Request: GET https://translate.googleapis.com/translate_a/single?client=gtx&sl=auto&tl=de&dt=t&q=Professor+Pamela+Ferguson%0Aof+the+University+of+Dundee+notes+%22journalists+do+seem+to+be+walking+a+dangerous+line+if+publishing+photos+etc+of+suspects.%22 "HTTP/1.1 200 OK"
HTTP Request: GET https://translate.googleapis.com/translate_a/single?client=gtx&sl=auto&tl=de&dt=t&q=The+job+of+navies+has+traditionally+been+to+ensure+that+your+country%0Amaintains+the+ability%0Ato+move+your+people+and+goods%2C+while+at+the+same+time%2C+interfering+with+your+enemy%27s+ability+to+move+his+people+and+goods. "HTTP/1.1 200 OK"
HTTP Request: GET https://translate.googleapis.com/translate_a/single?client=gtx&sl=auto&tl=de&dt=t&q=Finally%2C+there+are%0Amany+small+cats+%28including+loose+pet+cats%29+that+eat+the+far+more+numerous+small+prey+like+insects%2C+rodents%2C+lizards%2C+and+birds. "HTTP/1.1 200 OK"
HTTP Request: GET https://translate.googleapis.com/translate_a/single?client=gtx&sl=auto&tl=de&dt=t&q=If+you+have+watched+the+movie+National+Treasure%2C+you+may+think+a+treasure+map "HTTP/1.1 200 OK"
HTTP Request: GET https://translate.googleapis.com/translate_a/single?client=gtx&sl=auto&tl=de&dt=t&q=The+composition+of+these+crystals+matches+those+found+in+the+urine+of+affected+pets+when+compared+by "HTTP/1.1 200 OK"
HTTP Request: GET https://translate.googleapis.com/translate_a/single?client=gtx&sl=auto&tl=de&dt=t&q=If+you+have+watched+the+movie+National+Treasure%2C+you+may+think+a+treasure+map%0Awas+written+on+the+back+of+the+Declaration+of+Independence. "HTTP/1.1 200 OK"
HTTP Request: GET https://translate.googleapis.com/translate_a/single?client=gtx&sl=auto&tl=de&dt=t&q=The+aspect+ratio+of+this+format+%28dividing+by+twelve+to+obtain+the "HTTP/1.1 200 OK"
HTTP Request: GET https://translate.googleapis.com/translate_a/single?client=gtx&sl=auto&tl=de&dt=t&q=The+composition+of+these+crystals+matches+those+found+in+the+urine+of+affected+pets+when+compared+by%0Ainfrared+spectroscopy+%28FTIR%29. "HTTP/1.1 200 OK"
HTTP Request: GET https://translate.googleapis.com/translate_a/single?client=gtx&sl=auto&tl=de&dt=t&q=The+aspect+ratio+of+this+format+%28dividing+by+twelve+to+obtain+the%0Asimplest+whole-number+ratio%29+is+therefore+said+to+be+3%3A2. "HTTP/1.1 200 OK"
HTTP Request: GET https://translate.googleapis.com/translate_a/single?client=gtx&sl=auto&tl=de&dt=t&q=It+is+one+of+the+main+attractions+of+South+Africa+and+it+is+considered+the+flagship "HTTP/1.1 200 OK"
HTTP Request: GET https://translate.googleapis.com/translate_a/single?client=gtx&sl=auto&tl=de&dt=t&q=It+is+one+of+the+main+attractions+of+South+Africa+and+it+is+considered+the+flagship%0Aof+South+African+National+Parks+%28SANParks%29. "HTTP/1.1 200 OK"
HTTP Request: GET https://translate.googleapis.com/translate_a/single?client=gtx&sl=auto&tl=de&dt=t&q=Apia+is+the%0Acapital+of+Samoa.+The+town+is+on+the+island+of+Upolu+and+has+a+population+of+just+under+40%2C000. "HTTP/1.1 200 OK"
HTTP Request: GET https://translate.googleapis.com/translate_a/single?client=gtx&sl=auto&tl=de&dt=t&q=It+is+related+to+but+usually+not+involving+alpine+style+ski%0Atouring+or+mountaineering%2C+the+latter+ones+done+in+steep+terrain+and+requiring+much+stiffer+skis+and+boots. "HTTP/1.1 200 OK"
HTTP Request: GET https://translate.googleapis.com/translate_a/single?client=gtx&sl=auto&tl=de&dt=t&q=The+pyramid+sound "HTTP/1.1 200 OK"
HTTP Request: GET https://translate.googleapis.com/translate_a/single?client=gtx&sl=auto&tl=de&dt=t&q=The+pyramid+sound%0Aand+light+show+is+one+of+the+most+interesting+things+in+the+area+for+kids. "HTTP/1.1 200 OK"
HTTP Request: GET https://translate.googleapis.com/translate_a/single?client=gtx&sl=auto&tl=de&dt=t&q=He+added+that+%22they+should+not%2C+however%2C+be+asked+to+take+on+obligations+that+go+beyond%0Atheir+development+stage%2C+responsibility+and+capabilities.%22 "HTTP/1.1 200 OK"
HTTP Request: GET https://translate.googleapis.com/translate_a/single?client=gtx&sl=auto&tl=de&dt=t&q=Vatican+City%27s+population+is+around+800.+It+is+the+smallest+independent+country+in+the+world "HTTP/1.1 200 OK"
HTTP Request: GET https://translate.googleapis.com/translate_a/single?client=gtx&sl=auto&tl=de&dt=t&q=Vatican+City%27s+population+is+around+800.+It+is+the+smallest+independent+country+in+the+world%0Aand+the+country+with+the+lowest+population. "HTTP/1.1 200 OK"
HTTP Request: GET https://translate.googleapis.com/translate_a/single?client=gtx&sl=auto&tl=de&dt=t&q=People+have+known+about+basic+chemical+elements+such+as "HTTP/1.1 200 OK"
HTTP Request: GET https://translate.googleapis.com/translate_a/single?client=gtx&sl=auto&tl=de&dt=t&q=Scaffolding+is+not+a+method+of+learning+but+rather+an+aid+that+provides+support+to+individuals+whom+are+undergoing+a+new+learning+experience+such+as+using+a+new+computer "HTTP/1.1 200 OK"
HTTP Request: GET https://translate.googleapis.com/translate_a/single?client=gtx&sl=auto&tl=de&dt=t&q=Scaffolding+is+not+a+method+of+learning+but+rather+an+aid+that+provides+support+to+individuals+whom+are+undergoing+a+new+learning+experience+such+as+using+a+new+computer%0Aprogram+or+beginning "HTTP/1.1 200 OK"
HTTP Request: GET https://translate.googleapis.com/translate_a/single?client=gtx&sl=auto&tl=de&dt=t&q=Scaffolding+is+not+a+method+of+learning+but+rather+an+aid+that+provides+support+to+individuals+whom+are+undergoing+a+new+learning+experience+such+as+using+a+new+computer%0Aprogram+or+beginning%0Aa+new+project. "HTTP/1.1 200 OK"
HTTP Request: GET https://translate.googleapis.com/translate_a/single?client=gtx&sl=auto&tl=de&dt=t&q=Due+to+the "HTTP/1.1 200 OK"
HTTP Request: GET https://translate.googleapis.com/translate_a/single?client=gtx&sl=auto&tl=de&dt=t&q=Due+to+the%0Aunderwater+topology+the+return+flow+is+concentrated+at+a+few+deeper+sections%2C+and+a+fast+current+to+deep+water+may+form+there. "HTTP/1.1 200 OK"
HTTP Request: GET https://translate.googleapis.com/translate_a/single?client=gtx&sl=auto&tl=de&dt=t&q=Regular+announcements+in+the+Metro+are+made+only+in+Catalan%2C+but+unplanned+disruptions "HTTP/1.1 200 OK"
HTTP Request: GET https://translate.googleapis.com/translate_a/single?client=gtx&sl=auto&tl=de&dt=t&q=Plants+look+their+best+when+in+a+natural+environment%2C+so+resist+the+temptation+to+remove+even "HTTP/1.1 200 OK"
HTTP Request: GET https://translate.googleapis.com/translate_a/single?client=gtx&sl=auto&tl=de&dt=t&q=People+have+known+about+basic+chemical+elements+such+as%0Agold%2C+silver%2C+and+copper+from+antiquity%2C+as+these+can+all+be+discovered+in+nature+in+native+form+and "HTTP/1.1 200 OK"
HTTP Request: GET https://translate.googleapis.com/translate_a/single?client=gtx&sl=auto&tl=de&dt=t&q=People+have+known+about+basic+chemical+elements+such+as%0Agold%2C+silver%2C+and+copper+from+antiquity%2C+as+these+can+all+be+discovered+in+nature+in+native+form+and%0Aare+relatively+simple+to+mine+with+primitive+tools. "HTTP/1.1 200 OK"
HTTP Request: GET https://translate.googleapis.com/translate_a/single?client=gtx&sl=auto&tl=de&dt=t&q=Regular+announcements+in+the+Metro+are+made+only+in+Catalan%2C+but+unplanned+disruptions%0Aare+announced+by+an "HTTP/1.1 200 OK"
HTTP Request: GET https://translate.googleapis.com/translate_a/single?client=gtx&sl=auto&tl=de&dt=t&q=Regular+announcements+in+the+Metro+are+made+only+in+Catalan%2C+but+unplanned+disruptions%0Aare+announced+by+an%0Aautomated+system+in+a+wide+variety+of+languages+including+Spanish%2C+English%2C+French%2C+Arabic+and+Japanese. "HTTP/1.1 200 OK"
HTTP Request: GET https://translate.googleapis.com/translate_a/single?client=gtx&sl=auto&tl=de&dt=t&q=Bishkek+was+described+as+sinking+into+a "HTTP/1.1 200 OK"
HTTP Request: GET https://translate.googleapis.com/translate_a/single?client=gtx&sl=auto&tl=de&dt=t&q=Bishkek+was+described+as+sinking+into+a%0Astate+of+%22anarchy%22+by+one+observer%2C+as+gangs+of+people+roamed+the+streets+and+plundered+stores+of+consumer+goods. "HTTP/1.1 200 OK"
HTTP Request: GET https://translate.googleapis.com/translate_a/single?client=gtx&sl=auto&tl=de&dt=t&q=Greenland+was+settled+sparsely.+In+the+Norse+sagas+they+say+that+Erik+the+Red+was+exiled+from "HTTP/1.1 200 OK"
HTTP Request: GET https://translate.googleapis.com/translate_a/single?client=gtx&sl=auto&tl=de&dt=t&q=USA+Gymnastics+and+the+USOC+have+the+same+goal+%E2%80%94+making+the+sport+of+gymnastics%2C+and+others%2C+as "HTTP/1.1 200 OK"
HTTP Request: GET https://translate.googleapis.com/translate_a/single?client=gtx&sl=auto&tl=de&dt=t&q=Plants+look+their+best+when+in+a+natural+environment%2C+so+resist+the+temptation+to+remove+even%0A%22just+one%22+specimen. "HTTP/1.1 200 OK"
HTTP Request: GET https://translate.googleapis.com/translate_a/single?client=gtx&sl=auto&tl=de&dt=t&q=First+among+its+78+recommendations+is+that+a+new+diplomatic+initiative%0Ashould+be+taken+before+the+end+of+this+year+to+secure+Iraq%E2%80%99s+borders+against+hostile+interventions+and+to+re-establish+diplomatic+relations "HTTP/1.1 200 OK"
HTTP Request: GET https://translate.googleapis.com/translate_a/single?client=gtx&sl=auto&tl=de&dt=t&q=USA+Gymnastics+and+the+USOC+have+the+same+goal+%E2%80%94+making+the+sport+of+gymnastics%2C+and+others%2C+as%0Asafe+as+possible+for+athletes+to+follow+their+dreams "HTTP/1.1 200 OK"
HTTP Request: GET https://translate.googleapis.com/translate_a/single?client=gtx&sl=auto&tl=de&dt=t&q=Greenland+was+settled+sparsely.+In+the+Norse+sagas+they+say+that+Erik+the+Red+was+exiled+from%0AIceland+for+murder%2C+and+when+travelling+further+west%2C "HTTP/1.1 200 OK"
HTTP Request: GET https://translate.googleapis.com/translate_a/single?client=gtx&sl=auto&tl=de&dt=t&q=First+among+its+78+recommendations+is+that+a+new+diplomatic+initiative%0Ashould+be+taken+before+the+end+of+this+year+to+secure+Iraq%E2%80%99s+borders+against+hostile+interventions+and+to+re-establish+diplomatic+relations%0Awith+its+neighbors. "HTTP/1.1 200 OK"
HTTP Request: GET https://translate.googleapis.com/translate_a/single?client=gtx&sl=auto&tl=de&dt=t&q=Greenland+was+settled+sparsely.+In+the+Norse+sagas+they+say+that+Erik+the+Red+was+exiled+from%0AIceland+for+murder%2C+and+when+travelling+further+west%2C%0Afound+Greenland+and+named+it+Greenland. "HTTP/1.1 200 OK"
HTTP Request: GET https://translate.googleapis.com/translate_a/single?client=gtx&sl=auto&tl=de&dt=t&q=USA+Gymnastics+and+the+USOC+have+the+same+goal+%E2%80%94+making+the+sport+of+gymnastics%2C+and+others%2C+as%0Asafe+as+possible+for+athletes+to+follow+their+dreams%0Ain+a+safe%2C+positive+and+empowered+environment. "HTTP/1.1 200 OK"
/home/mobility/STiTy/.venv-autoseg/lib/python3.10/site-packages/pytorch_lightning/utilities/_pytree.py:21: `isinstance(treespec, LeafSpec)` is deprecated, use `isinstance(treespec, TreeSpec) and treespec.is_leaf()` instead.
HTTP Request: GET https://translate.googleapis.com/translate_a/single?client=gtx&sl=auto&tl=de&dt=t&q=Scientists+hope+to+understand+how+planets+form%2C+especially+how+the+Earth+formed%2C+since+comets "HTTP/1.1 200 OK"
HTTP Request: GET https://translate.googleapis.com/translate_a/single?client=gtx&sl=auto&tl=de&dt=t&q=Scientists+hope+to+understand+how+planets+form%2C+especially+how+the+Earth+formed%2C+since+comets%0Acollided+with+the+Earth+long+ago. "HTTP/1.1 200 OK"
HTTP Request: GET https://translate.googleapis.com/translate_a/single?client=gtx&sl=auto&tl=de&dt=t&q=Through+the+night+between+150+and "HTTP/1.1 200 OK"
HTTP Request: GET https://translate.googleapis.com/translate_a/single?client=gtx&sl=auto&tl=de&dt=t&q=Through+the+night+between+150+and%0A200+copies+were+made%2C+now+known+as+%22Dunlap+broadsides%22. "HTTP/1.1 200 OK"
HTTP Request: GET https://translate.googleapis.com/translate_a/single?client=gtx&sl=auto&tl=de&dt=t&q=A+search+of+the+Internet+for%27+Hostile+environment+course%27+will+probably+provide+the+address+of "HTTP/1.1 200 OK"
HTTP Request: GET https://translate.googleapis.com/translate_a/single?client=gtx&sl=auto&tl=de&dt=t&q=As+a+result%2C+the+performers+smoke+cannabis+joints+on+stage%2C+and+the+theatre+itself+is+encouraging+the+audience "HTTP/1.1 200 OK"
HTTP Request: GET https://translate.googleapis.com/translate_a/single?client=gtx&sl=auto&tl=de&dt=t&q=As+a+result%2C+the+performers+smoke+cannabis+joints+on+stage%2C+and+the+theatre+itself+is+encouraging+the+audience%0Ato+join+in. "HTTP/1.1 200 OK"
HTTP Request: GET https://translate.googleapis.com/translate_a/single?client=gtx&sl=auto&tl=de&dt=t&q=A+search+of+the+Internet+for%27+Hostile+environment+course%27+will+probably+provide+the+address+of%0Aa+local+company. "HTTP/1.1 200 OK"
HTTP Request: GET https://translate.googleapis.com/translate_a/single?client=gtx&sl=auto&tl=de&dt=t&q=Generally+speaking%2C+two+behaviors+can+emerge+as+managers+begin+to+lead+their+former+peers.+One+end+of "HTTP/1.1 200 OK"
HTTP Request: GET https://translate.googleapis.com/translate_a/single?client=gtx&sl=auto&tl=de&dt=t&q=Throughout+1960s%2C+Brzezinski+worked+for+John+F.+Kennedy+as "HTTP/1.1 200 OK"
HTTP Request: GET https://translate.googleapis.com/translate_a/single?client=gtx&sl=auto&tl=de&dt=t&q=Throughout+1960s%2C+Brzezinski+worked+for+John+F.+Kennedy+as%0Ahis+advisor+and+then+the+Lyndon+B.+Johnson+administration. "HTTP/1.1 200 OK"
HTTP Request: GET https://translate.googleapis.com/translate_a/single?client=gtx&sl=auto&tl=de&dt=t&q=Generally+speaking%2C+two+behaviors+can+emerge+as+managers+begin+to+lead+their+former+peers.+One+end+of%0Athe+spectrum+is+trying+to+remain+%E2%80%9Cone+of+the+guys%E2%80%9D+%28or+gals%29. "HTTP/1.1 200 OK"
HTTP Request: GET https://translate.googleapis.com/translate_a/single?client=gtx&sl=auto&tl=de&dt=t&q=The+word+civilization%0Acomes+from+the%0ALatin+civilis%2C+meaning+civil%2C+related+to+the+Latin+civis%2C+meaning+citizen%2C+and+civitas%2C+meaning+city+or+city-state%2C+and+that+also+somehow+defines+the+size+of+the+society. "HTTP/1.1 200 OK"
HTTP Request: GET https://translate.googleapis.com/translate_a/single?client=gtx&sl=auto&tl=de&dt=t&q=But+there+are%0Aa+lot+of+things+about+birds+that+still+look+like+a+dinosaur. "HTTP/1.1 200 OK"
HTTP Request: GET https://translate.googleapis.com/translate_a/single?client=gtx&sl=auto&tl=de&dt=t&q=Similarly%2C+by+having+a+Schengen+visa%2C+you+do+not+need+to+apply+for+visas+to+each+of+the+Schengen+member+countries+separately%2C "HTTP/1.1 200 OK"
HTTP Request: GET https://translate.googleapis.com/translate_a/single?client=gtx&sl=auto&tl=de&dt=t&q=He+referred+to "HTTP/1.1 200 OK"
HTTP Request: GET https://translate.googleapis.com/translate_a/single?client=gtx&sl=auto&tl=de&dt=t&q=Similarly%2C+by+having+a+Schengen+visa%2C+you+do+not+need+to+apply+for+visas+to+each+of+the+Schengen+member+countries+separately%2C%0Ahence+saving+time%2C+money+and+paperwork. "HTTP/1.1 200 OK"
HTTP Request: GET https://translate.googleapis.com/translate_a/single?client=gtx&sl=auto&tl=de&dt=t&q=Most+of+the "HTTP/1.1 200 OK"
HTTP Request: GET https://translate.googleapis.com/translate_a/single?client=gtx&sl=auto&tl=de&dt=t&q=As+a+result%2C%0Atwo+fish+species+have+become+extinct%2C+and+two+others+have+become+endangered%2C+including+the+humpback+chub. "HTTP/1.1 200 OK"
HTTP Request: GET https://translate.googleapis.com/translate_a/single?client=gtx&sl=auto&tl=de&dt=t&q=Most+of+the%0Asmaller+islands+are+independent+nations%2C+or+associated+with+France%2C+and+known+as+luxury+beach+resorts. "HTTP/1.1 200 OK"
HTTP Request: GET https://translate.googleapis.com/translate_a/single?client=gtx&sl=auto&tl=de&dt=t&q=We+agree+with+the+USOC%27s+statement+that+the+interests "HTTP/1.1 200 OK"
HTTP Request: GET https://translate.googleapis.com/translate_a/single?client=gtx&sl=auto&tl=de&dt=t&q=He+referred+to%0Athe+rumors+as+%22political+chatter+and+silliness%22. "HTTP/1.1 200 OK"
HTTP Request: GET https://translate.googleapis.com/translate_a/single?client=gtx&sl=auto&tl=de&dt=t&q=Sleep+interruption+is+the+process+of+purposefully "HTTP/1.1 200 OK"
HTTP Request: GET https://translate.googleapis.com/translate_a/single?client=gtx&sl=auto&tl=de&dt=t&q=The+802.11n+standard+operates+on+both+the+2.4Ghz "HTTP/1.1 200 OK"
HTTP Request: GET https://translate.googleapis.com/translate_a/single?client=gtx&sl=auto&tl=de&dt=t&q=Sleep+interruption+is+the+process+of+purposefully%0Aawakening+during+your+normal+sleep+period+and+falling+asleep+a+short+time+later+%2810%E2%80%9360+minutes%29. "HTTP/1.1 200 OK"
HTTP Request: GET https://translate.googleapis.com/translate_a/single?client=gtx&sl=auto&tl=de&dt=t&q=While+Goma+is+reasonably+safe%2C+any+visits+outside+of+Goma+should "HTTP/1.1 200 OK"
HTTP Request: GET https://translate.googleapis.com/translate_a/single?client=gtx&sl=auto&tl=de&dt=t&q=The+802.11n+standard+operates+on+both+the+2.4Ghz%0Aand+5.0Ghz+frequencies. "HTTP/1.1 200 OK"
HTTP Request: GET https://translate.googleapis.com/translate_a/single?client=gtx&sl=auto&tl=de&dt=t&q=While+Goma+is+reasonably+safe%2C+any+visits+outside+of+Goma+should%0Abe+researched+to+understand+the+state+of+the+fighting+that+persists+in+the+North+Kivu+province. "HTTP/1.1 200 OK"
HTTP Request: GET https://translate.googleapis.com/translate_a/single?client=gtx&sl=auto&tl=de&dt=t&q=Ancient+China+had+a+unique+way+of+showing+different+time+periods%3B+each+stage+of+China "HTTP/1.1 200 OK"
HTTP Request: GET https://translate.googleapis.com/translate_a/single?client=gtx&sl=auto&tl=de&dt=t&q=Ancient+China+had+a+unique+way+of+showing+different+time+periods%3B+each+stage+of+China%0Aor+each+family+that+was+in+power+was+a+distinctive+dynasty. "HTTP/1.1 200 OK"
HTTP Request: GET https://translate.googleapis.com/translate_a/single?client=gtx&sl=auto&tl=de&dt=t&q=At+the+other+end+of+the+spectrum%2C+one+morphs%0Ainto+an+unrecognizable+individual+that+feels+he+or+she%0Amust+change+everything+the+team+has+been+doing+and+make+it+their+own. "HTTP/1.1 200 OK"
HTTP Request: GET https://translate.googleapis.com/translate_a/single?client=gtx&sl=auto&tl=de&dt=t&q=The+Northern+Marianas "HTTP/1.1 200 OK"
HTTP Request: GET https://translate.googleapis.com/translate_a/single?client=gtx&sl=auto&tl=de&dt=t&q=We+agree+with+the+USOC%27s+statement+that+the+interests%0Aof+our+athletes+and+clubs%2C+and+their+sport%2C+may+be+better+served+by+moving+forward "HTTP/1.1 200 OK"
HTTP Request: GET https://translate.googleapis.com/translate_a/single?client=gtx&sl=auto&tl=de&dt=t&q=The+central+authority+of%0Athe+church+had+been+in+Rome+for+over+a+thousand+years+and+this+concentration+of+power+and+money+led+many+to+question+whether+this+tenet "HTTP/1.1 200 OK"
HTTP Request: GET https://translate.googleapis.com/translate_a/single?client=gtx&sl=auto&tl=de&dt=t&q=Giancarlo+Fisichella+lost+control+of+his+car+and+ended+the "HTTP/1.1 200 OK"
HTTP Request: GET https://translate.googleapis.com/translate_a/single?client=gtx&sl=auto&tl=de&dt=t&q=We+agree+with+the+USOC%27s+statement+that+the+interests%0Aof+our+athletes+and+clubs%2C+and+their+sport%2C+may+be+better+served+by+moving+forward%0Awith+meaningful+change+within+our+organization%2C+rather+than+decertification. "HTTP/1.1 200 OK"
HTTP Request: GET https://translate.googleapis.com/translate_a/single?client=gtx&sl=auto&tl=de&dt=t&q=The+central+authority+of%0Athe+church+had+been+in+Rome+for+over+a+thousand+years+and+this+concentration+of+power+and+money+led+many+to+question+whether+this+tenet%0Awas+being+met. "HTTP/1.1 200 OK"
HTTP Request: GET https://translate.googleapis.com/translate_a/single?client=gtx&sl=auto&tl=de&dt=t&q=The+U.S.+Corps%0Aof+Engineers+estimated+that+6+inches+of+rainfall+could+breach+the+previously+damaged+levees. "HTTP/1.1 200 OK"
HTTP Request: GET https://translate.googleapis.com/translate_a/single?client=gtx&sl=auto&tl=de&dt=t&q=The+Giza+Plateau%2C+or+%22Giza+Necropolis%22+in+the+Egyptian+Valley+of+the+Dead+contains+several "HTTP/1.1 200 OK"
HTTP Request: GET https://translate.googleapis.com/translate_a/single?client=gtx&sl=auto&tl=de&dt=t&q=The+Giza+Plateau%2C+or+%22Giza+Necropolis%22+in+the+Egyptian+Valley+of+the+Dead+contains+several%0Apyramids+%28of+which+the+great+pyramid+is+the+largest%29%2C+several+small+tombs%2C "HTTP/1.1 200 OK"
HTTP Request: GET https://translate.googleapis.com/translate_a/single?client=gtx&sl=auto&tl=de&dt=t&q=The+Northern+Marianas%0Aemergency+management+office+said+that+there+were+no+damages+reported+in+the+nation. "HTTP/1.1 200 OK"
HTTP Request: GET https://translate.googleapis.com/translate_a/single?client=gtx&sl=auto&tl=de&dt=t&q=Cuomo%2C+53%2C+began+his+governorship+earlier%0Athis+year+and+signed+a+bill+last+month+legalizing+same-sex+marriage. "HTTP/1.1 200 OK"
HTTP Request: GET https://translate.googleapis.com/translate_a/single?client=gtx&sl=auto&tl=de&dt=t&q=The+Giza+Plateau%2C+or+%22Giza+Necropolis%22+in+the+Egyptian+Valley+of+the+Dead+contains+several%0Apyramids+%28of+which+the+great+pyramid+is+the+largest%29%2C+several+small+tombs%2C%0Aseveral+temples%2C+and+the+great+Sphinx. "HTTP/1.1 200 OK"
HTTP Request: GET https://translate.googleapis.com/translate_a/single?client=gtx&sl=auto&tl=de&dt=t&q=Giancarlo+Fisichella+lost+control+of+his+car+and+ended+the%0Arace+very+soon+after+the+start. "HTTP/1.1 200 OK"
HTTP Request: GET https://translate.googleapis.com/translate_a/single?client=gtx&sl=auto&tl=de&dt=t&q=Researchers+from+Princeton+University+in+the+United+States%0Aand+Uppsala+University+in+Sweden+reported+the+new+species+evolved+in+just+two+generations%2C+though+this+process+had+been+believed+to+take+much+longer%2C+due+to+breeding "HTTP/1.1 200 OK"
HTTP Request: GET https://translate.googleapis.com/translate_a/single?client=gtx&sl=auto&tl=de&dt=t&q=Oliver+Sacks%2C+in+his+paper+The+President%27s+Speech%2C+indicated+how+people+who+are+unable+to+understand+speech+because+of+brain+damage+are+nevertheless+able "HTTP/1.1 200 OK"
HTTP Request: GET https://translate.googleapis.com/translate_a/single?client=gtx&sl=auto&tl=de&dt=t&q=Oliver+Sacks%2C+in+his+paper+The+President%27s+Speech%2C+indicated+how+people+who+are+unable+to+understand+speech+because+of+brain+damage+are+nevertheless+able%0Ato+assess+sincerity+accurately. "HTTP/1.1 200 OK"
HTTP Request: GET https://translate.googleapis.com/translate_a/single?client=gtx&sl=auto&tl=de&dt=t&q=Other+subjects+on+the+agenda+in+Bali+include+saving+the+world%27s "HTTP/1.1 200 OK"
HTTP Request: GET https://translate.googleapis.com/translate_a/single?client=gtx&sl=auto&tl=de&dt=t&q=Other+subjects+on+the+agenda+in+Bali+include+saving+the+world%27s%0Aremaining+forests%2C+and+sharing+technologies+to+help+developing+nations+grow+in+less-polluting+ways. "HTTP/1.1 200 OK"
HTTP Request: GET https://translate.googleapis.com/translate_a/single?client=gtx&sl=auto&tl=de&dt=t&q=Researchers+from+Princeton+University+in+the+United+States%0Aand+Uppsala+University+in+Sweden+reported+the+new+species+evolved+in+just+two+generations%2C+though+this+process+had+been+believed+to+take+much+longer%2C+due+to+breeding%0Abetween+an+endemic+Darwin+finch%2C+Geospiza+fortes%2C+and+the+immigrant "HTTP/1.1 200 OK"
HTTP Request: GET https://translate.googleapis.com/translate_a/single?client=gtx&sl=auto&tl=de&dt=t&q=The+harbor+was+the+site+of+an+infamous+naval+standoff+in+1889+when+seven+ships+from+Germany%2C+the "HTTP/1.1 200 OK"
HTTP Request: GET https://translate.googleapis.com/translate_a/single?client=gtx&sl=auto&tl=de&dt=t&q=In+1990%2C+it+was+added+to+the+list+of+world+heritage+sites+in+danger%2C+due "HTTP/1.1 200 OK"
HTTP Request: GET https://translate.googleapis.com/translate_a/single?client=gtx&sl=auto&tl=de&dt=t&q=Researchers+from+Princeton+University+in+the+United+States%0Aand+Uppsala+University+in+Sweden+reported+the+new+species+evolved+in+just+two+generations%2C+though+this+process+had+been+believed+to+take+much+longer%2C+due+to+breeding%0Abetween+an+endemic+Darwin+finch%2C+Geospiza+fortes%2C+and+the+immigrant%0Acactus+finch%2C+Geospiza+conirostris. "HTTP/1.1 200 OK"
HTTP Request: GET https://translate.googleapis.com/translate_a/single?client=gtx&sl=auto&tl=de&dt=t&q=Lakkha+Singh+presented+the+chhappan+bhog%0Abhajan+as+well.+Singer%2C+Raju+Khandelwal+was+accompanying+him. "HTTP/1.1 200 OK"
HTTP Request: GET https://translate.googleapis.com/translate_a/single?client=gtx&sl=auto&tl=de&dt=t&q=You+can+use+boda-boda+%28motorcycle+taxi%29+to+get+around+Goma.+The+normal+%28local%29 "HTTP/1.1 200 OK"
HTTP Request: GET https://translate.googleapis.com/translate_a/single?client=gtx&sl=auto&tl=de&dt=t&q=You+can+use+boda-boda+%28motorcycle+taxi%29+to+get+around+Goma.+The+normal+%28local%29%0Aprice+is+~500+Congolese+Francs+for+the+short+ride. "HTTP/1.1 200 OK"
HTTP Request: GET https://translate.googleapis.com/translate_a/single?client=gtx&sl=auto&tl=de&dt=t&q=According+to+Japan%27s+nuclear+agency%2C+radioactive+caesium+and+iodine "HTTP/1.1 200 OK"
HTTP Request: GET https://translate.googleapis.com/translate_a/single?client=gtx&sl=auto&tl=de&dt=t&q=According+to+Japan%27s+nuclear+agency%2C+radioactive+caesium+and+iodine%0Ahas+been+identified+at+the+plant. "HTTP/1.1 200 OK"
HTTP Request: GET https://translate.googleapis.com/translate_a/single?client=gtx&sl=auto&tl=de&dt=t&q=Large+areas+further+north%0Aare+quite+sparsely+populated+and+some+is+nearly+uninhabited+wilderness. "HTTP/1.1 200 OK"
HTTP Request: GET https://translate.googleapis.com/translate_a/single?client=gtx&sl=auto&tl=de&dt=t&q=Needless+to+say%2C%0Aif+you+know+a+Romance+language%2C+it+will+be+easier+for+you+to+learn+Portuguese. "HTTP/1.1 200 OK"
HTTP Request: GET https://translate.googleapis.com/translate_a/single?client=gtx&sl=auto&tl=de&dt=t&q=These+couples+may "HTTP/1.1 200 OK"
HTTP Request: GET https://translate.googleapis.com/translate_a/single?client=gtx&sl=auto&tl=de&dt=t&q=These+couples+may%0Achoose+to+make+an+adoption+plan+for+their+baby. "HTTP/1.1 200 OK"
HTTP Request: GET https://translate.googleapis.com/translate_a/single?client=gtx&sl=auto&tl=de&dt=t&q=Goats+seem+to+have+been+first+domesticated+roughly+10%2C000+years+ago+in+the+Zagros "HTTP/1.1 200 OK"
HTTP Request: GET https://translate.googleapis.com/translate_a/single?client=gtx&sl=auto&tl=de&dt=t&q=Goats+seem+to+have+been+first+domesticated+roughly+10%2C000+years+ago+in+the+Zagros%0AMountains+of+Iran. "HTTP/1.1 200 OK"
HTTP Request: GET https://translate.googleapis.com/translate_a/single?client=gtx&sl=auto&tl=de&dt=t&q=In+1990%2C+it+was+added+to+the+list+of+world+heritage+sites+in+danger%2C+due%0Ato+the+threat+of+desert+sands. "HTTP/1.1 200 OK"
HTTP Request: GET https://translate.googleapis.com/translate_a/single?client=gtx&sl=auto&tl=de&dt=t&q=The+harbor+was+the+site+of+an+infamous+naval+standoff+in+1889+when+seven+ships+from+Germany%2C+the%0AUS%2C+and+Britain+refused+to+leave+the+harbor. "HTTP/1.1 200 OK"
HTTP Request: GET https://translate.googleapis.com/translate_a/single?client=gtx&sl=auto&tl=de&dt=t&q=A+curry+is+a+dish+based+on+herbs+and+spices%2C+together+with+either "HTTP/1.1 200 OK"
HTTP Request: GET https://translate.googleapis.com/translate_a/single?client=gtx&sl=auto&tl=de&dt=t&q=In+fact%2C+it+is+not+easy+to+find+at+all "HTTP/1.1 200 OK"
HTTP Request: GET https://translate.googleapis.com/translate_a/single?client=gtx&sl=auto&tl=de&dt=t&q=Beyond+Wednesday%27s+event%2C+Carpanedo+competed+in "HTTP/1.1 200 OK"
HTTP Request: GET https://translate.googleapis.com/translate_a/single?client=gtx&sl=auto&tl=de&dt=t&q=A+curry+is+a+dish+based+on+herbs+and+spices%2C+together+with+either%0Ameat+or+vegetables. "HTTP/1.1 200 OK"
HTTP Request: GET https://translate.googleapis.com/translate_a/single?client=gtx&sl=auto&tl=de&dt=t&q=In+fact%2C+it+is+not+easy+to+find+at+all%0Aeven+if+one+knew+it+existed.+Once+inside+the+cave%2C+it+is+a+total+isolation. "HTTP/1.1 200 OK"
HTTP Request: GET https://translate.googleapis.com/translate_a/single?client=gtx&sl=auto&tl=de&dt=t&q=Beyond+Wednesday%27s+event%2C+Carpanedo+competed+in%0Atwo+individual+races+at+the+Championships. "HTTP/1.1 200 OK"
HTTP Request: GET https://translate.googleapis.com/translate_a/single?client=gtx&sl=auto&tl=de&dt=t&q=Resting+on+the+top+of+one+of+the+mountains+north+of+Mecca%2C+the+cave+is "HTTP/1.1 200 OK"
HTTP Request: GET https://translate.googleapis.com/translate_a/single?client=gtx&sl=auto&tl=de&dt=t&q=Television+reports+show "HTTP/1.1 200 OK"
HTTP Request: GET https://translate.googleapis.com/translate_a/single?client=gtx&sl=auto&tl=de&dt=t&q=The+cabbage+juice+changes+color+depending+on+how+acidic "HTTP/1.1 200 OK"
HTTP Request: GET https://translate.googleapis.com/translate_a/single?client=gtx&sl=auto&tl=de&dt=t&q=Resting+on+the+top+of+one+of+the+mountains+north+of+Mecca%2C+the+cave+is%0Acompletely+isolated+from+the+rest+of+the+world. "HTTP/1.1 200 OK"
HTTP Request: GET https://translate.googleapis.com/translate_a/single?client=gtx&sl=auto&tl=de&dt=t&q=Television+reports+show%0Awhite+smoke+coming+from+the+plant. "HTTP/1.1 200 OK"
HTTP Request: GET https://translate.googleapis.com/translate_a/single?client=gtx&sl=auto&tl=de&dt=t&q=The+cabbage+juice+changes+color+depending+on+how+acidic%0Aor+basic+%28alkaline%29+the+chemical+is. "HTTP/1.1 200 OK"
HTTP Request: GET https://translate.googleapis.com/translate_a/single?client=gtx&sl=auto&tl=de&dt=t&q=Barcelona%27s+official+languages%0Aare+Catalan+and+Spanish.+About+a+half+prefer+to+speak+Catalan%2C+a+vast+majority+understands+it%2C+and+virtually+everyone+knows+Spanish. "HTTP/1.1 200 OK"
HTTP Request: GET https://translate.googleapis.com/translate_a/single?client=gtx&sl=auto&tl=de&dt=t&q=Women%3A+It+is+recommended+that+any+women+travellers+say+that+they+are+married%2C+regardless+of "HTTP/1.1 200 OK"
HTTP Request: GET https://translate.googleapis.com/translate_a/single?client=gtx&sl=auto&tl=de&dt=t&q=Professor+Pamela+Ferguson+of+the+University "HTTP/1.1 200 OK"
HTTP Request: GET https://translate.googleapis.com/translate_a/single?client=gtx&sl=auto&tl=de&dt=t&q=Women%3A+It+is+recommended+that+any+women+travellers+say+that+they+are+married%2C+regardless+of%0Aactual+marital+status. "HTTP/1.1 200 OK"
HTTP Request: GET https://translate.googleapis.com/translate_a/single?client=gtx&sl=auto&tl=de&dt=t&q=Vatican+City%27s+population%0Ais+around+800.+It+is+the+smallest+independent+country+in+the+world+and+the+country+with+the+lowest+population. "HTTP/1.1 200 OK"
HTTP Request: GET https://translate.googleapis.com/translate_a/single?client=gtx&sl=auto&tl=de&dt=t&q=If+you+have+watched+the+movie+National+Treasure%2C+you+may+think+a+treasure+map+was+written+on+the+back+of "HTTP/1.1 200 OK"
HTTP Request: GET https://translate.googleapis.com/translate_a/single?client=gtx&sl=auto&tl=de&dt=t&q=If+you+have+watched+the+movie+National+Treasure%2C+you+may+think+a+treasure+map+was+written+on+the+back+of%0Athe+Declaration+of+Independence. "HTTP/1.1 200 OK"
HTTP Request: GET https://translate.googleapis.com/translate_a/single?client=gtx&sl=auto&tl=de&dt=t&q=The+composition+of+these%0Acrystals+matches+those+found+in+the+urine+of+affected+pets+when+compared+by+infrared+spectroscopy+%28FTIR%29. "HTTP/1.1 200 OK"
HTTP Request: GET https://translate.googleapis.com/translate_a/single?client=gtx&sl=auto&tl=de&dt=t&q=The+aspect+ratio+of+this+format+%28dividing+by+twelve+to+obtain+the+simplest+whole-number+ratio%29+is+therefore+said "HTTP/1.1 200 OK"
HTTP Request: GET https://translate.googleapis.com/translate_a/single?client=gtx&sl=auto&tl=de&dt=t&q=The+aspect+ratio+of+this+format+%28dividing+by+twelve+to+obtain+the+simplest+whole-number+ratio%29+is+therefore+said%0Ato+be+3%3A2. "HTTP/1.1 200 OK"
HTTP Request: GET https://translate.googleapis.com/translate_a/single?client=gtx&sl=auto&tl=de&dt=t&q=Professor+Pamela+Ferguson+of+the+University%0Aof+Dundee+notes+%22journalists+do+seem+to+be+walking+a+dangerous+line+if+publishing+photos+etc+of+suspects.%22 "HTTP/1.1 200 OK"
HTTP Request: GET https://translate.googleapis.com/translate_a/single?client=gtx&sl=auto&tl=de&dt=t&q=Scaffolding+is+not+a+method+of+learning%0Abut+rather+an+aid+that+provides+support+to+individuals+whom+are+undergoing+a+new+learning+experience+such+as+using+a+new+computer "HTTP/1.1 200 OK"
HTTP Request: GET https://translate.googleapis.com/translate_a/single?client=gtx&sl=auto&tl=de&dt=t&q=The+job+of+navies+has+traditionally+been+to+ensure+that+your+country+maintains+the+ability+to+move+your%0Apeople+and+goods%2C+while+at+the+same+time%2C "HTTP/1.1 200 OK"
HTTP Request: GET https://translate.googleapis.com/translate_a/single?client=gtx&sl=auto&tl=de&dt=t&q=The+job+of+navies+has+traditionally+been+to+ensure+that+your+country+maintains+the+ability+to+move+your%0Apeople+and+goods%2C+while+at+the+same+time%2C%0Ainterfering+with+your+enemy%27s+ability+to+move+his+people+and+goods. "HTTP/1.1 200 OK"
HTTP Request: GET https://translate.googleapis.com/translate_a/single?client=gtx&sl=auto&tl=de&dt=t&q=Scaffolding+is+not+a+method+of+learning%0Abut+rather+an+aid+that+provides+support+to+individuals+whom+are+undergoing+a+new+learning+experience+such+as+using+a+new+computer%0Aprogram+or+beginning+a+new+project. "HTTP/1.1 200 OK"
HTTP Request: GET https://translate.googleapis.com/translate_a/single?client=gtx&sl=auto&tl=de&dt=t&q=Regular+announcements+in+the+Metro%0Aare+made+only+in+Catalan%2C%0Abut+unplanned+disruptions+are+announced+by+an+automated+system+in+a+wide+variety+of+languages+including+Spanish%2C+English%2C+French%2C+Arabic+and+Japanese. "HTTP/1.1 200 OK"
HTTP Request: GET https://translate.googleapis.com/translate_a/single?client=gtx&sl=auto&tl=de&dt=t&q=People+have+known+about+basic+chemical+elements+such+as+gold%2C+silver%2C+and+copper+from+antiquity%2C+as+these+can+all+be+discovered+in+nature+in "HTTP/1.1 200 OK"
HTTP Request: GET https://translate.googleapis.com/translate_a/single?client=gtx&sl=auto&tl=de&dt=t&q=People+have+known+about+basic+chemical+elements+such+as+gold%2C+silver%2C+and+copper+from+antiquity%2C+as+these+can+all+be+discovered+in+nature+in%0Anative+form+and "HTTP/1.1 200 OK"
HTTP Request: GET https://translate.googleapis.com/translate_a/single?client=gtx&sl=auto&tl=de&dt=t&q=People+have+known+about+basic+chemical+elements+such+as+gold%2C+silver%2C+and+copper+from+antiquity%2C+as+these+can+all+be+discovered+in+nature+in%0Anative+form+and%0Aare+relatively+simple+to+mine+with+primitive+tools. "HTTP/1.1 200 OK"
HTTP Request: GET https://translate.googleapis.com/translate_a/single?client=gtx&sl=auto&tl=de&dt=t&q=Six+hostages%2C+including+the+children+and%0Aelderly%2C+were+released+early%2C+as+were+the+Filipino+photographers. "HTTP/1.1 200 OK"
HTTP Request: GET https://translate.googleapis.com/translate_a/single?client=gtx&sl=auto&tl=de&dt=t&q=The+pyramid+sound+and+light+show+is+one+of+the+most+interesting+things+in+the "HTTP/1.1 500 Internal Server Error"
HTTP Request: GET https://translate.googleapis.com/translate_a/single?client=gtx&sl=auto&tl=de&dt=t&q=Due+to+the+underwater+topology+the+return+flow+is+concentrated+at+a "HTTP/1.1 200 OK"
HTTP Request: GET https://translate.googleapis.com/translate_a/single?client=gtx&sl=auto&tl=de&dt=t&q=USA+Gymnastics+and+the+USOC+have%0Athe+same+goal+%E2%80%94+making+the+sport+of+gymnastics%2C+and+others%2C+as+safe+as+possible "HTTP/1.1 200 OK"
HTTP Request: GET https://translate.googleapis.com/translate_a/single?client=gtx&sl=auto&tl=de&dt=t&q=USA+Gymnastics+and+the+USOC+have%0Athe+same+goal+%E2%80%94+making+the+sport+of+gymnastics%2C+and+others%2C+as+safe+as+possible%0Afor+athletes+to+follow+their+dreams+in+a+safe%2C+positive+and+empowered+environment. "HTTP/1.1 200 OK"
HTTP Request: GET https://translate.googleapis.com/translate_a/single?client=gtx&sl=auto&tl=de&dt=t&q=Greenland+was+settled+sparsely.%0AIn+the+Norse+sagas+they+say+that+Erik+the+Red "HTTP/1.1 200 OK"
HTTP Request: GET https://translate.googleapis.com/translate_a/single?client=gtx&sl=auto&tl=de&dt=t&q=Greenland+was+settled+sparsely.%0AIn+the+Norse+sagas+they+say+that+Erik+the+Red%0Awas+exiled+from+Iceland+for+murder%2C+and+when+travelling+further+west%2C+found+Greenland+and+named+it+Greenland. "HTTP/1.1 200 OK"
HTTP Request: GET https://translate.googleapis.com/translate_a/single?client=gtx&sl=auto&tl=de&dt=t&q=Due+to+the+underwater+topology+the+return+flow+is+concentrated+at+a%0Afew+deeper+sections%2C+and+a+fast+current+to+deep+water+may+form+there. "HTTP/1.1 200 OK"
HTTP Request: GET https://translate.googleapis.com/translate_a/single?client=gtx&sl=auto&tl=de&dt=t&q=First+among+its+78+recommendations+is+that+a+new+diplomatic+initiative+should+be+taken+before+the+end "HTTP/1.1 200 OK"
HTTP Request: GET https://translate.googleapis.com/translate_a/single?client=gtx&sl=auto&tl=de&dt=t&q=The+pyramid+sound+and+light+show+is+one+of+the+most+interesting+things+in+the "HTTP/1.1 200 OK"
HTTP Request: GET https://translate.googleapis.com/translate_a/single?client=gtx&sl=auto&tl=de&dt=t&q=First+among+its+78+recommendations+is+that+a+new+diplomatic+initiative+should+be+taken+before+the+end%0Aof+this+year+to+secure+Iraq%E2%80%99s+borders+against+hostile "HTTP/1.1 200 OK"
HTTP Request: GET https://translate.googleapis.com/translate_a/single?client=gtx&sl=auto&tl=de&dt=t&q=First+among+its+78+recommendations+is+that+a+new+diplomatic+initiative+should+be+taken+before+the+end%0Aof+this+year+to+secure+Iraq%E2%80%99s+borders+against+hostile%0Ainterventions+and+to+re-establish+diplomatic+relations+with+its+neighbors. "HTTP/1.1 200 OK"
HTTP Request: GET https://translate.googleapis.com/translate_a/single?client=gtx&sl=auto&tl=de&dt=t&q=The+pyramid+sound+and+light+show+is+one+of+the+most+interesting+things+in+the%0Aarea+for+kids. "HTTP/1.1 200 OK"
HTTP Request: GET https://translate.googleapis.com/translate_a/single?client=gtx&sl=auto&tl=de&dt=t&q=All+nouns%2C+alongside+the+word+Sie+for+you%2C+always+begin+with+a+capital+letter%2C+even+in+the "HTTP/1.1 200 OK"
HTTP Request: GET https://translate.googleapis.com/translate_a/single?client=gtx&sl=auto&tl=de&dt=t&q=All+nouns%2C+alongside+the+word+Sie+for+you%2C+always+begin+with+a+capital+letter%2C+even+in+the%0Amiddle+of+a+sentence. "HTTP/1.1 200 OK"
/home/mobility/STiTy/.venv-autoseg/lib/python3.10/site-packages/pytorch_lightning/utilities/_pytree.py:21: `isinstance(treespec, LeafSpec)` is deprecated, use `isinstance(treespec, TreeSpec) and treespec.is_leaf()` instead.
You seem to be using the pipelines sequentially on GPU. In order to maximize efficiency please use a dataset
[tgt_de / test] n=100 타깃=German adequacy=cometkiwi 번역기=google:de:ctx=True
  포맷 통과율 0.9300 (재시도 없이 0.5700), 위반 7건
  T=4   laal   3.10  effective 0.6881  adequacy 0.7493  contradiction 0.0813  consistency 0.8565  k 5.39  부족경계 0.00
  T=6   laal   4.29  effective 0.7257  adequacy 0.7956  contradiction 0.0877  consistency 0.8292  k 3.70  부족경계 0.00
  T=8   laal   5.27  effective 0.7688  adequacy 0.8203  contradiction 0.0631  consistency 0.8238  k 2.81  부족경계 0.00
  T=12  laal   6.39  effective 0.7799  adequacy 0.8334  contradiction 0.0650  consistency 0.8489  k 2.14  부족경계 0.00
  score 0.7406  비용 0.0000
